This file contains any messages produced by compilers while
running configure, to aid debugging if configure makes a mistake.

It was created by libxcb configure 1.17.0, which was
generated by GNU Autoconf 2.71.  Invocation command line was

  $ ./configure --host=aarch64-linux-android35 --prefix=/usr --disable-static --enable-shared --disable-malloc0returnsnull --disable-dependency-tracking

## --------- ##
## Platform. ##
## --------- ##

hostname = 3c622a1b0904
uname -m = x86_64
uname -r = 6.6.87.2-microsoft-standard-WSL2
uname -s = Linux
uname -v = #1 SMP PREEMPT_DYNAMIC Thu Jun  5 18:30:46 UTC 2025

/usr/bin/uname -p = x86_64
/bin/uname -X     = unknown

/bin/arch              = x86_64
/usr/bin/arch -k       = unknown
/usr/convex/getsysinfo = unknown
/usr/bin/hostinfo      = unknown
/bin/machine           = unknown
/usr/bin/oslevel       = unknown
/bin/universe          = unknown

PATH: /opt/llvm-mingw/bin/
PATH: /usr/local/sbin/
PATH: /usr/local/bin/
PATH: /usr/sbin/
PATH: /usr/bin/
PATH: /sbin/
PATH: /bin/


## ----------- ##
## Core tests. ##
## ----------- ##

configure:2710: looking for aux files: config.guess config.sub ltmain.sh compile missing install-sh
configure:2723:  trying ./build-aux/
configure:2752:   ./build-aux/config.guess found
configure:2752:   ./build-aux/config.sub found
configure:2752:   ./build-aux/ltmain.sh found
configure:2752:   ./build-aux/compile found
configure:2752:   ./build-aux/missing found
configure:2734:   ./build-aux/install-sh found
configure:2888: checking for a BSD-compatible install
configure:2961: result: /usr/bin/install -c
configure:2972: checking whether build environment is sane
configure:3027: result: yes
configure:3083: checking for aarch64-linux-android35-strip
configure:3115: result: /opt/android-ndk/toolchains/llvm/prebuilt/linux-x86_64/bin/llvm-strip
configure:3186: checking for a race-free mkdir -p
configure:3230: result: /usr/bin/mkdir -p
configure:3237: checking for gawk
configure:3272: result: no
configure:3237: checking for mawk
configure:3258: found /usr/bin/mawk
configure:3269: result: mawk
configure:3280: checking whether make sets $(MAKE)
configure:3303: result: yes
configure:3333: checking whether make supports nested variables
configure:3351: result: yes
configure:3523: checking for a Python interpreter with version >= 3.0
configure:3541: python -c import sys # split strings by '.' and convert to numeric. Append some zeros # because we need at least 4 digits for the hex conversion. # map returns an iterator in Python 3.0 and a list in 2.x minver = list(map(int, '3.0'.split('.'))) + [0, 0, 0] minverhex = 0 # xrange is not present in Python 3.0 and range returns an iterator for i in list(range(0, 4)): minverhex = (minverhex << 8) + minver[i] sys.exit(sys.hexversion < minverhex)
./configure: line 3542: python: command not found
configure:3544: $? = 127
configure:3541: python2 -c import sys # split strings by '.' and convert to numeric. Append some zeros # because we need at least 4 digits for the hex conversion. # map returns an iterator in Python 3.0 and a list in 2.x minver = list(map(int, '3.0'.split('.'))) + [0, 0, 0] minverhex = 0 # xrange is not present in Python 3.0 and range returns an iterator for i in list(range(0, 4)): minverhex = (minverhex << 8) + minver[i] sys.exit(sys.hexversion < minverhex)
./configure: line 3542: python2: command not found
configure:3544: $? = 127
configure:3541: python3 -c import sys # split strings by '.' and convert to numeric. Append some zeros # because we need at least 4 digits for the hex conversion. # map returns an iterator in Python 3.0 and a list in 2.x minver = list(map(int, '3.0'.split('.'))) + [0, 0, 0] minverhex = 0 # xrange is not present in Python 3.0 and range returns an iterator for i in list(range(0, 4)): minverhex = (minverhex << 8) + minver[i] sys.exit(sys.hexversion < minverhex)
configure:3544: $? = 0
configure:3551: result: python3
configure:3559: checking for python3
configure:3582: found /usr/bin/python3
configure:3594: result: /usr/bin/python3
configure:3611: checking for python3 version
configure:3619: result: 3.12
configure:3624: checking for python3 platform
configure:3632: result: linux
configure:3693: checking for GNU default python3 prefix
configure:3695: result: ${prefix}
configure:3761: checking for GNU default python3 exec_prefix
configure:3763: result: ${exec_prefix}
configure:3794: checking for python3 script directory (pythondir)
configure:3829: result: ${PYTHON_PREFIX}/local/lib/python3.12/dist-packages
configure:3837: checking for python3 extension module directory (pyexecdir)
configure:3872: result: ${PYTHON_EXEC_PREFIX}/local/lib/python3.12/dist-packages
configure:3900: checking whether make supports the include directive
configure:3915: make -f confmf.GNU && cat confinc.out
this is the am__doit target
configure:3918: $? = 0
configure:3937: result: yes (GNU style)
configure:3968: checking for aarch64-linux-android35-gcc
configure:4000: result: /opt/android-ndk/toolchains/llvm/prebuilt/linux-x86_64/bin/aarch64-linux-android35-clang
configure:4398: checking for C compiler version
configure:4407: /opt/android-ndk/toolchains/llvm/prebuilt/linux-x86_64/bin/aarch64-linux-android35-clang --version >&5
Android (13989888, +pgo, +bolt, +lto, +mlgo, based on r563880c) clang version 21.0.0 (https://android.googlesource.com/toolchain/llvm-project 5e96669f06077099aa41290cdb4c5e6fa0f59349)
Target: aarch64-unknown-linux-android35
Thread model: posix
InstalledDir: /opt/android-ndk/toolchains/llvm/prebuilt/linux-x86_64/bin
configure:4418: $? = 0
configure:4407: /opt/android-ndk/toolchains/llvm/prebuilt/linux-x86_64/bin/aarch64-linux-android35-clang -v >&5
Android (13989888, +pgo, +bolt, +lto, +mlgo, based on r563880c) clang version 21.0.0 (https://android.googlesource.com/toolchain/llvm-project 5e96669f06077099aa41290cdb4c5e6fa0f59349)
Target: aarch64-unknown-linux-android35
Thread model: posix
InstalledDir: /opt/android-ndk/toolchains/llvm/prebuilt/linux-x86_64/bin
configure:4418: $? = 0
configure:4407: /opt/android-ndk/toolchains/llvm/prebuilt/linux-x86_64/bin/aarch64-linux-android35-clang -V >&5
clang: error: argument to '-V' is missing (expected 1 value)
clang: error: no input files
configure:4418: $? = 1
configure:4407: /opt/android-ndk/toolchains/llvm/prebuilt/linux-x86_64/bin/aarch64-linux-android35-clang -qversion >&5
clang: error: unknown argument '-qversion'; did you mean '--version'?
clang: error: no input files
configure:4418: $? = 1
configure:4407: /opt/android-ndk/toolchains/llvm/prebuilt/linux-x86_64/bin/aarch64-linux-android35-clang -version >&5
clang: error: unknown argument '-version'; did you mean '--version'?
clang: error: no input files
configure:4418: $? = 1
configure:4438: checking whether the C compiler works
configure:4460: /opt/android-ndk/toolchains/llvm/prebuilt/linux-x86_64/bin/aarch64-linux-android35-clang -O2 -I/work/androidsysroot/usr/include -L/work/androidsysroot/usr/lib conftest.c  >&5
configure:4464: $? = 0
configure:4514: result: yes
configure:4517: checking for C compiler default output file name
configure:4519: result: a.out
configure:4525: checking for suffix of executables
configure:4532: /opt/android-ndk/toolchains/llvm/prebuilt/linux-x86_64/bin/aarch64-linux-android35-clang -o conftest -O2 -I/work/androidsysroot/usr/include -L/work/androidsysroot/usr/lib conftest.c  >&5
configure:4536: $? = 0
configure:4559: result: 
configure:4581: checking whether we are cross compiling
configure:4589: /opt/android-ndk/toolchains/llvm/prebuilt/linux-x86_64/bin/aarch64-linux-android35-clang -o conftest -O2 -I/work/androidsysroot/usr/include -L/work/androidsysroot/usr/lib conftest.c  >&5
configure:4593: $? = 0
configure:4600: ./conftest
qemu-aarch64: Could not open '/system/bin/linker64': No such file or directory
configure:4604: $? = 255
configure:4619: result: yes
configure:4624: checking for suffix of object files
configure:4647: /opt/android-ndk/toolchains/llvm/prebuilt/linux-x86_64/bin/aarch64-linux-android35-clang -c -O2 -I/work/androidsysroot/usr/include conftest.c >&5
configure:4651: $? = 0
configure:4673: result: o
configure:4677: checking whether the compiler supports GNU C
configure:4697: /opt/android-ndk/toolchains/llvm/prebuilt/linux-x86_64/bin/aarch64-linux-android35-clang -c -O2 -I/work/androidsysroot/usr/include conftest.c >&5
configure:4697: $? = 0
configure:4707: result: yes
configure:4718: checking whether /opt/android-ndk/toolchains/llvm/prebuilt/linux-x86_64/bin/aarch64-linux-android35-clang accepts -g
configure:4739: /opt/android-ndk/toolchains/llvm/prebuilt/linux-x86_64/bin/aarch64-linux-android35-clang -c -g -I/work/androidsysroot/usr/include conftest.c >&5
configure:4739: $? = 0
configure:4783: result: yes
configure:4803: checking for /opt/android-ndk/toolchains/llvm/prebuilt/linux-x86_64/bin/aarch64-linux-android35-clang option to enable C11 features
configure:4818: /opt/android-ndk/toolchains/llvm/prebuilt/linux-x86_64/bin/aarch64-linux-android35-clang  -c -O2 -I/work/androidsysroot/usr/include conftest.c >&5
configure:4818: $? = 0
configure:4836: result: none needed
configure:4952: checking whether /opt/android-ndk/toolchains/llvm/prebuilt/linux-x86_64/bin/aarch64-linux-android35-clang understands -c and -o together
configure:4975: /opt/android-ndk/toolchains/llvm/prebuilt/linux-x86_64/bin/aarch64-linux-android35-clang -c conftest.c -o conftest2.o
configure:4978: $? = 0
configure:4975: /opt/android-ndk/toolchains/llvm/prebuilt/linux-x86_64/bin/aarch64-linux-android35-clang -c conftest.c -o conftest2.o
configure:4978: $? = 0
configure:4990: result: yes
configure:5009: checking dependency style of /opt/android-ndk/toolchains/llvm/prebuilt/linux-x86_64/bin/aarch64-linux-android35-clang
configure:5121: result: none
configure:5141: checking for stdio.h
configure:5141: /opt/android-ndk/toolchains/llvm/prebuilt/linux-x86_64/bin/aarch64-linux-android35-clang -c -O2 -I/work/androidsysroot/usr/include conftest.c >&5
configure:5141: $? = 0
configure:5141: result: yes
configure:5141: checking for stdlib.h
configure:5141: /opt/android-ndk/toolchains/llvm/prebuilt/linux-x86_64/bin/aarch64-linux-android35-clang -c -O2 -I/work/androidsysroot/usr/include conftest.c >&5
configure:5141: $? = 0
configure:5141: result: yes
configure:5141: checking for string.h
configure:5141: /opt/android-ndk/toolchains/llvm/prebuilt/linux-x86_64/bin/aarch64-linux-android35-clang -c -O2 -I/work/androidsysroot/usr/include conftest.c >&5
configure:5141: $? = 0
configure:5141: result: yes
configure:5141: checking for inttypes.h
configure:5141: /opt/android-ndk/toolchains/llvm/prebuilt/linux-x86_64/bin/aarch64-linux-android35-clang -c -O2 -I/work/androidsysroot/usr/include conftest.c >&5
configure:5141: $? = 0
configure:5141: result: yes
configure:5141: checking for stdint.h
configure:5141: /opt/android-ndk/toolchains/llvm/prebuilt/linux-x86_64/bin/aarch64-linux-android35-clang -c -O2 -I/work/androidsysroot/usr/include conftest.c >&5
configure:5141: $? = 0
configure:5141: result: yes
configure:5141: checking for strings.h
configure:5141: /opt/android-ndk/toolchains/llvm/prebuilt/linux-x86_64/bin/aarch64-linux-android35-clang -c -O2 -I/work/androidsysroot/usr/include conftest.c >&5
configure:5141: $? = 0
configure:5141: result: yes
configure:5141: checking for sys/stat.h
configure:5141: /opt/android-ndk/toolchains/llvm/prebuilt/linux-x86_64/bin/aarch64-linux-android35-clang -c -O2 -I/work/androidsysroot/usr/include conftest.c >&5
configure:5141: $? = 0
configure:5141: result: yes
configure:5141: checking for sys/types.h
configure:5141: /opt/android-ndk/toolchains/llvm/prebuilt/linux-x86_64/bin/aarch64-linux-android35-clang -c -O2 -I/work/androidsysroot/usr/include conftest.c >&5
configure:5141: $? = 0
configure:5141: result: yes
configure:5141: checking for unistd.h
configure:5141: /opt/android-ndk/toolchains/llvm/prebuilt/linux-x86_64/bin/aarch64-linux-android35-clang -c -O2 -I/work/androidsysroot/usr/include conftest.c >&5
configure:5141: $? = 0
configure:5141: result: yes
configure:5141: checking for wchar.h
configure:5141: /opt/android-ndk/toolchains/llvm/prebuilt/linux-x86_64/bin/aarch64-linux-android35-clang -c -O2 -I/work/androidsysroot/usr/include conftest.c >&5
configure:5141: $? = 0
configure:5141: result: yes
configure:5141: checking for minix/config.h
configure:5141: /opt/android-ndk/toolchains/llvm/prebuilt/linux-x86_64/bin/aarch64-linux-android35-clang -c -O2 -I/work/androidsysroot/usr/include conftest.c >&5
conftest.c:49:10: fatal error: 'minix/config.h' file not found
   49 | #include <minix/config.h>
      |          ^~~~~~~~~~~~~~~~
1 error generated.
configure:5141: $? = 1
configure: failed program was:
| /* confdefs.h */
| #define PACKAGE_NAME "libxcb"
| #define PACKAGE_TARNAME "libxcb"
| #define PACKAGE_VERSION "1.17.0"
| #define PACKAGE_STRING "libxcb 1.17.0"
| #define PACKAGE_BUGREPORT "https://gitlab.freedesktop.org/xorg/lib/libxcb/-/issues"
| #define PACKAGE_URL ""
| #define PACKAGE "libxcb"
| #define VERSION "1.17.0"
| #define HAVE_STDIO_H 1
| #define HAVE_STDLIB_H 1
| #define HAVE_STRING_H 1
| #define HAVE_INTTYPES_H 1
| #define HAVE_STDINT_H 1
| #define HAVE_STRINGS_H 1
| #define HAVE_SYS_STAT_H 1
| #define HAVE_SYS_TYPES_H 1
| #define HAVE_UNISTD_H 1
| #define HAVE_WCHAR_H 1
| /* end confdefs.h.  */
| #include <stddef.h>
| #ifdef HAVE_STDIO_H
| # include <stdio.h>
| #endif
| #ifdef HAVE_STDLIB_H
| # include <stdlib.h>
| #endif
| #ifdef HAVE_STRING_H
| # include <string.h>
| #endif
| #ifdef HAVE_INTTYPES_H
| # include <inttypes.h>
| #endif
| #ifdef HAVE_STDINT_H
| # include <stdint.h>
| #endif
| #ifdef HAVE_STRINGS_H
| # include <strings.h>
| #endif
| #ifdef HAVE_SYS_TYPES_H
| # include <sys/types.h>
| #endif
| #ifdef HAVE_SYS_STAT_H
| # include <sys/stat.h>
| #endif
| #ifdef HAVE_UNISTD_H
| # include <unistd.h>
| #endif
| #include <minix/config.h>
configure:5141: result: no
configure:5172: checking whether it is safe to define __EXTENSIONS__
configure:5191: /opt/android-ndk/toolchains/llvm/prebuilt/linux-x86_64/bin/aarch64-linux-android35-clang -c -O2 -I/work/androidsysroot/usr/include conftest.c >&5
configure:5191: $? = 0
configure:5199: result: yes
configure:5202: checking whether _XOPEN_SOURCE should be defined
configure:5224: /opt/android-ndk/toolchains/llvm/prebuilt/linux-x86_64/bin/aarch64-linux-android35-clang -c -O2 -I/work/androidsysroot/usr/include conftest.c >&5
configure:5224: $? = 0
configure:5251: result: no
configure:5315: checking for special C compiler options needed for large files
configure:5363: result: no
configure:5369: checking for _FILE_OFFSET_BITS value needed for large files
configure:5395: /opt/android-ndk/toolchains/llvm/prebuilt/linux-x86_64/bin/aarch64-linux-android35-clang -c -O2 -I/work/androidsysroot/usr/include conftest.c >&5
configure:5395: $? = 0
configure:5429: result: no
configure:5546: checking build system type
configure:5561: result: x86_64-pc-linux-gnu
configure:5581: checking host system type
configure:5595: result: aarch64-unknown-linux-android35
configure:5636: checking how to print strings
configure:5663: result: printf
configure:5684: checking for a sed that does not truncate output
configure:5754: result: /usr/bin/sed
configure:5772: checking for grep that handles long lines and -e
configure:5836: result: /usr/bin/grep
configure:5841: checking for egrep
configure:5909: result: /usr/bin/grep -E
configure:5914: checking for fgrep
configure:5982: result: /usr/bin/grep -F
configure:6018: checking for ld used by /opt/android-ndk/toolchains/llvm/prebuilt/linux-x86_64/bin/aarch64-linux-android35-clang
configure:6086: result: /opt/android-ndk/toolchains/llvm/prebuilt/linux-x86_64/bin/ld
configure:6093: checking if the linker (/opt/android-ndk/toolchains/llvm/prebuilt/linux-x86_64/bin/ld) is GNU ld
configure:6109: result: yes
configure:6121: checking for BSD- or MS-compatible name lister (nm)
configure:6176: result: /opt/android-ndk/toolchains/llvm/prebuilt/linux-x86_64/bin/llvm-nm
configure:6316: checking the name lister (/opt/android-ndk/toolchains/llvm/prebuilt/linux-x86_64/bin/llvm-nm) interface
configure:6324: /opt/android-ndk/toolchains/llvm/prebuilt/linux-x86_64/bin/aarch64-linux-android35-clang -c -O2 -I/work/androidsysroot/usr/include conftest.c >&5
configure:6327: /opt/android-ndk/toolchains/llvm/prebuilt/linux-x86_64/bin/llvm-nm "conftest.o"
configure:6330: output
0000000000000000 B some_variable
configure:6337: result: BSD nm
configure:6340: checking whether ln -s works
configure:6344: result: yes
configure:6352: checking the maximum length of command line arguments
configure:6484: result: 1572864
configure:6532: checking how to convert x86_64-pc-linux-gnu file names to aarch64-unknown-linux-android35 format
configure:6573: result: func_convert_file_noop
configure:6580: checking how to convert x86_64-pc-linux-gnu file names to toolchain format
configure:6601: result: func_convert_file_noop
configure:6608: checking for /opt/android-ndk/toolchains/llvm/prebuilt/linux-x86_64/bin/ld option to reload object files
configure:6616: result: -r
configure:6650: checking for aarch64-linux-android35-file
configure:6685: result: no
configure:6695: checking for file
configure:6716: found /usr/bin/file
configure:6727: result: file
configure:6739: WARNING: using cross tools not prefixed with host triplet
configure:6758: checking for aarch64-linux-android35-objdump
configure:6790: result: /opt/android-ndk/toolchains/llvm/prebuilt/linux-x86_64/bin/llvm-objdump
configure:6864: checking how to recognize dependent libraries
configure:7065: result: pass_all
configure:7110: checking for aarch64-linux-android35-dlltool
configure:7145: result: no
configure:7155: checking for dlltool
configure:7190: result: no
configure:7217: checking how to associate runtime and link libraries
configure:7245: result: printf %s\n
configure:7261: checking for aarch64-linux-android35-ar
configure:7293: result: /opt/android-ndk/toolchains/llvm/prebuilt/linux-x86_64/bin/llvm-ar
configure:7395: checking for archiver @FILE support
configure:7413: /opt/android-ndk/toolchains/llvm/prebuilt/linux-x86_64/bin/aarch64-linux-android35-clang -c -O2 -I/work/androidsysroot/usr/include conftest.c >&5
configure:7413: $? = 0
configure:7417: /opt/android-ndk/toolchains/llvm/prebuilt/linux-x86_64/bin/llvm-ar cr libconftest.a @conftest.lst >&5
configure:7420: $? = 0
configure:7425: /opt/android-ndk/toolchains/llvm/prebuilt/linux-x86_64/bin/llvm-ar cr libconftest.a @conftest.lst >&5
/opt/android-ndk/toolchains/llvm/prebuilt/linux-x86_64/bin/llvm-ar: error: conftest.o: No such file or directory
configure:7428: $? = 1
configure:7440: result: @
configure:7458: checking for aarch64-linux-android35-strip
configure:7490: result: /opt/android-ndk/toolchains/llvm/prebuilt/linux-x86_64/bin/llvm-strip
configure:7567: checking for aarch64-linux-android35-ranlib
configure:7599: result: /opt/android-ndk/toolchains/llvm/prebuilt/linux-x86_64/bin/llvm-ranlib
configure:7746: checking command to parse /opt/android-ndk/toolchains/llvm/prebuilt/linux-x86_64/bin/llvm-nm output from /opt/android-ndk/toolchains/llvm/prebuilt/linux-x86_64/bin/aarch64-linux-android35-clang object
configure:7900: /opt/android-ndk/toolchains/llvm/prebuilt/linux-x86_64/bin/aarch64-linux-android35-clang -c -O2 -I/work/androidsysroot/usr/include conftest.c >&5
configure:7903: $? = 0
configure:7907: /opt/android-ndk/toolchains/llvm/prebuilt/linux-x86_64/bin/llvm-nm conftest.o \| /usr/bin/sed -n -e 's/^.*[ ]\([ABCDGIRSTW][ABCDGIRSTW]*\)[ ][ ]*\([_A-Za-z][_A-Za-z0-9]*\)$/\1 \2 \2/p' | /usr/bin/sed '/ __gnu_lto/d' \> conftest.nm
configure:7910: $? = 0
configure:7976: /opt/android-ndk/toolchains/llvm/prebuilt/linux-x86_64/bin/aarch64-linux-android35-clang -o conftest -O2 -I/work/androidsysroot/usr/include -L/work/androidsysroot/usr/lib conftest.c conftstm.o >&5
configure:7979: $? = 0
configure:8017: result: ok
configure:8064: checking for sysroot
configure:8095: result: no
configure:8102: checking for a working dd
configure:8146: result: /usr/bin/dd
configure:8150: checking how to truncate binary pipes
configure:8166: result: /usr/bin/dd bs=4096 count=1
configure:8458: checking for aarch64-linux-android35-mt
configure:8493: result: no
configure:8503: checking for mt
configure:8538: result: no
configure:8558: checking if : is a manifest tool
configure:8565: : '-?'
configure:8573: result: no
configure:9294: checking for dlfcn.h
configure:9294: /opt/android-ndk/toolchains/llvm/prebuilt/linux-x86_64/bin/aarch64-linux-android35-clang -c -O2 -I/work/androidsysroot/usr/include conftest.c >&5
configure:9294: $? = 0
configure:9294: result: yes
configure:9881: checking for objdir
configure:9897: result: .libs
configure:10161: checking if /opt/android-ndk/toolchains/llvm/prebuilt/linux-x86_64/bin/aarch64-linux-android35-clang supports -fno-rtti -fno-exceptions
configure:10180: /opt/android-ndk/toolchains/llvm/prebuilt/linux-x86_64/bin/aarch64-linux-android35-clang -c -O2 -I/work/androidsysroot/usr/include -fno-rtti -fno-exceptions conftest.c >&5
configure:10184: $? = 0
configure:10197: result: yes
configure:10555: checking for /opt/android-ndk/toolchains/llvm/prebuilt/linux-x86_64/bin/aarch64-linux-android35-clang option to produce PIC
configure:10563: result: -fPIC -DPIC
configure:10571: checking if /opt/android-ndk/toolchains/llvm/prebuilt/linux-x86_64/bin/aarch64-linux-android35-clang PIC flag -fPIC -DPIC works
configure:10590: /opt/android-ndk/toolchains/llvm/prebuilt/linux-x86_64/bin/aarch64-linux-android35-clang -c -O2 -I/work/androidsysroot/usr/include -fPIC -DPIC -DPIC conftest.c >&5
configure:10594: $? = 0
configure:10607: result: yes
configure:10636: checking if /opt/android-ndk/toolchains/llvm/prebuilt/linux-x86_64/bin/aarch64-linux-android35-clang static flag -static works
configure:10665: result: yes
configure:10680: checking if /opt/android-ndk/toolchains/llvm/prebuilt/linux-x86_64/bin/aarch64-linux-android35-clang supports -c -o file.o
configure:10702: /opt/android-ndk/toolchains/llvm/prebuilt/linux-x86_64/bin/aarch64-linux-android35-clang -c -O2 -I/work/androidsysroot/usr/include -o out/conftest2.o conftest.c >&5
configure:10706: $? = 0
configure:10728: result: yes
configure:10736: checking if /opt/android-ndk/toolchains/llvm/prebuilt/linux-x86_64/bin/aarch64-linux-android35-clang supports -c -o file.o
configure:10784: result: yes
configure:10817: checking whether the /opt/android-ndk/toolchains/llvm/prebuilt/linux-x86_64/bin/aarch64-linux-android35-clang linker (/opt/android-ndk/toolchains/llvm/prebuilt/linux-x86_64/bin/ld) supports shared libraries
configure:12085: result: yes
configure:12122: checking whether -lc should be explicitly linked in
configure:12131: /opt/android-ndk/toolchains/llvm/prebuilt/linux-x86_64/bin/aarch64-linux-android35-clang -c -O2 -I/work/androidsysroot/usr/include conftest.c >&5
configure:12134: $? = 0
configure:12149: /opt/android-ndk/toolchains/llvm/prebuilt/linux-x86_64/bin/aarch64-linux-android35-clang -shared  -fPIC -DPIC conftest.o  -v -Wl,-soname -Wl,conftest -o conftest 2\>\&1 \| /usr/bin/grep  -lc  \>/dev/null 2\>\&1
configure:12152: $? = 0
configure:12166: result: no
configure:12326: checking dynamic linker characteristics
configure:13160: result: Android linker
configure:13282: checking how to hardcode library paths into programs
configure:13307: result: immediate
configure:13889: checking whether stripping libraries is possible
configure:13898: result: yes
configure:13940: checking if libtool supports shared libraries
configure:13942: result: yes
configure:13945: checking whether to build shared libraries
configure:13970: result: yes
configure:13973: checking whether to build static libraries
configure:13977: result: no
configure:14027: checking for /opt/android-ndk/toolchains/llvm/prebuilt/linux-x86_64/bin/aarch64-linux-android35-clang options needed to detect all undeclared functions
configure:14049: /opt/android-ndk/toolchains/llvm/prebuilt/linux-x86_64/bin/aarch64-linux-android35-clang -c -O2  -I/work/androidsysroot/usr/include conftest.c >&5
conftest.c:44:8: error: call to undeclared library function 'strchr' with type 'char *(const char *, int)'; ISO C99 and later do not support implicit function declarations [-Wimplicit-function-declaration]
   44 | (void) strchr;
      |        ^
conftest.c:44:8: note: include the header <string.h> or explicitly provide a declaration for 'strchr'
1 error generated.
configure:14049: $? = 1
configure: failed program was:
| /* confdefs.h */
| #define PACKAGE_NAME "libxcb"
| #define PACKAGE_TARNAME "libxcb"
| #define PACKAGE_VERSION "1.17.0"
| #define PACKAGE_STRING "libxcb 1.17.0"
| #define PACKAGE_BUGREPORT "https://gitlab.freedesktop.org/xorg/lib/libxcb/-/issues"
| #define PACKAGE_URL ""
| #define PACKAGE "libxcb"
| #define VERSION "1.17.0"
| #define HAVE_STDIO_H 1
| #define HAVE_STDLIB_H 1
| #define HAVE_STRING_H 1
| #define HAVE_INTTYPES_H 1
| #define HAVE_STDINT_H 1
| #define HAVE_STRINGS_H 1
| #define HAVE_SYS_STAT_H 1
| #define HAVE_SYS_TYPES_H 1
| #define HAVE_UNISTD_H 1
| #define HAVE_WCHAR_H 1
| #define STDC_HEADERS 1
| #define _ALL_SOURCE 1
| #define _DARWIN_C_SOURCE 1
| #define _GNU_SOURCE 1
| #define _HPUX_ALT_XOPEN_SOCKET_API 1
| #define _NETBSD_SOURCE 1
| #define _OPENBSD_SOURCE 1
| #define _POSIX_PTHREAD_SEMANTICS 1
| #define __STDC_WANT_IEC_60559_ATTRIBS_EXT__ 1
| #define __STDC_WANT_IEC_60559_BFP_EXT__ 1
| #define __STDC_WANT_IEC_60559_DFP_EXT__ 1
| #define __STDC_WANT_IEC_60559_FUNCS_EXT__ 1
| #define __STDC_WANT_IEC_60559_TYPES_EXT__ 1
| #define __STDC_WANT_LIB_EXT2__ 1
| #define __STDC_WANT_MATH_SPEC_FUNCS__ 1
| #define _TANDEM_SOURCE 1
| #define __EXTENSIONS__ 1
| #define HAVE_DLFCN_H 1
| #define LT_OBJDIR ".libs/"
| /* end confdefs.h.  */
| 
| int
| main (void)
| {
| (void) strchr;
|   ;
|   return 0;
| }
configure:14076: /opt/android-ndk/toolchains/llvm/prebuilt/linux-x86_64/bin/aarch64-linux-android35-clang -c -O2  -I/work/androidsysroot/usr/include conftest.c >&5
configure:14076: $? = 0
configure:14093: result: none needed
configure:14111: checking whether __clang__ is declared
configure:14111: /opt/android-ndk/toolchains/llvm/prebuilt/linux-x86_64/bin/aarch64-linux-android35-clang -c -O2  -I/work/androidsysroot/usr/include conftest.c >&5
configure:14111: $? = 0
configure:14111: result: yes
configure:14118: checking whether __INTEL_COMPILER is declared
configure:14118: /opt/android-ndk/toolchains/llvm/prebuilt/linux-x86_64/bin/aarch64-linux-android35-clang -c -O2  -I/work/androidsysroot/usr/include conftest.c >&5
conftest.c:75:10: error: use of undeclared identifier '__INTEL_COMPILER'
   75 |   (void) __INTEL_COMPILER;
      |          ^
1 error generated.
configure:14118: $? = 1
configure: failed program was:
| /* confdefs.h */
| #define PACKAGE_NAME "libxcb"
| #define PACKAGE_TARNAME "libxcb"
| #define PACKAGE_VERSION "1.17.0"
| #define PACKAGE_STRING "libxcb 1.17.0"
| #define PACKAGE_BUGREPORT "https://gitlab.freedesktop.org/xorg/lib/libxcb/-/issues"
| #define PACKAGE_URL ""
| #define PACKAGE "libxcb"
| #define VERSION "1.17.0"
| #define HAVE_STDIO_H 1
| #define HAVE_STDLIB_H 1
| #define HAVE_STRING_H 1
| #define HAVE_INTTYPES_H 1
| #define HAVE_STDINT_H 1
| #define HAVE_STRINGS_H 1
| #define HAVE_SYS_STAT_H 1
| #define HAVE_SYS_TYPES_H 1
| #define HAVE_UNISTD_H 1
| #define HAVE_WCHAR_H 1
| #define STDC_HEADERS 1
| #define _ALL_SOURCE 1
| #define _DARWIN_C_SOURCE 1
| #define _GNU_SOURCE 1
| #define _HPUX_ALT_XOPEN_SOCKET_API 1
| #define _NETBSD_SOURCE 1
| #define _OPENBSD_SOURCE 1
| #define _POSIX_PTHREAD_SEMANTICS 1
| #define __STDC_WANT_IEC_60559_ATTRIBS_EXT__ 1
| #define __STDC_WANT_IEC_60559_BFP_EXT__ 1
| #define __STDC_WANT_IEC_60559_DFP_EXT__ 1
| #define __STDC_WANT_IEC_60559_FUNCS_EXT__ 1
| #define __STDC_WANT_IEC_60559_TYPES_EXT__ 1
| #define __STDC_WANT_LIB_EXT2__ 1
| #define __STDC_WANT_MATH_SPEC_FUNCS__ 1
| #define _TANDEM_SOURCE 1
| #define __EXTENSIONS__ 1
| #define HAVE_DLFCN_H 1
| #define LT_OBJDIR ".libs/"
| /* end confdefs.h.  */
| #include <stddef.h>
| #ifdef HAVE_STDIO_H
| # include <stdio.h>
| #endif
| #ifdef HAVE_STDLIB_H
| # include <stdlib.h>
| #endif
| #ifdef HAVE_STRING_H
| # include <string.h>
| #endif
| #ifdef HAVE_INTTYPES_H
| # include <inttypes.h>
| #endif
| #ifdef HAVE_STDINT_H
| # include <stdint.h>
| #endif
| #ifdef HAVE_STRINGS_H
| # include <strings.h>
| #endif
| #ifdef HAVE_SYS_TYPES_H
| # include <sys/types.h>
| #endif
| #ifdef HAVE_SYS_STAT_H
| # include <sys/stat.h>
| #endif
| #ifdef HAVE_UNISTD_H
| # include <unistd.h>
| #endif
| int
| main (void)
| {
| #ifndef __INTEL_COMPILER
| #ifdef __cplusplus
|   (void) __INTEL_COMPILER;
| #else
|   (void) __INTEL_COMPILER;
| #endif
| #endif
| 
|   ;
|   return 0;
| }
configure:14118: result: no
configure:14125: checking whether __SUNPRO_C is declared
configure:14125: /opt/android-ndk/toolchains/llvm/prebuilt/linux-x86_64/bin/aarch64-linux-android35-clang -c -O2  -I/work/androidsysroot/usr/include conftest.c >&5
conftest.c:75:10: error: use of undeclared identifier '__SUNPRO_C'
   75 |   (void) __SUNPRO_C;
      |          ^
1 error generated.
configure:14125: $? = 1
configure: failed program was:
| /* confdefs.h */
| #define PACKAGE_NAME "libxcb"
| #define PACKAGE_TARNAME "libxcb"
| #define PACKAGE_VERSION "1.17.0"
| #define PACKAGE_STRING "libxcb 1.17.0"
| #define PACKAGE_BUGREPORT "https://gitlab.freedesktop.org/xorg/lib/libxcb/-/issues"
| #define PACKAGE_URL ""
| #define PACKAGE "libxcb"
| #define VERSION "1.17.0"
| #define HAVE_STDIO_H 1
| #define HAVE_STDLIB_H 1
| #define HAVE_STRING_H 1
| #define HAVE_INTTYPES_H 1
| #define HAVE_STDINT_H 1
| #define HAVE_STRINGS_H 1
| #define HAVE_SYS_STAT_H 1
| #define HAVE_SYS_TYPES_H 1
| #define HAVE_UNISTD_H 1
| #define HAVE_WCHAR_H 1
| #define STDC_HEADERS 1
| #define _ALL_SOURCE 1
| #define _DARWIN_C_SOURCE 1
| #define _GNU_SOURCE 1
| #define _HPUX_ALT_XOPEN_SOCKET_API 1
| #define _NETBSD_SOURCE 1
| #define _OPENBSD_SOURCE 1
| #define _POSIX_PTHREAD_SEMANTICS 1
| #define __STDC_WANT_IEC_60559_ATTRIBS_EXT__ 1
| #define __STDC_WANT_IEC_60559_BFP_EXT__ 1
| #define __STDC_WANT_IEC_60559_DFP_EXT__ 1
| #define __STDC_WANT_IEC_60559_FUNCS_EXT__ 1
| #define __STDC_WANT_IEC_60559_TYPES_EXT__ 1
| #define __STDC_WANT_LIB_EXT2__ 1
| #define __STDC_WANT_MATH_SPEC_FUNCS__ 1
| #define _TANDEM_SOURCE 1
| #define __EXTENSIONS__ 1
| #define HAVE_DLFCN_H 1
| #define LT_OBJDIR ".libs/"
| /* end confdefs.h.  */
| #include <stddef.h>
| #ifdef HAVE_STDIO_H
| # include <stdio.h>
| #endif
| #ifdef HAVE_STDLIB_H
| # include <stdlib.h>
| #endif
| #ifdef HAVE_STRING_H
| # include <string.h>
| #endif
| #ifdef HAVE_INTTYPES_H
| # include <inttypes.h>
| #endif
| #ifdef HAVE_STDINT_H
| # include <stdint.h>
| #endif
| #ifdef HAVE_STRINGS_H
| # include <strings.h>
| #endif
| #ifdef HAVE_SYS_TYPES_H
| # include <sys/types.h>
| #endif
| #ifdef HAVE_SYS_STAT_H
| # include <sys/stat.h>
| #endif
| #ifdef HAVE_UNISTD_H
| # include <unistd.h>
| #endif
| int
| main (void)
| {
| #ifndef __SUNPRO_C
| #ifdef __cplusplus
|   (void) __SUNPRO_C;
| #else
|   (void) __SUNPRO_C;
| #endif
| #endif
| 
|   ;
|   return 0;
| }
configure:14125: result: no
configure:14144: checking for aarch64-linux-android35-pkg-config
configure:14182: result: no
configure:14192: checking for pkg-config
configure:14215: found /usr/bin/pkg-config
configure:14227: result: /usr/bin/pkg-config
configure:14252: checking pkg-config is at least version 0.9.0
configure:14255: result: yes
configure:14305: checking if /opt/android-ndk/toolchains/llvm/prebuilt/linux-x86_64/bin/aarch64-linux-android35-clang supports -Werror=unknown-warning-option
configure:14315: /opt/android-ndk/toolchains/llvm/prebuilt/linux-x86_64/bin/aarch64-linux-android35-clang -c -O2 -Werror=unknown-warning-option -I/work/androidsysroot/usr/include conftest.c >&5
configure:14315: $? = 0
configure:14323: result: yes
configure:14334: checking if /opt/android-ndk/toolchains/llvm/prebuilt/linux-x86_64/bin/aarch64-linux-android35-clang supports -Werror=unused-command-line-argument
configure:14344: /opt/android-ndk/toolchains/llvm/prebuilt/linux-x86_64/bin/aarch64-linux-android35-clang -c -O2 -Werror=unknown-warning-option -Werror=unused-command-line-argument -I/work/androidsysroot/usr/include conftest.c >&5
configure:14344: $? = 0
configure:14352: result: yes
configure:14371: checking if /opt/android-ndk/toolchains/llvm/prebuilt/linux-x86_64/bin/aarch64-linux-android35-clang supports -Wall
configure:14389: /opt/android-ndk/toolchains/llvm/prebuilt/linux-x86_64/bin/aarch64-linux-android35-clang -o conftest -O2 -Werror=unknown-warning-option -Werror=unused-command-line-argument -Wall -I/work/androidsysroot/usr/include -L/work/androidsysroot/usr/lib conftest.c  >&5
configure:14389: $? = 0
configure:14403: result: yes
configure:14495: checking if /opt/android-ndk/toolchains/llvm/prebuilt/linux-x86_64/bin/aarch64-linux-android35-clang supports -Wpointer-arith
configure:14513: /opt/android-ndk/toolchains/llvm/prebuilt/linux-x86_64/bin/aarch64-linux-android35-clang -o conftest -O2 -Werror=unknown-warning-option -Werror=unused-command-line-argument -Wpointer-arith -I/work/androidsysroot/usr/include -L/work/androidsysroot/usr/lib conftest.c  >&5
configure:14513: $? = 0
configure:14527: result: yes
configure:14619: checking if /opt/android-ndk/toolchains/llvm/prebuilt/linux-x86_64/bin/aarch64-linux-android35-clang supports -Wmissing-declarations
configure:14637: /opt/android-ndk/toolchains/llvm/prebuilt/linux-x86_64/bin/aarch64-linux-android35-clang -o conftest -O2 -Werror=unknown-warning-option -Werror=unused-command-line-argument -Wmissing-declarations -I/work/androidsysroot/usr/include -L/work/androidsysroot/usr/lib conftest.c  >&5
configure:14637: $? = 0
configure:14651: result: yes
configure:14743: checking if /opt/android-ndk/toolchains/llvm/prebuilt/linux-x86_64/bin/aarch64-linux-android35-clang supports -Wformat=2
configure:14761: /opt/android-ndk/toolchains/llvm/prebuilt/linux-x86_64/bin/aarch64-linux-android35-clang -o conftest -O2 -Werror=unknown-warning-option -Werror=unused-command-line-argument -Wformat=2 -I/work/androidsysroot/usr/include -L/work/androidsysroot/usr/lib conftest.c  >&5
configure:14761: $? = 0
configure:14775: result: yes
configure:14920: checking if /opt/android-ndk/toolchains/llvm/prebuilt/linux-x86_64/bin/aarch64-linux-android35-clang supports -Wstrict-prototypes
configure:14938: /opt/android-ndk/toolchains/llvm/prebuilt/linux-x86_64/bin/aarch64-linux-android35-clang -o conftest -O2 -Werror=unknown-warning-option -Werror=unused-command-line-argument -Wstrict-prototypes -I/work/androidsysroot/usr/include -L/work/androidsysroot/usr/lib conftest.c  >&5
configure:14938: $? = 0
configure:14952: result: yes
configure:15044: checking if /opt/android-ndk/toolchains/llvm/prebuilt/linux-x86_64/bin/aarch64-linux-android35-clang supports -Wmissing-prototypes
configure:15062: /opt/android-ndk/toolchains/llvm/prebuilt/linux-x86_64/bin/aarch64-linux-android35-clang -o conftest -O2 -Werror=unknown-warning-option -Werror=unused-command-line-argument -Wmissing-prototypes -I/work/androidsysroot/usr/include -L/work/androidsysroot/usr/lib conftest.c  >&5
configure:15062: $? = 0
configure:15076: result: yes
configure:15168: checking if /opt/android-ndk/toolchains/llvm/prebuilt/linux-x86_64/bin/aarch64-linux-android35-clang supports -Wnested-externs
configure:15186: /opt/android-ndk/toolchains/llvm/prebuilt/linux-x86_64/bin/aarch64-linux-android35-clang -o conftest -O2 -Werror=unknown-warning-option -Werror=unused-command-line-argument -Wnested-externs -I/work/androidsysroot/usr/include -L/work/androidsysroot/usr/lib conftest.c  >&5
configure:15186: $? = 0
configure:15200: result: yes
configure:15292: checking if /opt/android-ndk/toolchains/llvm/prebuilt/linux-x86_64/bin/aarch64-linux-android35-clang supports -Wbad-function-cast
configure:15310: /opt/android-ndk/toolchains/llvm/prebuilt/linux-x86_64/bin/aarch64-linux-android35-clang -o conftest -O2 -Werror=unknown-warning-option -Werror=unused-command-line-argument -Wbad-function-cast -I/work/androidsysroot/usr/include -L/work/androidsysroot/usr/lib conftest.c  >&5
configure:15310: $? = 0
configure:15324: result: yes
configure:15416: checking if /opt/android-ndk/toolchains/llvm/prebuilt/linux-x86_64/bin/aarch64-linux-android35-clang supports -Wold-style-definition
configure:15434: /opt/android-ndk/toolchains/llvm/prebuilt/linux-x86_64/bin/aarch64-linux-android35-clang -o conftest -O2 -Werror=unknown-warning-option -Werror=unused-command-line-argument -Wold-style-definition -I/work/androidsysroot/usr/include -L/work/androidsysroot/usr/lib conftest.c  >&5
configure:15434: $? = 0
configure:15448: result: yes
configure:15591: checking if /opt/android-ndk/toolchains/llvm/prebuilt/linux-x86_64/bin/aarch64-linux-android35-clang supports -Wdeclaration-after-statement
configure:15609: /opt/android-ndk/toolchains/llvm/prebuilt/linux-x86_64/bin/aarch64-linux-android35-clang -o conftest -O2 -Werror=unknown-warning-option -Werror=unused-command-line-argument -Wdeclaration-after-statement -I/work/androidsysroot/usr/include -L/work/androidsysroot/usr/lib conftest.c  >&5
configure:15609: $? = 0
configure:15623: result: yes
configure:15719: checking if /opt/android-ndk/toolchains/llvm/prebuilt/linux-x86_64/bin/aarch64-linux-android35-clang supports -Wunused
configure:15737: /opt/android-ndk/toolchains/llvm/prebuilt/linux-x86_64/bin/aarch64-linux-android35-clang -o conftest -O2 -Werror=unknown-warning-option -Werror=unused-command-line-argument -Wunused -I/work/androidsysroot/usr/include -L/work/androidsysroot/usr/lib conftest.c  >&5
configure:15737: $? = 0
configure:15751: result: yes
configure:15843: checking if /opt/android-ndk/toolchains/llvm/prebuilt/linux-x86_64/bin/aarch64-linux-android35-clang supports -Wuninitialized
configure:15861: /opt/android-ndk/toolchains/llvm/prebuilt/linux-x86_64/bin/aarch64-linux-android35-clang -o conftest -O2 -Werror=unknown-warning-option -Werror=unused-command-line-argument -Wuninitialized -I/work/androidsysroot/usr/include -L/work/androidsysroot/usr/lib conftest.c  >&5
configure:15861: $? = 0
configure:15875: result: yes
configure:15967: checking if /opt/android-ndk/toolchains/llvm/prebuilt/linux-x86_64/bin/aarch64-linux-android35-clang supports -Wshadow
configure:15985: /opt/android-ndk/toolchains/llvm/prebuilt/linux-x86_64/bin/aarch64-linux-android35-clang -o conftest -O2 -Werror=unknown-warning-option -Werror=unused-command-line-argument -Wshadow -I/work/androidsysroot/usr/include -L/work/androidsysroot/usr/lib conftest.c  >&5
configure:15985: $? = 0
configure:15999: result: yes
configure:16091: checking if /opt/android-ndk/toolchains/llvm/prebuilt/linux-x86_64/bin/aarch64-linux-android35-clang supports -Wmissing-noreturn
configure:16109: /opt/android-ndk/toolchains/llvm/prebuilt/linux-x86_64/bin/aarch64-linux-android35-clang -o conftest -O2 -Werror=unknown-warning-option -Werror=unused-command-line-argument -Wmissing-noreturn -I/work/androidsysroot/usr/include -L/work/androidsysroot/usr/lib conftest.c  >&5
configure:16109: $? = 0
configure:16123: result: yes
configure:16215: checking if /opt/android-ndk/toolchains/llvm/prebuilt/linux-x86_64/bin/aarch64-linux-android35-clang supports -Wmissing-format-attribute
configure:16233: /opt/android-ndk/toolchains/llvm/prebuilt/linux-x86_64/bin/aarch64-linux-android35-clang -o conftest -O2 -Werror=unknown-warning-option -Werror=unused-command-line-argument -Wmissing-format-attribute -I/work/androidsysroot/usr/include -L/work/androidsysroot/usr/lib conftest.c  >&5
configure:16233: $? = 0
configure:16247: result: yes
configure:16339: checking if /opt/android-ndk/toolchains/llvm/prebuilt/linux-x86_64/bin/aarch64-linux-android35-clang supports -Wredundant-decls
configure:16357: /opt/android-ndk/toolchains/llvm/prebuilt/linux-x86_64/bin/aarch64-linux-android35-clang -o conftest -O2 -Werror=unknown-warning-option -Werror=unused-command-line-argument -Wredundant-decls -I/work/androidsysroot/usr/include -L/work/androidsysroot/usr/lib conftest.c  >&5
configure:16357: $? = 0
configure:16371: result: yes
configure:16463: checking if /opt/android-ndk/toolchains/llvm/prebuilt/linux-x86_64/bin/aarch64-linux-android35-clang supports -Wlogical-op
configure:16481: /opt/android-ndk/toolchains/llvm/prebuilt/linux-x86_64/bin/aarch64-linux-android35-clang -o conftest -O2 -Werror=unknown-warning-option -Werror=unused-command-line-argument -Wlogical-op -I/work/androidsysroot/usr/include -L/work/androidsysroot/usr/lib conftest.c  >&5
error: unknown warning option '-Wlogical-op'; did you mean '-Wlong-long'? [-Werror,-Wunknown-warning-option]
configure:16481: $? = 1
configure: failed program was:
| /* confdefs.h */
| #define PACKAGE_NAME "libxcb"
| #define PACKAGE_TARNAME "libxcb"
| #define PACKAGE_VERSION "1.17.0"
| #define PACKAGE_STRING "libxcb 1.17.0"
| #define PACKAGE_BUGREPORT "https://gitlab.freedesktop.org/xorg/lib/libxcb/-/issues"
| #define PACKAGE_URL ""
| #define PACKAGE "libxcb"
| #define VERSION "1.17.0"
| #define HAVE_STDIO_H 1
| #define HAVE_STDLIB_H 1
| #define HAVE_STRING_H 1
| #define HAVE_INTTYPES_H 1
| #define HAVE_STDINT_H 1
| #define HAVE_STRINGS_H 1
| #define HAVE_SYS_STAT_H 1
| #define HAVE_SYS_TYPES_H 1
| #define HAVE_UNISTD_H 1
| #define HAVE_WCHAR_H 1
| #define STDC_HEADERS 1
| #define _ALL_SOURCE 1
| #define _DARWIN_C_SOURCE 1
| #define _GNU_SOURCE 1
| #define _HPUX_ALT_XOPEN_SOCKET_API 1
| #define _NETBSD_SOURCE 1
| #define _OPENBSD_SOURCE 1
| #define _POSIX_PTHREAD_SEMANTICS 1
| #define __STDC_WANT_IEC_60559_ATTRIBS_EXT__ 1
| #define __STDC_WANT_IEC_60559_BFP_EXT__ 1
| #define __STDC_WANT_IEC_60559_DFP_EXT__ 1
| #define __STDC_WANT_IEC_60559_FUNCS_EXT__ 1
| #define __STDC_WANT_IEC_60559_TYPES_EXT__ 1
| #define __STDC_WANT_LIB_EXT2__ 1
| #define __STDC_WANT_MATH_SPEC_FUNCS__ 1
| #define _TANDEM_SOURCE 1
| #define __EXTENSIONS__ 1
| #define HAVE_DLFCN_H 1
| #define LT_OBJDIR ".libs/"
| /* end confdefs.h.  */
| int i;
| int
| main (void)
| {
| 
|   ;
|   return 0;
| }
configure:16495: result: no
configure:16599: checking if /opt/android-ndk/toolchains/llvm/prebuilt/linux-x86_64/bin/aarch64-linux-android35-clang supports -Werror=implicit
configure:16617: /opt/android-ndk/toolchains/llvm/prebuilt/linux-x86_64/bin/aarch64-linux-android35-clang -o conftest -O2 -Werror=unknown-warning-option -Werror=unused-command-line-argument -Werror=implicit -I/work/androidsysroot/usr/include -L/work/androidsysroot/usr/lib conftest.c  >&5
configure:16617: $? = 0
configure:16631: result: yes
configure:16774: checking if /opt/android-ndk/toolchains/llvm/prebuilt/linux-x86_64/bin/aarch64-linux-android35-clang supports -Werror=nonnull
configure:16792: /opt/android-ndk/toolchains/llvm/prebuilt/linux-x86_64/bin/aarch64-linux-android35-clang -o conftest -O2 -Werror=unknown-warning-option -Werror=unused-command-line-argument -Werror=nonnull -I/work/androidsysroot/usr/include -L/work/androidsysroot/usr/lib conftest.c  >&5
configure:16792: $? = 0
configure:16806: result: yes
configure:16898: checking if /opt/android-ndk/toolchains/llvm/prebuilt/linux-x86_64/bin/aarch64-linux-android35-clang supports -Werror=init-self
configure:16916: /opt/android-ndk/toolchains/llvm/prebuilt/linux-x86_64/bin/aarch64-linux-android35-clang -o conftest -O2 -Werror=unknown-warning-option -Werror=unused-command-line-argument -Werror=init-self -I/work/androidsysroot/usr/include -L/work/androidsysroot/usr/lib conftest.c  >&5
configure:16916: $? = 0
configure:16930: result: yes
configure:17022: checking if /opt/android-ndk/toolchains/llvm/prebuilt/linux-x86_64/bin/aarch64-linux-android35-clang supports -Werror=main
configure:17040: /opt/android-ndk/toolchains/llvm/prebuilt/linux-x86_64/bin/aarch64-linux-android35-clang -o conftest -O2 -Werror=unknown-warning-option -Werror=unused-command-line-argument -Werror=main -I/work/androidsysroot/usr/include -L/work/androidsysroot/usr/lib conftest.c  >&5
configure:17040: $? = 0
configure:17054: result: yes
configure:17146: checking if /opt/android-ndk/toolchains/llvm/prebuilt/linux-x86_64/bin/aarch64-linux-android35-clang supports -Werror=missing-braces
configure:17164: /opt/android-ndk/toolchains/llvm/prebuilt/linux-x86_64/bin/aarch64-linux-android35-clang -o conftest -O2 -Werror=unknown-warning-option -Werror=unused-command-line-argument -Werror=missing-braces -I/work/androidsysroot/usr/include -L/work/androidsysroot/usr/lib conftest.c  >&5
configure:17164: $? = 0
configure:17178: result: yes
configure:17270: checking if /opt/android-ndk/toolchains/llvm/prebuilt/linux-x86_64/bin/aarch64-linux-android35-clang supports -Werror=sequence-point
configure:17288: /opt/android-ndk/toolchains/llvm/prebuilt/linux-x86_64/bin/aarch64-linux-android35-clang -o conftest -O2 -Werror=unknown-warning-option -Werror=unused-command-line-argument -Werror=sequence-point -I/work/androidsysroot/usr/include -L/work/androidsysroot/usr/lib conftest.c  >&5
configure:17288: $? = 0
configure:17302: result: yes
configure:17394: checking if /opt/android-ndk/toolchains/llvm/prebuilt/linux-x86_64/bin/aarch64-linux-android35-clang supports -Werror=return-type
configure:17412: /opt/android-ndk/toolchains/llvm/prebuilt/linux-x86_64/bin/aarch64-linux-android35-clang -o conftest -O2 -Werror=unknown-warning-option -Werror=unused-command-line-argument -Werror=return-type -I/work/androidsysroot/usr/include -L/work/androidsysroot/usr/lib conftest.c  >&5
configure:17412: $? = 0
configure:17426: result: yes
configure:17569: checking if /opt/android-ndk/toolchains/llvm/prebuilt/linux-x86_64/bin/aarch64-linux-android35-clang supports -Werror=trigraphs
configure:17587: /opt/android-ndk/toolchains/llvm/prebuilt/linux-x86_64/bin/aarch64-linux-android35-clang -o conftest -O2 -Werror=unknown-warning-option -Werror=unused-command-line-argument -Werror=trigraphs -I/work/androidsysroot/usr/include -L/work/androidsysroot/usr/lib conftest.c  >&5
configure:17587: $? = 0
configure:17601: result: yes
configure:17693: checking if /opt/android-ndk/toolchains/llvm/prebuilt/linux-x86_64/bin/aarch64-linux-android35-clang supports -Werror=array-bounds
configure:17711: /opt/android-ndk/toolchains/llvm/prebuilt/linux-x86_64/bin/aarch64-linux-android35-clang -o conftest -O2 -Werror=unknown-warning-option -Werror=unused-command-line-argument -Werror=array-bounds -I/work/androidsysroot/usr/include -L/work/androidsysroot/usr/lib conftest.c  >&5
configure:17711: $? = 0
configure:17725: result: yes
configure:17817: checking if /opt/android-ndk/toolchains/llvm/prebuilt/linux-x86_64/bin/aarch64-linux-android35-clang supports -Werror=write-strings
configure:17835: /opt/android-ndk/toolchains/llvm/prebuilt/linux-x86_64/bin/aarch64-linux-android35-clang -o conftest -O2 -Werror=unknown-warning-option -Werror=unused-command-line-argument -Werror=write-strings -I/work/androidsysroot/usr/include -L/work/androidsysroot/usr/lib conftest.c  >&5
configure:17835: $? = 0
configure:17849: result: yes
configure:17941: checking if /opt/android-ndk/toolchains/llvm/prebuilt/linux-x86_64/bin/aarch64-linux-android35-clang supports -Werror=address
configure:17959: /opt/android-ndk/toolchains/llvm/prebuilt/linux-x86_64/bin/aarch64-linux-android35-clang -o conftest -O2 -Werror=unknown-warning-option -Werror=unused-command-line-argument -Werror=address -I/work/androidsysroot/usr/include -L/work/androidsysroot/usr/lib conftest.c  >&5
configure:17959: $? = 0
configure:17973: result: yes
configure:18065: checking if /opt/android-ndk/toolchains/llvm/prebuilt/linux-x86_64/bin/aarch64-linux-android35-clang supports -Werror=int-to-pointer-cast
configure:18083: /opt/android-ndk/toolchains/llvm/prebuilt/linux-x86_64/bin/aarch64-linux-android35-clang -o conftest -O2 -Werror=unknown-warning-option -Werror=unused-command-line-argument -Werror=int-to-pointer-cast -I/work/androidsysroot/usr/include -L/work/androidsysroot/usr/lib conftest.c  >&5
configure:18083: $? = 0
configure:18097: result: yes
configure:18240: checking if /opt/android-ndk/toolchains/llvm/prebuilt/linux-x86_64/bin/aarch64-linux-android35-clang supports -Werror=pointer-to-int-cast
configure:18258: /opt/android-ndk/toolchains/llvm/prebuilt/linux-x86_64/bin/aarch64-linux-android35-clang -o conftest -O2 -Werror=unknown-warning-option -Werror=unused-command-line-argument -Werror=pointer-to-int-cast -I/work/androidsysroot/usr/include -L/work/androidsysroot/usr/lib conftest.c  >&5
configure:18258: $? = 0
configure:18272: result: yes
configure:20013: checking if /opt/android-ndk/toolchains/llvm/prebuilt/linux-x86_64/bin/aarch64-linux-android35-clang supports -pedantic
configure:20031: /opt/android-ndk/toolchains/llvm/prebuilt/linux-x86_64/bin/aarch64-linux-android35-clang -o conftest -O2 -Werror=unknown-warning-option -Werror=unused-command-line-argument -pedantic -I/work/androidsysroot/usr/include -L/work/androidsysroot/usr/lib conftest.c  >&5
configure:20031: $? = 0
configure:20045: result: yes
configure:20137: checking if /opt/android-ndk/toolchains/llvm/prebuilt/linux-x86_64/bin/aarch64-linux-android35-clang supports -Werror
configure:20155: /opt/android-ndk/toolchains/llvm/prebuilt/linux-x86_64/bin/aarch64-linux-android35-clang -o conftest -O2 -Werror=unknown-warning-option -Werror=unused-command-line-argument -Werror -I/work/androidsysroot/usr/include -L/work/androidsysroot/usr/lib conftest.c  >&5
configure:20155: $? = 0
configure:20169: result: yes
configure:20315: checking if /opt/android-ndk/toolchains/llvm/prebuilt/linux-x86_64/bin/aarch64-linux-android35-clang supports -Werror=attributes
configure:20333: /opt/android-ndk/toolchains/llvm/prebuilt/linux-x86_64/bin/aarch64-linux-android35-clang -o conftest -O2 -Werror=unknown-warning-option -Werror=unused-command-line-argument -Werror=attributes -I/work/androidsysroot/usr/include -L/work/androidsysroot/usr/lib conftest.c  >&5
configure:20333: $? = 0
configure:20347: result: yes
configure:20540: checking whether make supports nested variables
configure:20558: result: yes
configure:20590: checking whether to build developer documentation
configure:20592: result: yes
configure:20613: checking for doxygen
configure:20651: result: no
configure:20657: WARNING: doxygen not found - documentation targets will be skipped
configure:20797: WARNING: dot not found - doxygen targets will be skipped
configure:20803: checking for check >= 0.9.6
configure:20810: $PKG_CONFIG --exists --print-errors "check >= 0.9.6"
Package check was not found in the pkg-config search path.
Perhaps you should add the directory containing `check.pc'
to the PKG_CONFIG_PATH environment variable
Package 'check', required by 'virtual:world', not found
configure:20813: $? = 1
configure:20827: $PKG_CONFIG --exists --print-errors "check >= 0.9.6"
Package check was not found in the pkg-config search path.
Perhaps you should add the directory containing `check.pc'
to the PKG_CONFIG_PATH environment variable
Package 'check', required by 'virtual:world', not found
configure:20830: $? = 1
configure:20844: result: no
Package 'check', required by 'virtual:world', not found
configure:20939: checking for xcb-proto >= 1.17.0
configure:20946: $PKG_CONFIG --exists --print-errors "xcb-proto >= 1.17.0"
configure:20949: $? = 0
configure:20963: $PKG_CONFIG --exists --print-errors "xcb-proto >= 1.17.0"
configure:20966: $? = 0
configure:21024: result: yes
configure:21035: checking for xau >= 0.99.2
configure:21042: $PKG_CONFIG --exists --print-errors "$NEEDED"
configure:21045: $? = 0
configure:21059: $PKG_CONFIG --exists --print-errors "$NEEDED"
configure:21062: $? = 0
configure:21120: result: yes
configure:21128: checking for xdmcp
configure:21135: $PKG_CONFIG --exists --print-errors "xdmcp"
Package xdmcp was not found in the pkg-config search path.
Perhaps you should add the directory containing `xdmcp.pc'
to the PKG_CONFIG_PATH environment variable
Package 'xdmcp', required by 'virtual:world', not found
configure:21138: $? = 1
configure:21152: $PKG_CONFIG --exists --print-errors "xdmcp"
Package xdmcp was not found in the pkg-config search path.
Perhaps you should add the directory containing `xdmcp.pc'
to the PKG_CONFIG_PATH environment variable
Package 'xdmcp', required by 'virtual:world', not found
configure:21155: $? = 1
configure:21169: result: no
Package 'xdmcp', required by 'virtual:world', not found
configure:21185: result: no
configure:21259: checking XCBPROTO_XCBINCLUDEDIR
configure:21262: result: /work/androidsysroot/usr/share/xcb
configure:21271: checking XCBPROTO_XCBPYTHONDIR
configure:21274: result: /work/androidsysroot/usr/local/lib/python3.12/dist-packages
configure:21278: checking for library containing getaddrinfo
configure:21314: /opt/android-ndk/toolchains/llvm/prebuilt/linux-x86_64/bin/aarch64-linux-android35-clang -o conftest -O2 -I/work/androidsysroot/usr/include -L/work/androidsysroot/usr/lib conftest.c  >&5
configure:21314: $? = 0
configure:21334: result: none required
configure:21343: checking for library containing connect
configure:21379: /opt/android-ndk/toolchains/llvm/prebuilt/linux-x86_64/bin/aarch64-linux-android35-clang -o conftest -O2 -I/work/androidsysroot/usr/include -L/work/androidsysroot/usr/lib conftest.c  >&5
configure:21379: $? = 0
configure:21399: result: none required
configure:21410: checking for library containing sendmsg
configure:21446: /opt/android-ndk/toolchains/llvm/prebuilt/linux-x86_64/bin/aarch64-linux-android35-clang -o conftest -O2 -I/work/androidsysroot/usr/include -L/work/androidsysroot/usr/lib conftest.c  >&5
configure:21446: $? = 0
configure:21466: result: none required
configure:21480: checking for struct msghdr.msg_control
configure:21480: /opt/android-ndk/toolchains/llvm/prebuilt/linux-x86_64/bin/aarch64-linux-android35-clang -c -O2 -I/work/androidsysroot/usr/include conftest.c >&5
configure:21480: $? = 0
configure:21480: result: yes
configure:21578: checking for struct sockaddr_un.sun_len
configure:21578: /opt/android-ndk/toolchains/llvm/prebuilt/linux-x86_64/bin/aarch64-linux-android35-clang -c -O2 -I/work/androidsysroot/usr/include conftest.c >&5
conftest.c:54:13: error: no member named 'sun_len' in 'struct sockaddr_un'
   54 | if (ac_aggr.sun_len)
      |     ~~~~~~~ ^
1 error generated.
configure:21578: $? = 1
configure: failed program was:
| /* confdefs.h */
| #define PACKAGE_NAME "libxcb"
| #define PACKAGE_TARNAME "libxcb"
| #define PACKAGE_VERSION "1.17.0"
| #define PACKAGE_STRING "libxcb 1.17.0"
| #define PACKAGE_BUGREPORT "https://gitlab.freedesktop.org/xorg/lib/libxcb/-/issues"
| #define PACKAGE_URL ""
| #define PACKAGE "libxcb"
| #define VERSION "1.17.0"
| #define HAVE_STDIO_H 1
| #define HAVE_STDLIB_H 1
| #define HAVE_STRING_H 1
| #define HAVE_INTTYPES_H 1
| #define HAVE_STDINT_H 1
| #define HAVE_STRINGS_H 1
| #define HAVE_SYS_STAT_H 1
| #define HAVE_SYS_TYPES_H 1
| #define HAVE_UNISTD_H 1
| #define HAVE_WCHAR_H 1
| #define STDC_HEADERS 1
| #define _ALL_SOURCE 1
| #define _DARWIN_C_SOURCE 1
| #define _GNU_SOURCE 1
| #define _HPUX_ALT_XOPEN_SOCKET_API 1
| #define _NETBSD_SOURCE 1
| #define _OPENBSD_SOURCE 1
| #define _POSIX_PTHREAD_SEMANTICS 1
| #define __STDC_WANT_IEC_60559_ATTRIBS_EXT__ 1
| #define __STDC_WANT_IEC_60559_BFP_EXT__ 1
| #define __STDC_WANT_IEC_60559_DFP_EXT__ 1
| #define __STDC_WANT_IEC_60559_FUNCS_EXT__ 1
| #define __STDC_WANT_IEC_60559_TYPES_EXT__ 1
| #define __STDC_WANT_LIB_EXT2__ 1
| #define __STDC_WANT_MATH_SPEC_FUNCS__ 1
| #define _TANDEM_SOURCE 1
| #define __EXTENSIONS__ 1
| #define HAVE_DLFCN_H 1
| #define LT_OBJDIR ".libs/"
| #define PACKAGE_VERSION_MAJOR 1
| #define PACKAGE_VERSION_MINOR 17
| #define PACKAGE_VERSION_PATCHLEVEL 0
| #define HAVE_SENDMSG 1
| #define HAVE_ABSTRACT_SOCKETS 1
| #define XCB_QUEUE_BUFFER_SIZE 16384
| /* end confdefs.h.  */
|  #include <sys/types.h>
|                   #include <sys/un.h>
| 
| 
| int
| main (void)
| {
| static struct sockaddr_un ac_aggr;
| if (ac_aggr.sun_len)
| return 0;
|   ;
|   return 0;
| }
configure:21578: /opt/android-ndk/toolchains/llvm/prebuilt/linux-x86_64/bin/aarch64-linux-android35-clang -c -O2 -I/work/androidsysroot/usr/include conftest.c >&5
conftest.c:54:20: error: no member named 'sun_len' in 'struct sockaddr_un'
   54 | if (sizeof ac_aggr.sun_len)
      |            ~~~~~~~ ^
1 error generated.
configure:21578: $? = 1
configure: failed program was:
| /* confdefs.h */
| #define PACKAGE_NAME "libxcb"
| #define PACKAGE_TARNAME "libxcb"
| #define PACKAGE_VERSION "1.17.0"
| #define PACKAGE_STRING "libxcb 1.17.0"
| #define PACKAGE_BUGREPORT "https://gitlab.freedesktop.org/xorg/lib/libxcb/-/issues"
| #define PACKAGE_URL ""
| #define PACKAGE "libxcb"
| #define VERSION "1.17.0"
| #define HAVE_STDIO_H 1
| #define HAVE_STDLIB_H 1
| #define HAVE_STRING_H 1
| #define HAVE_INTTYPES_H 1
| #define HAVE_STDINT_H 1
| #define HAVE_STRINGS_H 1
| #define HAVE_SYS_STAT_H 1
| #define HAVE_SYS_TYPES_H 1
| #define HAVE_UNISTD_H 1
| #define HAVE_WCHAR_H 1
| #define STDC_HEADERS 1
| #define _ALL_SOURCE 1
| #define _DARWIN_C_SOURCE 1
| #define _GNU_SOURCE 1
| #define _HPUX_ALT_XOPEN_SOCKET_API 1
| #define _NETBSD_SOURCE 1
| #define _OPENBSD_SOURCE 1
| #define _POSIX_PTHREAD_SEMANTICS 1
| #define __STDC_WANT_IEC_60559_ATTRIBS_EXT__ 1
| #define __STDC_WANT_IEC_60559_BFP_EXT__ 1
| #define __STDC_WANT_IEC_60559_DFP_EXT__ 1
| #define __STDC_WANT_IEC_60559_FUNCS_EXT__ 1
| #define __STDC_WANT_IEC_60559_TYPES_EXT__ 1
| #define __STDC_WANT_LIB_EXT2__ 1
| #define __STDC_WANT_MATH_SPEC_FUNCS__ 1
| #define _TANDEM_SOURCE 1
| #define __EXTENSIONS__ 1
| #define HAVE_DLFCN_H 1
| #define LT_OBJDIR ".libs/"
| #define PACKAGE_VERSION_MAJOR 1
| #define PACKAGE_VERSION_MINOR 17
| #define PACKAGE_VERSION_PATCHLEVEL 0
| #define HAVE_SENDMSG 1
| #define HAVE_ABSTRACT_SOCKETS 1
| #define XCB_QUEUE_BUFFER_SIZE 16384
| /* end confdefs.h.  */
|  #include <sys/types.h>
|                   #include <sys/un.h>
| 
| 
| int
| main (void)
| {
| static struct sockaddr_un ac_aggr;
| if (sizeof ac_aggr.sun_len)
| return 0;
|   ;
|   return 0;
| }
configure:21578: result: no
configure:21590: checking for tsol/label.h
configure:21590: /opt/android-ndk/toolchains/llvm/prebuilt/linux-x86_64/bin/aarch64-linux-android35-clang -c -O2 -I/work/androidsysroot/usr/include conftest.c >&5
conftest.c:74:10: fatal error: 'tsol/label.h' file not found
   74 | #include <tsol/label.h>
      |          ^~~~~~~~~~~~~~
1 error generated.
configure:21590: $? = 1
configure: failed program was:
| /* confdefs.h */
| #define PACKAGE_NAME "libxcb"
| #define PACKAGE_TARNAME "libxcb"
| #define PACKAGE_VERSION "1.17.0"
| #define PACKAGE_STRING "libxcb 1.17.0"
| #define PACKAGE_BUGREPORT "https://gitlab.freedesktop.org/xorg/lib/libxcb/-/issues"
| #define PACKAGE_URL ""
| #define PACKAGE "libxcb"
| #define VERSION "1.17.0"
| #define HAVE_STDIO_H 1
| #define HAVE_STDLIB_H 1
| #define HAVE_STRING_H 1
| #define HAVE_INTTYPES_H 1
| #define HAVE_STDINT_H 1
| #define HAVE_STRINGS_H 1
| #define HAVE_SYS_STAT_H 1
| #define HAVE_SYS_TYPES_H 1
| #define HAVE_UNISTD_H 1
| #define HAVE_WCHAR_H 1
| #define STDC_HEADERS 1
| #define _ALL_SOURCE 1
| #define _DARWIN_C_SOURCE 1
| #define _GNU_SOURCE 1
| #define _HPUX_ALT_XOPEN_SOCKET_API 1
| #define _NETBSD_SOURCE 1
| #define _OPENBSD_SOURCE 1
| #define _POSIX_PTHREAD_SEMANTICS 1
| #define __STDC_WANT_IEC_60559_ATTRIBS_EXT__ 1
| #define __STDC_WANT_IEC_60559_BFP_EXT__ 1
| #define __STDC_WANT_IEC_60559_DFP_EXT__ 1
| #define __STDC_WANT_IEC_60559_FUNCS_EXT__ 1
| #define __STDC_WANT_IEC_60559_TYPES_EXT__ 1
| #define __STDC_WANT_LIB_EXT2__ 1
| #define __STDC_WANT_MATH_SPEC_FUNCS__ 1
| #define _TANDEM_SOURCE 1
| #define __EXTENSIONS__ 1
| #define HAVE_DLFCN_H 1
| #define LT_OBJDIR ".libs/"
| #define PACKAGE_VERSION_MAJOR 1
| #define PACKAGE_VERSION_MINOR 17
| #define PACKAGE_VERSION_PATCHLEVEL 0
| #define HAVE_SENDMSG 1
| #define HAVE_ABSTRACT_SOCKETS 1
| #define XCB_QUEUE_BUFFER_SIZE 16384
| /* end confdefs.h.  */
| #include <stddef.h>
| #ifdef HAVE_STDIO_H
| # include <stdio.h>
| #endif
| #ifdef HAVE_STDLIB_H
| # include <stdlib.h>
| #endif
| #ifdef HAVE_STRING_H
| # include <string.h>
| #endif
| #ifdef HAVE_INTTYPES_H
| # include <inttypes.h>
| #endif
| #ifdef HAVE_STDINT_H
| # include <stdint.h>
| #endif
| #ifdef HAVE_STRINGS_H
| # include <strings.h>
| #endif
| #ifdef HAVE_SYS_TYPES_H
| # include <sys/types.h>
| #endif
| #ifdef HAVE_SYS_STAT_H
| # include <sys/stat.h>
| #endif
| #ifdef HAVE_UNISTD_H
| # include <unistd.h>
| #endif
| #include <tsol/label.h>
configure:21590: result: no
configure:21597: checking for is_system_labeled
configure:21597: /opt/android-ndk/toolchains/llvm/prebuilt/linux-x86_64/bin/aarch64-linux-android35-clang -o conftest -O2 -I/work/androidsysroot/usr/include -L/work/androidsysroot/usr/lib conftest.c  >&5
ld.lld: error: undefined symbol: is_system_labeled
>>> referenced by conftest.c
>>>               /tmp/conftest-1ac253.o:(main)
clang: error: linker command failed with exit code 1 (use -v to see invocation)
configure:21597: $? = 1
configure: failed program was:
| /* confdefs.h */
| #define PACKAGE_NAME "libxcb"
| #define PACKAGE_TARNAME "libxcb"
| #define PACKAGE_VERSION "1.17.0"
| #define PACKAGE_STRING "libxcb 1.17.0"
| #define PACKAGE_BUGREPORT "https://gitlab.freedesktop.org/xorg/lib/libxcb/-/issues"
| #define PACKAGE_URL ""
| #define PACKAGE "libxcb"
| #define VERSION "1.17.0"
| #define HAVE_STDIO_H 1
| #define HAVE_STDLIB_H 1
| #define HAVE_STRING_H 1
| #define HAVE_INTTYPES_H 1
| #define HAVE_STDINT_H 1
| #define HAVE_STRINGS_H 1
| #define HAVE_SYS_STAT_H 1
| #define HAVE_SYS_TYPES_H 1
| #define HAVE_UNISTD_H 1
| #define HAVE_WCHAR_H 1
| #define STDC_HEADERS 1
| #define _ALL_SOURCE 1
| #define _DARWIN_C_SOURCE 1
| #define _GNU_SOURCE 1
| #define _HPUX_ALT_XOPEN_SOCKET_API 1
| #define _NETBSD_SOURCE 1
| #define _OPENBSD_SOURCE 1
| #define _POSIX_PTHREAD_SEMANTICS 1
| #define __STDC_WANT_IEC_60559_ATTRIBS_EXT__ 1
| #define __STDC_WANT_IEC_60559_BFP_EXT__ 1
| #define __STDC_WANT_IEC_60559_DFP_EXT__ 1
| #define __STDC_WANT_IEC_60559_FUNCS_EXT__ 1
| #define __STDC_WANT_IEC_60559_TYPES_EXT__ 1
| #define __STDC_WANT_LIB_EXT2__ 1
| #define __STDC_WANT_MATH_SPEC_FUNCS__ 1
| #define _TANDEM_SOURCE 1
| #define __EXTENSIONS__ 1
| #define HAVE_DLFCN_H 1
| #define LT_OBJDIR ".libs/"
| #define PACKAGE_VERSION_MAJOR 1
| #define PACKAGE_VERSION_MINOR 17
| #define PACKAGE_VERSION_PATCHLEVEL 0
| #define HAVE_SENDMSG 1
| #define HAVE_ABSTRACT_SOCKETS 1
| #define XCB_QUEUE_BUFFER_SIZE 16384
| /* end confdefs.h.  */
| /* Define is_system_labeled to an innocuous variant, in case <limits.h> declares is_system_labeled.
|    For example, HP-UX 11i <limits.h> declares gettimeofday.  */
| #define is_system_labeled innocuous_is_system_labeled
| 
| /* System header to define __stub macros and hopefully few prototypes,
|    which can conflict with char is_system_labeled (void); below.  */
| 
| #include <limits.h>
| #undef is_system_labeled
| 
| /* Override any GCC internal prototype to avoid an error.
|    Use char because int might match the return type of a GCC
|    builtin and then its argument prototype would still apply.  */
| #ifdef __cplusplus
| extern "C"
| #endif
| char is_system_labeled (void);
| /* The GNU C library defines this for functions which it implements
|     to always fail with ENOSYS.  Some functions are actually named
|     something starting with __ and the normal name is an alias.  */
| #if defined __stub_is_system_labeled || defined __stub___is_system_labeled
| choke me
| #endif
| 
| int
| main (void)
| {
| return is_system_labeled ();
|   ;
|   return 0;
| }
configure:21597: result: no
configure:21605: checking whether IOV_MAX is declared
configure:21605: /opt/android-ndk/toolchains/llvm/prebuilt/linux-x86_64/bin/aarch64-linux-android35-clang -c -O2  -I/work/androidsysroot/usr/include conftest.c >&5
configure:21605: $? = 0
configure:21605: result: yes
configure:21628: checking whether /opt/android-ndk/toolchains/llvm/prebuilt/linux-x86_64/bin/aarch64-linux-android35-clang supports symbol visibility
configure:21649: /opt/android-ndk/toolchains/llvm/prebuilt/linux-x86_64/bin/aarch64-linux-android35-clang -c -O2 -fvisibility=hidden -fvisibility-inlines-hidden -I/work/androidsysroot/usr/include conftest.c >&5
configure:21649: $? = 0
configure:21655: result: yes
configure:21667: checking for getaddrinfo
configure:21667: /opt/android-ndk/toolchains/llvm/prebuilt/linux-x86_64/bin/aarch64-linux-android35-clang -o conftest -O2 -I/work/androidsysroot/usr/include -L/work/androidsysroot/usr/lib conftest.c  >&5
configure:21667: $? = 0
configure:21667: result: yes
configure:21702: checking for poll
configure:21702: /opt/android-ndk/toolchains/llvm/prebuilt/linux-x86_64/bin/aarch64-linux-android35-clang -o conftest -O2 -I/work/androidsysroot/usr/include -L/work/androidsysroot/usr/lib conftest.c  >&5
configure:21702: $? = 0
configure:21702: result: yes
configure:22459: checking that generated files are newer than configure
configure:22465: result: done
configure:22624: creating ./config.status

## ---------------------- ##
## Running config.status. ##
## ---------------------- ##

This file was extended by libxcb config.status 1.17.0, which was
generated by GNU Autoconf 2.71.  Invocation command line was

  CONFIG_FILES    = 
  CONFIG_HEADERS  = 
  CONFIG_LINKS    = 
  CONFIG_COMMANDS = 
  $ ./config.status 

on 3c622a1b0904

config.status:1275: creating Makefile
config.status:1275: creating doc/Makefile
config.status:1275: creating man/Makefile
config.status:1275: creating src/Makefile
config.status:1275: creating tests/Makefile
config.status:1275: creating xcb.pc
config.status:1275: creating xcb-composite.pc
config.status:1275: creating xcb-damage.pc
config.status:1275: creating xcb-dbe.pc
config.status:1275: creating xcb-dpms.pc
config.status:1275: creating xcb-dri2.pc
config.status:1275: creating xcb-dri3.pc
config.status:1275: creating xcb-ge.pc
config.status:1275: creating xcb-glx.pc
config.status:1275: creating xcb-present.pc
config.status:1275: creating xcb-randr.pc
config.status:1275: creating xcb-record.pc
config.status:1275: creating xcb-render.pc
config.status:1275: creating xcb-res.pc
config.status:1275: creating xcb-screensaver.pc
config.status:1275: creating xcb-shape.pc
config.status:1275: creating xcb-shm.pc
config.status:1275: creating xcb-sync.pc
config.status:1275: creating xcb-xevie.pc
config.status:1275: creating xcb-xf86dri.pc
config.status:1275: creating xcb-xfixes.pc
config.status:1275: creating xcb-xinerama.pc
config.status:1275: creating xcb-xinput.pc
config.status:1275: creating xcb-xkb.pc
config.status:1275: creating xcb-xprint.pc
config.status:1275: creating xcb-xselinux.pc
config.status:1275: creating xcb-xtest.pc
config.status:1275: creating xcb-xv.pc
config.status:1275: creating xcb-xvmc.pc
config.status:1275: creating doc/xcb.doxygen
config.status:1275: creating src/config.h
config.status:1504: executing depfiles commands
config.status:1504: executing libtool commands
configure:24809: WARNING: unrecognized options: --disable-malloc0returnsnull

## ---------------- ##
## Cache variables. ##
## ---------------- ##

ac_cv_build=x86_64-pc-linux-gnu
ac_cv_c_compiler_gnu=yes
ac_cv_c_undeclared_builtin_options='none needed'
ac_cv_env_CC_set=set
ac_cv_env_CC_value=/opt/android-ndk/toolchains/llvm/prebuilt/linux-x86_64/bin/aarch64-linux-android35-clang
ac_cv_env_CFLAGS_set=set
ac_cv_env_CFLAGS_value=-O2
ac_cv_env_CHECK_CFLAGS_set=
ac_cv_env_CHECK_CFLAGS_value=
ac_cv_env_CHECK_LIBS_set=
ac_cv_env_CHECK_LIBS_value=
ac_cv_env_CPPFLAGS_set=set
ac_cv_env_CPPFLAGS_value=-I/work/androidsysroot/usr/include
ac_cv_env_DOT_set=
ac_cv_env_DOT_value=
ac_cv_env_DOXYGEN_set=
ac_cv_env_DOXYGEN_value=
ac_cv_env_LDFLAGS_set=set
ac_cv_env_LDFLAGS_value=-L/work/androidsysroot/usr/lib
ac_cv_env_LIBS_set=
ac_cv_env_LIBS_value=
ac_cv_env_LT_SYS_LIBRARY_PATH_set=
ac_cv_env_LT_SYS_LIBRARY_PATH_value=
ac_cv_env_NEEDED_CFLAGS_set=
ac_cv_env_NEEDED_CFLAGS_value=
ac_cv_env_NEEDED_LIBS_set=
ac_cv_env_NEEDED_LIBS_value=
ac_cv_env_PKG_CONFIG_LIBDIR_set=set
ac_cv_env_PKG_CONFIG_LIBDIR_value=/work/androidsysroot/usr/lib/pkgconfig:/work/androidsysroot/usr/share/pkgconfig
ac_cv_env_PKG_CONFIG_PATH_set=
ac_cv_env_PKG_CONFIG_PATH_value=
ac_cv_env_PKG_CONFIG_set=
ac_cv_env_PKG_CONFIG_value=
ac_cv_env_PYTHON_set=
ac_cv_env_PYTHON_value=
ac_cv_env_XCBPROTO_CFLAGS_set=
ac_cv_env_XCBPROTO_CFLAGS_value=
ac_cv_env_XCBPROTO_LIBS_set=
ac_cv_env_XCBPROTO_LIBS_value=
ac_cv_env_XDMCP_CFLAGS_set=
ac_cv_env_XDMCP_CFLAGS_value=
ac_cv_env_XDMCP_LIBS_set=
ac_cv_env_XDMCP_LIBS_value=
ac_cv_env_build_alias_set=
ac_cv_env_build_alias_value=
ac_cv_env_host_alias_set=set
ac_cv_env_host_alias_value=aarch64-linux-android35
ac_cv_env_target_alias_set=
ac_cv_env_target_alias_value=
ac_cv_func_getaddrinfo=yes
ac_cv_func_is_system_labeled=no
ac_cv_func_poll=yes
ac_cv_have_decl_IOV_MAX=yes
ac_cv_have_decl___INTEL_COMPILER=no
ac_cv_have_decl___SUNPRO_C=no
ac_cv_have_decl___clang__=yes
ac_cv_header_dlfcn_h=yes
ac_cv_header_inttypes_h=yes
ac_cv_header_minix_config_h=no
ac_cv_header_stdint_h=yes
ac_cv_header_stdio_h=yes
ac_cv_header_stdlib_h=yes
ac_cv_header_string_h=yes
ac_cv_header_strings_h=yes
ac_cv_header_sys_stat_h=yes
ac_cv_header_sys_types_h=yes
ac_cv_header_tsol_label_h=no
ac_cv_header_unistd_h=yes
ac_cv_header_wchar_h=yes
ac_cv_host=aarch64-unknown-linux-android35
ac_cv_member_struct_msghdr_msg_control=yes
ac_cv_member_struct_sockaddr_un_sun_len=no
ac_cv_objext=o
ac_cv_path_EGREP='/usr/bin/grep -E'
ac_cv_path_FGREP='/usr/bin/grep -F'
ac_cv_path_GREP=/usr/bin/grep
ac_cv_path_PYTHON=/usr/bin/python3
ac_cv_path_SED=/usr/bin/sed
ac_cv_path_ac_pt_PKG_CONFIG=/usr/bin/pkg-config
ac_cv_path_install='/usr/bin/install -c'
ac_cv_path_lt_DD=/usr/bin/dd
ac_cv_path_mkdir=/usr/bin/mkdir
ac_cv_prog_AR=/opt/android-ndk/toolchains/llvm/prebuilt/linux-x86_64/bin/llvm-ar
ac_cv_prog_AWK=mawk
ac_cv_prog_CC=/opt/android-ndk/toolchains/llvm/prebuilt/linux-x86_64/bin/aarch64-linux-android35-clang
ac_cv_prog_OBJDUMP=/opt/android-ndk/toolchains/llvm/prebuilt/linux-x86_64/bin/llvm-objdump
ac_cv_prog_RANLIB=/opt/android-ndk/toolchains/llvm/prebuilt/linux-x86_64/bin/llvm-ranlib
ac_cv_prog_STRIP=/opt/android-ndk/toolchains/llvm/prebuilt/linux-x86_64/bin/llvm-strip
ac_cv_prog_ac_ct_FILECMD=file
ac_cv_prog_cc_c11=
ac_cv_prog_cc_g=yes
ac_cv_prog_cc_stdc=
ac_cv_prog_make_make_set=yes
ac_cv_safe_to_define___extensions__=yes
ac_cv_search_connect='none required'
ac_cv_search_getaddrinfo='none required'
ac_cv_search_sendmsg='none required'
ac_cv_should_define__xopen_source=no
ac_cv_sys_file_offset_bits=no
ac_cv_sys_largefile_CC=no
am_cv_CC_dependencies_compiler_type=none
am_cv_make_support_nested_variables=yes
am_cv_pathless_PYTHON=python3
am_cv_prog_cc_c_o=yes
am_cv_python_platform=linux
am_cv_python_pyexecdir='${PYTHON_EXEC_PREFIX}/local/lib/python3.12/dist-packages'
am_cv_python_pythondir='${PYTHON_PREFIX}/local/lib/python3.12/dist-packages'
am_cv_python_version=3.12
lt_cv_ar_at_file=@
lt_cv_archive_cmds_need_lc=no
lt_cv_deplibs_check_method=pass_all
lt_cv_file_magic_cmd='$MAGIC_CMD'
lt_cv_file_magic_test_file=
lt_cv_ld_reload_flag=-r
lt_cv_nm_interface='BSD nm'
lt_cv_objdir=.libs
lt_cv_path_LD=/opt/android-ndk/toolchains/llvm/prebuilt/linux-x86_64/bin/ld
lt_cv_path_NM=/opt/android-ndk/toolchains/llvm/prebuilt/linux-x86_64/bin/llvm-nm
lt_cv_path_mainfest_tool=no
lt_cv_prog_compiler_c_o=yes
lt_cv_prog_compiler_pic='-fPIC -DPIC'
lt_cv_prog_compiler_pic_works=yes
lt_cv_prog_compiler_rtti_exceptions=yes
lt_cv_prog_compiler_static_works=yes
lt_cv_prog_gnu_ld=yes
lt_cv_sharedlib_from_linklib_cmd='printf %s\n'
lt_cv_sys_global_symbol_pipe='/usr/bin/sed -n -e '\''s/^.*[	 ]\([ABCDGIRSTW][ABCDGIRSTW]*\)[	 ][	 ]*\([_A-Za-z][_A-Za-z0-9]*\)$/\1 \2 \2/p'\'' | /usr/bin/sed '\''/ __gnu_lto/d'\'''
lt_cv_sys_global_symbol_to_c_name_address='/usr/bin/sed -n -e '\''s/^: \(.*\) .*$/  {"\1", (void *) 0},/p'\'' -e '\''s/^[ABCDGIRSTW][ABCDGIRSTW]* .* \(.*\)$/  {"\1", (void *) \&\1},/p'\'''
lt_cv_sys_global_symbol_to_c_name_address_lib_prefix='/usr/bin/sed -n -e '\''s/^: \(.*\) .*$/  {"\1", (void *) 0},/p'\'' -e '\''s/^[ABCDGIRSTW][ABCDGIRSTW]* .* \(lib.*\)$/  {"\1", (void *) \&\1},/p'\'' -e '\''s/^[ABCDGIRSTW][ABCDGIRSTW]* .* \(.*\)$/  {"lib\1", (void *) \&\1},/p'\'''
lt_cv_sys_global_symbol_to_cdecl='/usr/bin/sed -n -e '\''s/^T .* \(.*\)$/extern int \1();/p'\'' -e '\''s/^[ABCDGIRSTW][ABCDGIRSTW]* .* \(.*\)$/extern char \1;/p'\'''
lt_cv_sys_global_symbol_to_import=
lt_cv_sys_max_cmd_len=1572864
lt_cv_to_host_file_cmd=func_convert_file_noop
lt_cv_to_tool_file_cmd=func_convert_file_noop
lt_cv_truncate_bin='/usr/bin/dd bs=4096 count=1'
pkg_cv_NEEDED_CFLAGS='-I/work/androidsysroot/usr/include '
pkg_cv_NEEDED_LIBS='-L/work/androidsysroot/usr/lib -lXau '
pkg_cv_XCBPROTO_CFLAGS=
pkg_cv_XCBPROTO_LIBS=
xorg_cv_cc_flag__Wall=yes
xorg_cv_cc_flag__Wbad_function_cast=yes
xorg_cv_cc_flag__Wdeclaration_after_statement=yes
xorg_cv_cc_flag__Werror=yes
xorg_cv_cc_flag__Werror_address=yes
xorg_cv_cc_flag__Werror_array_bounds=yes
xorg_cv_cc_flag__Werror_attributes=yes
xorg_cv_cc_flag__Werror_implicit=yes
xorg_cv_cc_flag__Werror_init_self=yes
xorg_cv_cc_flag__Werror_int_to_pointer_cast=yes
xorg_cv_cc_flag__Werror_main=yes
xorg_cv_cc_flag__Werror_missing_braces=yes
xorg_cv_cc_flag__Werror_nonnull=yes
xorg_cv_cc_flag__Werror_pointer_to_int_cast=yes
xorg_cv_cc_flag__Werror_return_type=yes
xorg_cv_cc_flag__Werror_sequence_point=yes
xorg_cv_cc_flag__Werror_trigraphs=yes
xorg_cv_cc_flag__Werror_write_strings=yes
xorg_cv_cc_flag__Wformat_2=yes
xorg_cv_cc_flag__Wlogical_op=no
xorg_cv_cc_flag__Wmissing_declarations=yes
xorg_cv_cc_flag__Wmissing_format_attribute=yes
xorg_cv_cc_flag__Wmissing_noreturn=yes
xorg_cv_cc_flag__Wmissing_prototypes=yes
xorg_cv_cc_flag__Wnested_externs=yes
xorg_cv_cc_flag__Wold_style_definition=yes
xorg_cv_cc_flag__Wpointer_arith=yes
xorg_cv_cc_flag__Wredundant_decls=yes
xorg_cv_cc_flag__Wshadow=yes
xorg_cv_cc_flag__Wstrict_prototypes=yes
xorg_cv_cc_flag__Wuninitialized=yes
xorg_cv_cc_flag__Wunused=yes
xorg_cv_cc_flag__pedantic=yes
xorg_cv_cc_flag_unknown_warning_option=yes
xorg_cv_cc_flag_unused_command_line_argument=yes

## ----------------- ##
## Output variables. ##
## ----------------- ##

ACLOCAL='${SHELL} '\''/work/x11-build/libxcb-1.17.0/build-aux/missing'\'' aclocal-1.16'
ADMIN_MAN_DIR='$(mandir)/man$(ADMIN_MAN_SUFFIX)'
ADMIN_MAN_SUFFIX='8'
AMDEPBACKSLASH=''
AMDEP_FALSE=''
AMDEP_TRUE='#'
AMTAR='$${TAR-tar}'
AM_BACKSLASH='\'
AM_DEFAULT_V='$(AM_DEFAULT_VERBOSITY)'
AM_DEFAULT_VERBOSITY='0'
AM_V='$(V)'
APP_MAN_DIR='$(mandir)/man$(APP_MAN_SUFFIX)'
APP_MAN_SUFFIX='1'
AR='/opt/android-ndk/toolchains/llvm/prebuilt/linux-x86_64/bin/llvm-ar'
AS='as'
AUTOCONF='${SHELL} '\''/work/x11-build/libxcb-1.17.0/build-aux/missing'\'' autoconf'
AUTOHEADER='${SHELL} '\''/work/x11-build/libxcb-1.17.0/build-aux/missing'\'' autoheader'
AUTOMAKE='${SHELL} '\''/work/x11-build/libxcb-1.17.0/build-aux/missing'\'' automake-1.16'
AWK='mawk'
BASE_CFLAGS=' -Wall -Wpointer-arith -Wmissing-declarations -Wformat=2 -Wstrict-prototypes -Wmissing-prototypes -Wnested-externs -Wbad-function-cast -Wold-style-definition -Wdeclaration-after-statement -Wunused -Wuninitialized -Wshadow -Wmissing-noreturn -Wmissing-format-attribute -Wredundant-decls -Werror=implicit -Werror=nonnull -Werror=init-self -Werror=main -Werror=missing-braces -Werror=sequence-point -Werror=return-type -Werror=trigraphs -Werror=array-bounds -Werror=write-strings -Werror=address -Werror=int-to-pointer-cast -Werror=pointer-to-int-cast'
BUILD_COMPOSITE_FALSE='#'
BUILD_COMPOSITE_TRUE=''
BUILD_DAMAGE_FALSE='#'
BUILD_DAMAGE_TRUE=''
BUILD_DBE_FALSE='#'
BUILD_DBE_TRUE=''
BUILD_DPMS_FALSE='#'
BUILD_DPMS_TRUE=''
BUILD_DRI2_FALSE='#'
BUILD_DRI2_TRUE=''
BUILD_DRI3_FALSE='#'
BUILD_DRI3_TRUE=''
BUILD_GE_FALSE=''
BUILD_GE_TRUE='#'
BUILD_GLX_FALSE='#'
BUILD_GLX_TRUE=''
BUILD_PRESENT_FALSE='#'
BUILD_PRESENT_TRUE=''
BUILD_RANDR_FALSE='#'
BUILD_RANDR_TRUE=''
BUILD_RECORD_FALSE='#'
BUILD_RECORD_TRUE=''
BUILD_RENDER_FALSE='#'
BUILD_RENDER_TRUE=''
BUILD_RESOURCE_FALSE='#'
BUILD_RESOURCE_TRUE=''
BUILD_SCREENSAVER_FALSE='#'
BUILD_SCREENSAVER_TRUE=''
BUILD_SELINUX_FALSE=''
BUILD_SELINUX_TRUE='#'
BUILD_SHAPE_FALSE='#'
BUILD_SHAPE_TRUE=''
BUILD_SHM_FALSE='#'
BUILD_SHM_TRUE=''
BUILD_SYNC_FALSE='#'
BUILD_SYNC_TRUE=''
BUILD_XEVIE_FALSE=''
BUILD_XEVIE_TRUE='#'
BUILD_XFIXES_FALSE='#'
BUILD_XFIXES_TRUE=''
BUILD_XFREE86_DRI_FALSE='#'
BUILD_XFREE86_DRI_TRUE=''
BUILD_XINERAMA_FALSE='#'
BUILD_XINERAMA_TRUE=''
BUILD_XINPUT_FALSE='#'
BUILD_XINPUT_TRUE=''
BUILD_XKB_FALSE='#'
BUILD_XKB_TRUE=''
BUILD_XPRINT_FALSE=''
BUILD_XPRINT_TRUE='#'
BUILD_XTEST_FALSE='#'
BUILD_XTEST_TRUE=''
BUILD_XVMC_FALSE='#'
BUILD_XVMC_TRUE=''
BUILD_XV_FALSE='#'
BUILD_XV_TRUE=''
CC='/opt/android-ndk/toolchains/llvm/prebuilt/linux-x86_64/bin/aarch64-linux-android35-clang'
CCDEPMODE='depmode=none'
CFLAGS='-O2'
CHANGELOG_CMD='((GIT_DIR=$(top_srcdir)/.git git log > $(top_srcdir)/.changelog.tmp) 2>/dev/null && mv $(top_srcdir)/.changelog.tmp $(top_srcdir)/ChangeLog) || (rm -f $(top_srcdir)/.changelog.tmp; test -e $(top_srcdir)/ChangeLog || ( touch $(top_srcdir)/ChangeLog; echo '\''git failed to create ChangeLog: installing empty ChangeLog.'\'' >&2))'
CHECK_CFLAGS=''
CHECK_LIBS=''
CPPFLAGS='-I/work/androidsysroot/usr/include'
CSCOPE='cscope'
CTAGS='ctags'
CWARNFLAGS=' -Wall -Wpointer-arith -Wmissing-declarations -Wformat=2 -Wstrict-prototypes -Wmissing-prototypes -Wnested-externs -Wbad-function-cast -Wold-style-definition -Wdeclaration-after-statement -Wunused -Wuninitialized -Wshadow -Wmissing-noreturn -Wmissing-format-attribute -Wredundant-decls -Werror=implicit -Werror=nonnull -Werror=init-self -Werror=main -Werror=missing-braces -Werror=sequence-point -Werror=return-type -Werror=trigraphs -Werror=array-bounds -Werror=write-strings -Werror=address -Werror=int-to-pointer-cast -Werror=pointer-to-int-cast -fno-strict-aliasing'
CYGPATH_W='echo'
DEFS='-DHAVE_CONFIG_H'
DEPDIR='.deps'
DLLTOOL='false'
DOT=''
DOXYGEN=''
DRIVER_MAN_DIR='$(mandir)/man$(DRIVER_MAN_SUFFIX)'
DRIVER_MAN_SUFFIX='4'
DSYMUTIL=''
DUMPBIN=''
ECHO_C=''
ECHO_N='-n'
ECHO_T=''
EGREP='/usr/bin/grep -E'
ENABLE_DEVEL_DOCS_FALSE='#'
ENABLE_DEVEL_DOCS_TRUE=''
ETAGS='etags'
EXEEXT=''
FGREP='/usr/bin/grep -F'
FILECMD='file'
FILE_MAN_DIR='$(mandir)/man$(FILE_MAN_SUFFIX)'
FILE_MAN_SUFFIX='5'
GREP='/usr/bin/grep'
HAVE_CHECK_FALSE=''
HAVE_CHECK_TRUE='#'
HAVE_DOT='no'
HAVE_DOT_FALSE=''
HAVE_DOT_TRUE='#'
HAVE_DOXYGEN_FALSE=''
HAVE_DOXYGEN_TRUE='#'
HTML_CHECK_RESULT='no'
INSTALL_CMD='(cp -f /work/androidsysroot/usr/share/util-macros/INSTALL $(top_srcdir)/.INSTALL.tmp && mv $(top_srcdir)/.INSTALL.tmp $(top_srcdir)/INSTALL) || (rm -f $(top_srcdir)/.INSTALL.tmp; test -e $(top_srcdir)/INSTALL || ( touch $(top_srcdir)/INSTALL; echo '\''failed to copy INSTALL from util-macros: installing empty INSTALL.'\'' >&2))'
INSTALL_DATA='${INSTALL} -m 644'
INSTALL_PROGRAM='${INSTALL}'
INSTALL_SCRIPT='${INSTALL}'
INSTALL_STRIP_PROGRAM='$(install_sh) -c -s'
LD='/opt/android-ndk/toolchains/llvm/prebuilt/linux-x86_64/bin/ld'
LDFLAGS='-L/work/androidsysroot/usr/lib'
LIBOBJS=''
LIBS=''
LIBTOOL='$(SHELL) $(top_builddir)/libtool'
LIB_MAN_DIR='$(mandir)/man$(LIB_MAN_SUFFIX)'
LIB_MAN_SUFFIX='3'
LIPO=''
LN_S='ln -s'
LTLIBOBJS=''
LT_SYS_LIBRARY_PATH=''
MAKEINFO='${SHELL} '\''/work/x11-build/libxcb-1.17.0/build-aux/missing'\'' makeinfo'
MANIFEST_TOOL=':'
MAN_SUBSTS='	-e '\''s|__vendorversion__|"$(PACKAGE_STRING)" "$(XORG_MAN_PAGE)"|'\'' 	-e '\''s|__xorgversion__|"$(PACKAGE_STRING)" "$(XORG_MAN_PAGE)"|'\'' 	-e '\''s|__xservername__|Xorg|g'\'' 	-e '\''s|__xconfigfile__|xorg.conf|g'\'' 	-e '\''s|__projectroot__|$(prefix)|g'\'' 	-e '\''s|__apploaddir__|$(appdefaultdir)|g'\'' 	-e '\''s|__appmansuffix__|$(APP_MAN_SUFFIX)|g'\'' 	-e '\''s|__drivermansuffix__|$(DRIVER_MAN_SUFFIX)|g'\'' 	-e '\''s|__adminmansuffix__|$(ADMIN_MAN_SUFFIX)|g'\'' 	-e '\''s|__libmansuffix__|$(LIB_MAN_SUFFIX)|g'\'' 	-e '\''s|__miscmansuffix__|$(MISC_MAN_SUFFIX)|g'\'' 	-e '\''s|__filemansuffix__|$(FILE_MAN_SUFFIX)|g'\'''
MISC_MAN_DIR='$(mandir)/man$(MISC_MAN_SUFFIX)'
MISC_MAN_SUFFIX='7'
MKDIR_P='/usr/bin/mkdir -p'
NEEDED='xau >= 0.99.2'
NEEDED_CFLAGS='-I/work/androidsysroot/usr/include '
NEEDED_LIBS='-L/work/androidsysroot/usr/lib -lXau '
NM='/opt/android-ndk/toolchains/llvm/prebuilt/linux-x86_64/bin/llvm-nm'
NMEDIT=''
OBJDUMP='/opt/android-ndk/toolchains/llvm/prebuilt/linux-x86_64/bin/llvm-objdump'
OBJEXT='o'
OTOOL64=''
OTOOL=''
PACKAGE='libxcb'
PACKAGE_BUGREPORT='https://gitlab.freedesktop.org/xorg/lib/libxcb/-/issues'
PACKAGE_NAME='libxcb'
PACKAGE_STRING='libxcb 1.17.0'
PACKAGE_TARNAME='libxcb'
PACKAGE_URL=''
PACKAGE_VERSION='1.17.0'
PATH_SEPARATOR=':'
PKG_CONFIG='/usr/bin/pkg-config'
PKG_CONFIG_LIBDIR='/work/androidsysroot/usr/lib/pkgconfig:/work/androidsysroot/usr/share/pkgconfig'
PKG_CONFIG_PATH=''
PYTHON='/usr/bin/python3'
PYTHON_EXEC_PREFIX='${exec_prefix}'
PYTHON_PLATFORM='linux'
PYTHON_PREFIX='${prefix}'
PYTHON_VERSION='3.12'
RANLIB='/opt/android-ndk/toolchains/llvm/prebuilt/linux-x86_64/bin/llvm-ranlib'
SED='/usr/bin/sed'
SET_MAKE=''
SHELL='/bin/bash'
STRICT_CFLAGS=' -pedantic -Werror -Werror=attributes'
STRIP='/opt/android-ndk/toolchains/llvm/prebuilt/linux-x86_64/bin/llvm-strip'
VERSION='1.17.0'
XCBPROTO_CFLAGS=''
XCBPROTO_LIBS=''
XCBPROTO_VERSION='1.17.0'
XCBPROTO_XCBINCLUDEDIR='/work/androidsysroot/usr/share/xcb'
XCBPROTO_XCBPYTHONDIR='/work/androidsysroot/usr/local/lib/python3.12/dist-packages'
XCB_HAVE_WIN32_FALSE=''
XCB_HAVE_WIN32_TRUE='#'
XCB_SERVERSIDE_SUPPORT_FALSE=''
XCB_SERVERSIDE_SUPPORT_TRUE='#'
XDMCP_CFLAGS=''
XDMCP_LIBS=''
XORG_MAN_PAGE='X Version 11'
XSLTPROC='no'
ac_ct_AR=''
ac_ct_CC=''
ac_ct_DUMPBIN=''
am__EXEEXT_FALSE=''
am__EXEEXT_TRUE='#'
am__fastdepCC_FALSE=''
am__fastdepCC_TRUE='#'
am__include='include'
am__isrc=''
am__leading_dot='.'
am__nodep=''
am__quote=''
am__tar='$${TAR-tar} chof - "$$tardir"'
am__untar='$${TAR-tar} xf -'
bindir='${exec_prefix}/bin'
build='x86_64-pc-linux-gnu'
build_alias=''
build_cpu='x86_64'
build_os='linux-gnu'
build_vendor='pc'
datadir='${datarootdir}'
datarootdir='${prefix}/share'
docdir='${datarootdir}/doc/${PACKAGE_TARNAME}'
dvidir='${docdir}'
exec_prefix='${prefix}'
host='aarch64-unknown-linux-android35'
host_alias='aarch64-linux-android35'
host_cpu='aarch64'
host_os='linux-android35'
host_vendor='unknown'
htmldir='${docdir}'
includedir='${prefix}/include'
infodir='${datarootdir}/info'
install_sh='${SHELL} /work/x11-build/libxcb-1.17.0/build-aux/install-sh'
libdir='${exec_prefix}/lib'
libexecdir='${exec_prefix}/libexec'
localedir='${datarootdir}/locale'
localstatedir='${prefix}/var'
lt_enable_auto_import=''
mandir='${datarootdir}/man'
mkdir_p='$(MKDIR_P)'
oldincludedir='/usr/include'
pdfdir='${docdir}'
pkgpyexecdir='${pyexecdir}/libxcb'
pkgpythondir='${pythondir}/libxcb'
prefix='/usr'
program_transform_name='s,x,x,'
psdir='${docdir}'
pyexecdir='${PYTHON_EXEC_PREFIX}/local/lib/python3.12/dist-packages'
pythondir='${PYTHON_PREFIX}/local/lib/python3.12/dist-packages'
runstatedir='${localstatedir}/run'
sbindir='${exec_prefix}/sbin'
sharedstatedir='${prefix}/com'
sysconfdir='${prefix}/etc'
target_alias=''
xcbincludedir='${includedir}/xcb'

## ----------- ##
## confdefs.h. ##
## ----------- ##

/* confdefs.h */
#define PACKAGE_NAME "libxcb"
#define PACKAGE_TARNAME "libxcb"
#define PACKAGE_VERSION "1.17.0"
#define PACKAGE_STRING "libxcb 1.17.0"
#define PACKAGE_BUGREPORT "https://gitlab.freedesktop.org/xorg/lib/libxcb/-/issues"
#define PACKAGE_URL ""
#define PACKAGE "libxcb"
#define VERSION "1.17.0"
#define HAVE_STDIO_H 1
#define HAVE_STDLIB_H 1
#define HAVE_STRING_H 1
#define HAVE_INTTYPES_H 1
#define HAVE_STDINT_H 1
#define HAVE_STRINGS_H 1
#define HAVE_SYS_STAT_H 1
#define HAVE_SYS_TYPES_H 1
#define HAVE_UNISTD_H 1
#define HAVE_WCHAR_H 1
#define STDC_HEADERS 1
#define _ALL_SOURCE 1
#define _DARWIN_C_SOURCE 1
#define _GNU_SOURCE 1
#define _HPUX_ALT_XOPEN_SOCKET_API 1
#define _NETBSD_SOURCE 1
#define _OPENBSD_SOURCE 1
#define _POSIX_PTHREAD_SEMANTICS 1
#define __STDC_WANT_IEC_60559_ATTRIBS_EXT__ 1
#define __STDC_WANT_IEC_60559_BFP_EXT__ 1
#define __STDC_WANT_IEC_60559_DFP_EXT__ 1
#define __STDC_WANT_IEC_60559_FUNCS_EXT__ 1
#define __STDC_WANT_IEC_60559_TYPES_EXT__ 1
#define __STDC_WANT_LIB_EXT2__ 1
#define __STDC_WANT_MATH_SPEC_FUNCS__ 1
#define _TANDEM_SOURCE 1
#define __EXTENSIONS__ 1
#define HAVE_DLFCN_H 1
#define LT_OBJDIR ".libs/"
#define PACKAGE_VERSION_MAJOR 1
#define PACKAGE_VERSION_MINOR 17
#define PACKAGE_VERSION_PATCHLEVEL 0
#define HAVE_SENDMSG 1
#define HAVE_ABSTRACT_SOCKETS 1
#define XCB_QUEUE_BUFFER_SIZE 16384
#define GCC_HAS_VISIBILITY /**/
#define HAVE_GETADDRINFO 1
#define USE_POLL 1

configure: exit 0
