This file contains any messages produced by compilers while
running configure, to aid debugging if configure makes a mistake.

It was created by xtrans configure 1.6.0, which was
generated by GNU Autoconf 2.72.  Invocation command line was

  $ ./configure --host=aarch64-linux-android35 --prefix=/usr --disable-static --enable-shared --disable-malloc0returnsnull --disable-dependency-tracking

## --------- ##
## Platform. ##
## --------- ##

hostname = 3c622a1b0904
uname -m = x86_64
uname -r = 6.6.87.2-microsoft-standard-WSL2
uname -s = Linux
uname -v = #1 SMP PREEMPT_DYNAMIC Thu Jun  5 18:30:46 UTC 2025

/usr/bin/uname -p = x86_64
/bin/uname -X     = unknown

/bin/arch              = x86_64
/usr/bin/arch -k       = unknown
/usr/convex/getsysinfo = unknown
/usr/bin/hostinfo      = unknown
/bin/machine           = unknown
/usr/bin/oslevel       = unknown
/bin/universe          = unknown

PATH: /opt/llvm-mingw/bin/
PATH: /usr/local/sbin/
PATH: /usr/local/bin/
PATH: /usr/sbin/
PATH: /usr/bin/
PATH: /sbin/
PATH: /bin/


## ----------- ##
## Core tests. ##
## ----------- ##

configure:2506: looking for aux files: config.guess config.sub compile missing install-sh
configure:2519:  trying ./
configure:2548:   ./config.guess found
configure:2548:   ./config.sub found
configure:2548:   ./compile found
configure:2548:   ./missing found
configure:2530:   ./install-sh found
configure:2681: checking for a BSD-compatible install
configure:2755: result: /usr/bin/install -c
configure:2766: checking whether sleep supports fractional seconds
configure:2782: result: yes
configure:2785: checking filesystem timestamp resolution
configure:2920: result: 0.01
configure:2925: checking whether build environment is sane
configure:2966: result: yes
configure:3032: checking for aarch64-linux-android35-strip
configure:3065: result: /opt/android-ndk/toolchains/llvm/prebuilt/linux-x86_64/bin/llvm-strip
configure:3137: checking for a race-free mkdir -p
configure:3180: result: /usr/bin/mkdir -p
configure:3187: checking for gawk
configure:3223: result: no
configure:3187: checking for mawk
configure:3208: found /usr/bin/mawk
configure:3220: result: mawk
configure:3231: checking whether make sets $(MAKE)
configure:3255: result: yes
configure:3281: checking whether make supports nested variables
configure:3300: result: yes
configure:3314: checking xargs -n works
configure:3330: result: yes
configure:3454: checking whether make supports the include directive
configure:3469: make -f confmf.GNU && cat confinc.out
this is the am__doit target
configure:3472: $? = 0
configure:3491: result: yes (GNU style)
configure:3522: checking for aarch64-linux-android35-gcc
configure:3555: result: /opt/android-ndk/toolchains/llvm/prebuilt/linux-x86_64/bin/aarch64-linux-android35-clang
configure:3960: checking for C compiler version
configure:3969: /opt/android-ndk/toolchains/llvm/prebuilt/linux-x86_64/bin/aarch64-linux-android35-clang --version >&5
Android (13989888, +pgo, +bolt, +lto, +mlgo, based on r563880c) clang version 21.0.0 (https://android.googlesource.com/toolchain/llvm-project 5e96669f06077099aa41290cdb4c5e6fa0f59349)
Target: aarch64-unknown-linux-android35
Thread model: posix
InstalledDir: /opt/android-ndk/toolchains/llvm/prebuilt/linux-x86_64/bin
configure:3980: $? = 0
configure:3969: /opt/android-ndk/toolchains/llvm/prebuilt/linux-x86_64/bin/aarch64-linux-android35-clang -v >&5
Android (13989888, +pgo, +bolt, +lto, +mlgo, based on r563880c) clang version 21.0.0 (https://android.googlesource.com/toolchain/llvm-project 5e96669f06077099aa41290cdb4c5e6fa0f59349)
Target: aarch64-unknown-linux-android35
Thread model: posix
InstalledDir: /opt/android-ndk/toolchains/llvm/prebuilt/linux-x86_64/bin
configure:3980: $? = 0
configure:3969: /opt/android-ndk/toolchains/llvm/prebuilt/linux-x86_64/bin/aarch64-linux-android35-clang -V >&5
clang: error: argument to '-V' is missing (expected 1 value)
clang: error: no input files
configure:3980: $? = 1
configure:3969: /opt/android-ndk/toolchains/llvm/prebuilt/linux-x86_64/bin/aarch64-linux-android35-clang -qversion >&5
clang: error: unknown argument '-qversion'; did you mean '--version'?
clang: error: no input files
configure:3980: $? = 1
configure:3969: /opt/android-ndk/toolchains/llvm/prebuilt/linux-x86_64/bin/aarch64-linux-android35-clang -version >&5
clang: error: unknown argument '-version'; did you mean '--version'?
clang: error: no input files
configure:3980: $? = 1
configure:4000: checking whether the C compiler works
configure:4022: /opt/android-ndk/toolchains/llvm/prebuilt/linux-x86_64/bin/aarch64-linux-android35-clang -O2 -I/work/androidsysroot/usr/include -L/work/androidsysroot/usr/lib conftest.c  >&5
configure:4026: $? = 0
configure:4077: result: yes
configure:4081: checking for C compiler default output file name
configure:4083: result: a.out
configure:4089: checking for suffix of executables
configure:4096: /opt/android-ndk/toolchains/llvm/prebuilt/linux-x86_64/bin/aarch64-linux-android35-clang -o conftest -O2 -I/work/androidsysroot/usr/include -L/work/androidsysroot/usr/lib conftest.c  >&5
configure:4100: $? = 0
configure:4124: result: 
configure:4148: checking whether we are cross compiling
configure:4156: /opt/android-ndk/toolchains/llvm/prebuilt/linux-x86_64/bin/aarch64-linux-android35-clang -o conftest -O2 -I/work/androidsysroot/usr/include -L/work/androidsysroot/usr/lib conftest.c  >&5
configure:4160: $? = 0
configure:4167: ./conftest
qemu-aarch64: Could not open '/system/bin/linker64': No such file or directory
configure:4171: $? = 255
configure:4186: result: yes
configure:4192: checking for suffix of object files
configure:4215: /opt/android-ndk/toolchains/llvm/prebuilt/linux-x86_64/bin/aarch64-linux-android35-clang -c -O2 -I/work/androidsysroot/usr/include conftest.c >&5
configure:4219: $? = 0
configure:4243: result: o
configure:4247: checking whether the compiler supports GNU C
configure:4267: /opt/android-ndk/toolchains/llvm/prebuilt/linux-x86_64/bin/aarch64-linux-android35-clang -c -O2 -I/work/androidsysroot/usr/include conftest.c >&5
configure:4267: $? = 0
configure:4279: result: yes
configure:4290: checking whether /opt/android-ndk/toolchains/llvm/prebuilt/linux-x86_64/bin/aarch64-linux-android35-clang accepts -g
configure:4311: /opt/android-ndk/toolchains/llvm/prebuilt/linux-x86_64/bin/aarch64-linux-android35-clang -c -g -I/work/androidsysroot/usr/include conftest.c >&5
configure:4311: $? = 0
configure:4358: result: yes
configure:4378: checking for /opt/android-ndk/toolchains/llvm/prebuilt/linux-x86_64/bin/aarch64-linux-android35-clang option to enable C11 features
configure:4393: /opt/android-ndk/toolchains/llvm/prebuilt/linux-x86_64/bin/aarch64-linux-android35-clang  -c -O2 -I/work/androidsysroot/usr/include conftest.c >&5
configure:4393: $? = 0
configure:4412: result: none needed
configure:4536: checking whether /opt/android-ndk/toolchains/llvm/prebuilt/linux-x86_64/bin/aarch64-linux-android35-clang understands -c and -o together
configure:4559: /opt/android-ndk/toolchains/llvm/prebuilt/linux-x86_64/bin/aarch64-linux-android35-clang -c conftest.c -o conftest2.o
configure:4562: $? = 0
configure:4559: /opt/android-ndk/toolchains/llvm/prebuilt/linux-x86_64/bin/aarch64-linux-android35-clang -c conftest.c -o conftest2.o
configure:4562: $? = 0
configure:4575: result: yes
configure:4594: checking dependency style of /opt/android-ndk/toolchains/llvm/prebuilt/linux-x86_64/bin/aarch64-linux-android35-clang
configure:4707: result: none
configure:4723: checking for /opt/android-ndk/toolchains/llvm/prebuilt/linux-x86_64/bin/aarch64-linux-android35-clang options needed to detect all undeclared functions
configure:4745: /opt/android-ndk/toolchains/llvm/prebuilt/linux-x86_64/bin/aarch64-linux-android35-clang -c -O2  -I/work/androidsysroot/usr/include conftest.c >&5
conftest.c:15:8: error: call to undeclared library function 'strchr' with type 'char *(const char *, int)'; ISO C99 and later do not support implicit function declarations [-Wimplicit-function-declaration]
   15 | (void) strchr;
      |        ^
conftest.c:15:8: note: include the header <string.h> or explicitly provide a declaration for 'strchr'
1 error generated.
configure:4745: $? = 1
configure: failed program was:
| /* confdefs.h */
| #define PACKAGE_NAME "xtrans"
| #define PACKAGE_TARNAME "xtrans"
| #define PACKAGE_VERSION "1.6.0"
| #define PACKAGE_STRING "xtrans 1.6.0"
| #define PACKAGE_BUGREPORT "https://gitlab.freedesktop.org/xorg/lib/libxtrans/-/issues"
| #define PACKAGE_URL ""
| #define PACKAGE "xtrans"
| #define VERSION "1.6.0"
| /* end confdefs.h.  */
| 
| int
| main (void)
| {
| (void) strchr;
|   ;
|   return 0;
| }
configure:4772: /opt/android-ndk/toolchains/llvm/prebuilt/linux-x86_64/bin/aarch64-linux-android35-clang -c -O2  -I/work/androidsysroot/usr/include conftest.c >&5
configure:4772: $? = 0
configure:4792: result: none needed
configure:4810: checking for stdio.h
configure:4810: /opt/android-ndk/toolchains/llvm/prebuilt/linux-x86_64/bin/aarch64-linux-android35-clang -c -O2 -I/work/androidsysroot/usr/include conftest.c >&5
configure:4810: $? = 0
configure:4810: result: yes
configure:4810: checking for stdlib.h
configure:4810: /opt/android-ndk/toolchains/llvm/prebuilt/linux-x86_64/bin/aarch64-linux-android35-clang -c -O2 -I/work/androidsysroot/usr/include conftest.c >&5
configure:4810: $? = 0
configure:4810: result: yes
configure:4810: checking for string.h
configure:4810: /opt/android-ndk/toolchains/llvm/prebuilt/linux-x86_64/bin/aarch64-linux-android35-clang -c -O2 -I/work/androidsysroot/usr/include conftest.c >&5
configure:4810: $? = 0
configure:4810: result: yes
configure:4810: checking for inttypes.h
configure:4810: /opt/android-ndk/toolchains/llvm/prebuilt/linux-x86_64/bin/aarch64-linux-android35-clang -c -O2 -I/work/androidsysroot/usr/include conftest.c >&5
configure:4810: $? = 0
configure:4810: result: yes
configure:4810: checking for stdint.h
configure:4810: /opt/android-ndk/toolchains/llvm/prebuilt/linux-x86_64/bin/aarch64-linux-android35-clang -c -O2 -I/work/androidsysroot/usr/include conftest.c >&5
configure:4810: $? = 0
configure:4810: result: yes
configure:4810: checking for strings.h
configure:4810: /opt/android-ndk/toolchains/llvm/prebuilt/linux-x86_64/bin/aarch64-linux-android35-clang -c -O2 -I/work/androidsysroot/usr/include conftest.c >&5
configure:4810: $? = 0
configure:4810: result: yes
configure:4810: checking for sys/stat.h
configure:4810: /opt/android-ndk/toolchains/llvm/prebuilt/linux-x86_64/bin/aarch64-linux-android35-clang -c -O2 -I/work/androidsysroot/usr/include conftest.c >&5
configure:4810: $? = 0
configure:4810: result: yes
configure:4810: checking for sys/types.h
configure:4810: /opt/android-ndk/toolchains/llvm/prebuilt/linux-x86_64/bin/aarch64-linux-android35-clang -c -O2 -I/work/androidsysroot/usr/include conftest.c >&5
configure:4810: $? = 0
configure:4810: result: yes
configure:4810: checking for unistd.h
configure:4810: /opt/android-ndk/toolchains/llvm/prebuilt/linux-x86_64/bin/aarch64-linux-android35-clang -c -O2 -I/work/androidsysroot/usr/include conftest.c >&5
configure:4810: $? = 0
configure:4810: result: yes
configure:4839: checking whether __clang__ is declared
configure:4839: /opt/android-ndk/toolchains/llvm/prebuilt/linux-x86_64/bin/aarch64-linux-android35-clang -c -O2  -I/work/androidsysroot/usr/include conftest.c >&5
configure:4839: $? = 0
configure:4839: result: yes
configure:4847: checking whether __INTEL_COMPILER is declared
configure:4847: /opt/android-ndk/toolchains/llvm/prebuilt/linux-x86_64/bin/aarch64-linux-android35-clang -c -O2  -I/work/androidsysroot/usr/include conftest.c >&5
conftest.c:56:10: error: use of undeclared identifier '__INTEL_COMPILER'
   56 |   (void) __INTEL_COMPILER;
      |          ^
1 error generated.
configure:4847: $? = 1
configure: failed program was:
| /* confdefs.h */
| #define PACKAGE_NAME "xtrans"
| #define PACKAGE_TARNAME "xtrans"
| #define PACKAGE_VERSION "1.6.0"
| #define PACKAGE_STRING "xtrans 1.6.0"
| #define PACKAGE_BUGREPORT "https://gitlab.freedesktop.org/xorg/lib/libxtrans/-/issues"
| #define PACKAGE_URL ""
| #define PACKAGE "xtrans"
| #define VERSION "1.6.0"
| #define HAVE_STDIO_H 1
| #define HAVE_STDLIB_H 1
| #define HAVE_STRING_H 1
| #define HAVE_INTTYPES_H 1
| #define HAVE_STDINT_H 1
| #define HAVE_STRINGS_H 1
| #define HAVE_SYS_STAT_H 1
| #define HAVE_SYS_TYPES_H 1
| #define HAVE_UNISTD_H 1
| #define STDC_HEADERS 1
| /* end confdefs.h.  */
| #include <stddef.h>
| #ifdef HAVE_STDIO_H
| # include <stdio.h>
| #endif
| #ifdef HAVE_STDLIB_H
| # include <stdlib.h>
| #endif
| #ifdef HAVE_STRING_H
| # include <string.h>
| #endif
| #ifdef HAVE_INTTYPES_H
| # include <inttypes.h>
| #endif
| #ifdef HAVE_STDINT_H
| # include <stdint.h>
| #endif
| #ifdef HAVE_STRINGS_H
| # include <strings.h>
| #endif
| #ifdef HAVE_SYS_TYPES_H
| # include <sys/types.h>
| #endif
| #ifdef HAVE_SYS_STAT_H
| # include <sys/stat.h>
| #endif
| #ifdef HAVE_UNISTD_H
| # include <unistd.h>
| #endif
| int
| main (void)
| {
| #ifndef __INTEL_COMPILER
| #ifdef __cplusplus
|   (void) __INTEL_COMPILER;
| #else
|   (void) __INTEL_COMPILER;
| #endif
| #endif
| 
|   ;
|   return 0;
| }
configure:4847: result: no
configure:4855: checking whether __SUNPRO_C is declared
configure:4855: /opt/android-ndk/toolchains/llvm/prebuilt/linux-x86_64/bin/aarch64-linux-android35-clang -c -O2  -I/work/androidsysroot/usr/include conftest.c >&5
conftest.c:56:10: error: use of undeclared identifier '__SUNPRO_C'
   56 |   (void) __SUNPRO_C;
      |          ^
1 error generated.
configure:4855: $? = 1
configure: failed program was:
| /* confdefs.h */
| #define PACKAGE_NAME "xtrans"
| #define PACKAGE_TARNAME "xtrans"
| #define PACKAGE_VERSION "1.6.0"
| #define PACKAGE_STRING "xtrans 1.6.0"
| #define PACKAGE_BUGREPORT "https://gitlab.freedesktop.org/xorg/lib/libxtrans/-/issues"
| #define PACKAGE_URL ""
| #define PACKAGE "xtrans"
| #define VERSION "1.6.0"
| #define HAVE_STDIO_H 1
| #define HAVE_STDLIB_H 1
| #define HAVE_STRING_H 1
| #define HAVE_INTTYPES_H 1
| #define HAVE_STDINT_H 1
| #define HAVE_STRINGS_H 1
| #define HAVE_SYS_STAT_H 1
| #define HAVE_SYS_TYPES_H 1
| #define HAVE_UNISTD_H 1
| #define STDC_HEADERS 1
| /* end confdefs.h.  */
| #include <stddef.h>
| #ifdef HAVE_STDIO_H
| # include <stdio.h>
| #endif
| #ifdef HAVE_STDLIB_H
| # include <stdlib.h>
| #endif
| #ifdef HAVE_STRING_H
| # include <string.h>
| #endif
| #ifdef HAVE_INTTYPES_H
| # include <inttypes.h>
| #endif
| #ifdef HAVE_STDINT_H
| # include <stdint.h>
| #endif
| #ifdef HAVE_STRINGS_H
| # include <strings.h>
| #endif
| #ifdef HAVE_SYS_TYPES_H
| # include <sys/types.h>
| #endif
| #ifdef HAVE_SYS_STAT_H
| # include <sys/stat.h>
| #endif
| #ifdef HAVE_UNISTD_H
| # include <unistd.h>
| #endif
| int
| main (void)
| {
| #ifndef __SUNPRO_C
| #ifdef __cplusplus
|   (void) __SUNPRO_C;
| #else
|   (void) __SUNPRO_C;
| #endif
| #endif
| 
|   ;
|   return 0;
| }
configure:4855: result: no
configure:4875: checking for aarch64-linux-android35-pkg-config
configure:4914: result: no
configure:4924: checking for pkg-config
configure:4947: found /usr/bin/pkg-config
configure:4960: result: /usr/bin/pkg-config
configure:4972: WARNING: using cross tools not prefixed with host triplet
configure:4985: checking pkg-config is at least version 0.9.0
configure:4988: result: yes
configure:5002: checking build system type
configure:5018: result: x86_64-pc-linux-android
configure:5038: checking host system type
configure:5053: result: aarch64-unknown-linux-android35
configure:5073: checking for a sed that does not truncate output
configure:5145: result: /usr/bin/sed
configure:5193: checking if /opt/android-ndk/toolchains/llvm/prebuilt/linux-x86_64/bin/aarch64-linux-android35-clang supports -Werror=unknown-warning-option
configure:5203: /opt/android-ndk/toolchains/llvm/prebuilt/linux-x86_64/bin/aarch64-linux-android35-clang -c -O2 -Werror=unknown-warning-option -I/work/androidsysroot/usr/include conftest.c >&5
configure:5203: $? = 0
configure:5213: result: yes
configure:5224: checking if /opt/android-ndk/toolchains/llvm/prebuilt/linux-x86_64/bin/aarch64-linux-android35-clang supports -Werror=unused-command-line-argument
configure:5234: /opt/android-ndk/toolchains/llvm/prebuilt/linux-x86_64/bin/aarch64-linux-android35-clang -c -O2 -Werror=unknown-warning-option -Werror=unused-command-line-argument -I/work/androidsysroot/usr/include conftest.c >&5
configure:5234: $? = 0
configure:5244: result: yes
configure:5263: checking if /opt/android-ndk/toolchains/llvm/prebuilt/linux-x86_64/bin/aarch64-linux-android35-clang supports -Wall
configure:5281: /opt/android-ndk/toolchains/llvm/prebuilt/linux-x86_64/bin/aarch64-linux-android35-clang -o conftest -O2 -Werror=unknown-warning-option -Werror=unused-command-line-argument -Wall -I/work/androidsysroot/usr/include -L/work/androidsysroot/usr/lib conftest.c  >&5
configure:5281: $? = 0
configure:5297: result: yes
configure:5393: checking if /opt/android-ndk/toolchains/llvm/prebuilt/linux-x86_64/bin/aarch64-linux-android35-clang supports -Wpointer-arith
configure:5411: /opt/android-ndk/toolchains/llvm/prebuilt/linux-x86_64/bin/aarch64-linux-android35-clang -o conftest -O2 -Werror=unknown-warning-option -Werror=unused-command-line-argument -Wpointer-arith -I/work/androidsysroot/usr/include -L/work/androidsysroot/usr/lib conftest.c  >&5
configure:5411: $? = 0
configure:5427: result: yes
configure:5523: checking if /opt/android-ndk/toolchains/llvm/prebuilt/linux-x86_64/bin/aarch64-linux-android35-clang supports -Wmissing-declarations
configure:5541: /opt/android-ndk/toolchains/llvm/prebuilt/linux-x86_64/bin/aarch64-linux-android35-clang -o conftest -O2 -Werror=unknown-warning-option -Werror=unused-command-line-argument -Wmissing-declarations -I/work/androidsysroot/usr/include -L/work/androidsysroot/usr/lib conftest.c  >&5
configure:5541: $? = 0
configure:5557: result: yes
configure:5653: checking if /opt/android-ndk/toolchains/llvm/prebuilt/linux-x86_64/bin/aarch64-linux-android35-clang supports -Wformat=2
configure:5671: /opt/android-ndk/toolchains/llvm/prebuilt/linux-x86_64/bin/aarch64-linux-android35-clang -o conftest -O2 -Werror=unknown-warning-option -Werror=unused-command-line-argument -Wformat=2 -I/work/androidsysroot/usr/include -L/work/androidsysroot/usr/lib conftest.c  >&5
configure:5671: $? = 0
configure:5687: result: yes
configure:5838: checking if /opt/android-ndk/toolchains/llvm/prebuilt/linux-x86_64/bin/aarch64-linux-android35-clang supports -Wstrict-prototypes
configure:5856: /opt/android-ndk/toolchains/llvm/prebuilt/linux-x86_64/bin/aarch64-linux-android35-clang -o conftest -O2 -Werror=unknown-warning-option -Werror=unused-command-line-argument -Wstrict-prototypes -I/work/androidsysroot/usr/include -L/work/androidsysroot/usr/lib conftest.c  >&5
configure:5856: $? = 0
configure:5872: result: yes
configure:5968: checking if /opt/android-ndk/toolchains/llvm/prebuilt/linux-x86_64/bin/aarch64-linux-android35-clang supports -Wmissing-prototypes
configure:5986: /opt/android-ndk/toolchains/llvm/prebuilt/linux-x86_64/bin/aarch64-linux-android35-clang -o conftest -O2 -Werror=unknown-warning-option -Werror=unused-command-line-argument -Wmissing-prototypes -I/work/androidsysroot/usr/include -L/work/androidsysroot/usr/lib conftest.c  >&5
configure:5986: $? = 0
configure:6002: result: yes
configure:6098: checking if /opt/android-ndk/toolchains/llvm/prebuilt/linux-x86_64/bin/aarch64-linux-android35-clang supports -Wnested-externs
configure:6116: /opt/android-ndk/toolchains/llvm/prebuilt/linux-x86_64/bin/aarch64-linux-android35-clang -o conftest -O2 -Werror=unknown-warning-option -Werror=unused-command-line-argument -Wnested-externs -I/work/androidsysroot/usr/include -L/work/androidsysroot/usr/lib conftest.c  >&5
configure:6116: $? = 0
configure:6132: result: yes
configure:6228: checking if /opt/android-ndk/toolchains/llvm/prebuilt/linux-x86_64/bin/aarch64-linux-android35-clang supports -Wbad-function-cast
configure:6246: /opt/android-ndk/toolchains/llvm/prebuilt/linux-x86_64/bin/aarch64-linux-android35-clang -o conftest -O2 -Werror=unknown-warning-option -Werror=unused-command-line-argument -Wbad-function-cast -I/work/androidsysroot/usr/include -L/work/androidsysroot/usr/lib conftest.c  >&5
configure:6246: $? = 0
configure:6262: result: yes
configure:6358: checking if /opt/android-ndk/toolchains/llvm/prebuilt/linux-x86_64/bin/aarch64-linux-android35-clang supports -Wold-style-definition
configure:6376: /opt/android-ndk/toolchains/llvm/prebuilt/linux-x86_64/bin/aarch64-linux-android35-clang -o conftest -O2 -Werror=unknown-warning-option -Werror=unused-command-line-argument -Wold-style-definition -I/work/androidsysroot/usr/include -L/work/androidsysroot/usr/lib conftest.c  >&5
configure:6376: $? = 0
configure:6392: result: yes
configure:6545: checking if /opt/android-ndk/toolchains/llvm/prebuilt/linux-x86_64/bin/aarch64-linux-android35-clang supports -Wunused
configure:6563: /opt/android-ndk/toolchains/llvm/prebuilt/linux-x86_64/bin/aarch64-linux-android35-clang -o conftest -O2 -Werror=unknown-warning-option -Werror=unused-command-line-argument -Wunused -I/work/androidsysroot/usr/include -L/work/androidsysroot/usr/lib conftest.c  >&5
configure:6563: $? = 0
configure:6579: result: yes
configure:6675: checking if /opt/android-ndk/toolchains/llvm/prebuilt/linux-x86_64/bin/aarch64-linux-android35-clang supports -Wuninitialized
configure:6693: /opt/android-ndk/toolchains/llvm/prebuilt/linux-x86_64/bin/aarch64-linux-android35-clang -o conftest -O2 -Werror=unknown-warning-option -Werror=unused-command-line-argument -Wuninitialized -I/work/androidsysroot/usr/include -L/work/androidsysroot/usr/lib conftest.c  >&5
configure:6693: $? = 0
configure:6709: result: yes
configure:6805: checking if /opt/android-ndk/toolchains/llvm/prebuilt/linux-x86_64/bin/aarch64-linux-android35-clang supports -Wshadow
configure:6823: /opt/android-ndk/toolchains/llvm/prebuilt/linux-x86_64/bin/aarch64-linux-android35-clang -o conftest -O2 -Werror=unknown-warning-option -Werror=unused-command-line-argument -Wshadow -I/work/androidsysroot/usr/include -L/work/androidsysroot/usr/lib conftest.c  >&5
configure:6823: $? = 0
configure:6839: result: yes
configure:6935: checking if /opt/android-ndk/toolchains/llvm/prebuilt/linux-x86_64/bin/aarch64-linux-android35-clang supports -Wmissing-noreturn
configure:6953: /opt/android-ndk/toolchains/llvm/prebuilt/linux-x86_64/bin/aarch64-linux-android35-clang -o conftest -O2 -Werror=unknown-warning-option -Werror=unused-command-line-argument -Wmissing-noreturn -I/work/androidsysroot/usr/include -L/work/androidsysroot/usr/lib conftest.c  >&5
configure:6953: $? = 0
configure:6969: result: yes
configure:7065: checking if /opt/android-ndk/toolchains/llvm/prebuilt/linux-x86_64/bin/aarch64-linux-android35-clang supports -Wmissing-format-attribute
configure:7083: /opt/android-ndk/toolchains/llvm/prebuilt/linux-x86_64/bin/aarch64-linux-android35-clang -o conftest -O2 -Werror=unknown-warning-option -Werror=unused-command-line-argument -Wmissing-format-attribute -I/work/androidsysroot/usr/include -L/work/androidsysroot/usr/lib conftest.c  >&5
configure:7083: $? = 0
configure:7099: result: yes
configure:7195: checking if /opt/android-ndk/toolchains/llvm/prebuilt/linux-x86_64/bin/aarch64-linux-android35-clang supports -Wredundant-decls
configure:7213: /opt/android-ndk/toolchains/llvm/prebuilt/linux-x86_64/bin/aarch64-linux-android35-clang -o conftest -O2 -Werror=unknown-warning-option -Werror=unused-command-line-argument -Wredundant-decls -I/work/androidsysroot/usr/include -L/work/androidsysroot/usr/lib conftest.c  >&5
configure:7213: $? = 0
configure:7229: result: yes
configure:7325: checking if /opt/android-ndk/toolchains/llvm/prebuilt/linux-x86_64/bin/aarch64-linux-android35-clang supports -Wlogical-op
configure:7343: /opt/android-ndk/toolchains/llvm/prebuilt/linux-x86_64/bin/aarch64-linux-android35-clang -o conftest -O2 -Werror=unknown-warning-option -Werror=unused-command-line-argument -Wlogical-op -I/work/androidsysroot/usr/include -L/work/androidsysroot/usr/lib conftest.c  >&5
error: unknown warning option '-Wlogical-op'; did you mean '-Wlong-long'? [-Werror,-Wunknown-warning-option]
configure:7343: $? = 1
configure: failed program was:
| /* confdefs.h */
| #define PACKAGE_NAME "xtrans"
| #define PACKAGE_TARNAME "xtrans"
| #define PACKAGE_VERSION "1.6.0"
| #define PACKAGE_STRING "xtrans 1.6.0"
| #define PACKAGE_BUGREPORT "https://gitlab.freedesktop.org/xorg/lib/libxtrans/-/issues"
| #define PACKAGE_URL ""
| #define PACKAGE "xtrans"
| #define VERSION "1.6.0"
| #define HAVE_STDIO_H 1
| #define HAVE_STDLIB_H 1
| #define HAVE_STRING_H 1
| #define HAVE_INTTYPES_H 1
| #define HAVE_STDINT_H 1
| #define HAVE_STRINGS_H 1
| #define HAVE_SYS_STAT_H 1
| #define HAVE_SYS_TYPES_H 1
| #define HAVE_UNISTD_H 1
| #define STDC_HEADERS 1
| /* end confdefs.h.  */
| int i;
| int
| main (void)
| {
| 
|   ;
|   return 0;
| }
configure:7359: result: no
configure:7467: checking if /opt/android-ndk/toolchains/llvm/prebuilt/linux-x86_64/bin/aarch64-linux-android35-clang supports -Werror=implicit
configure:7485: /opt/android-ndk/toolchains/llvm/prebuilt/linux-x86_64/bin/aarch64-linux-android35-clang -o conftest -O2 -Werror=unknown-warning-option -Werror=unused-command-line-argument -Werror=implicit -I/work/androidsysroot/usr/include -L/work/androidsysroot/usr/lib conftest.c  >&5
configure:7485: $? = 0
configure:7501: result: yes
configure:7650: checking if /opt/android-ndk/toolchains/llvm/prebuilt/linux-x86_64/bin/aarch64-linux-android35-clang supports -Werror=nonnull
configure:7668: /opt/android-ndk/toolchains/llvm/prebuilt/linux-x86_64/bin/aarch64-linux-android35-clang -o conftest -O2 -Werror=unknown-warning-option -Werror=unused-command-line-argument -Werror=nonnull -I/work/androidsysroot/usr/include -L/work/androidsysroot/usr/lib conftest.c  >&5
configure:7668: $? = 0
configure:7684: result: yes
configure:7780: checking if /opt/android-ndk/toolchains/llvm/prebuilt/linux-x86_64/bin/aarch64-linux-android35-clang supports -Werror=init-self
configure:7798: /opt/android-ndk/toolchains/llvm/prebuilt/linux-x86_64/bin/aarch64-linux-android35-clang -o conftest -O2 -Werror=unknown-warning-option -Werror=unused-command-line-argument -Werror=init-self -I/work/androidsysroot/usr/include -L/work/androidsysroot/usr/lib conftest.c  >&5
configure:7798: $? = 0
configure:7814: result: yes
configure:7910: checking if /opt/android-ndk/toolchains/llvm/prebuilt/linux-x86_64/bin/aarch64-linux-android35-clang supports -Werror=main
configure:7928: /opt/android-ndk/toolchains/llvm/prebuilt/linux-x86_64/bin/aarch64-linux-android35-clang -o conftest -O2 -Werror=unknown-warning-option -Werror=unused-command-line-argument -Werror=main -I/work/androidsysroot/usr/include -L/work/androidsysroot/usr/lib conftest.c  >&5
configure:7928: $? = 0
configure:7944: result: yes
configure:8040: checking if /opt/android-ndk/toolchains/llvm/prebuilt/linux-x86_64/bin/aarch64-linux-android35-clang supports -Werror=missing-braces
configure:8058: /opt/android-ndk/toolchains/llvm/prebuilt/linux-x86_64/bin/aarch64-linux-android35-clang -o conftest -O2 -Werror=unknown-warning-option -Werror=unused-command-line-argument -Werror=missing-braces -I/work/androidsysroot/usr/include -L/work/androidsysroot/usr/lib conftest.c  >&5
configure:8058: $? = 0
configure:8074: result: yes
configure:8170: checking if /opt/android-ndk/toolchains/llvm/prebuilt/linux-x86_64/bin/aarch64-linux-android35-clang supports -Werror=sequence-point
configure:8188: /opt/android-ndk/toolchains/llvm/prebuilt/linux-x86_64/bin/aarch64-linux-android35-clang -o conftest -O2 -Werror=unknown-warning-option -Werror=unused-command-line-argument -Werror=sequence-point -I/work/androidsysroot/usr/include -L/work/androidsysroot/usr/lib conftest.c  >&5
configure:8188: $? = 0
configure:8204: result: yes
configure:8300: checking if /opt/android-ndk/toolchains/llvm/prebuilt/linux-x86_64/bin/aarch64-linux-android35-clang supports -Werror=return-type
configure:8318: /opt/android-ndk/toolchains/llvm/prebuilt/linux-x86_64/bin/aarch64-linux-android35-clang -o conftest -O2 -Werror=unknown-warning-option -Werror=unused-command-line-argument -Werror=return-type -I/work/androidsysroot/usr/include -L/work/androidsysroot/usr/lib conftest.c  >&5
configure:8318: $? = 0
configure:8334: result: yes
configure:8483: checking if /opt/android-ndk/toolchains/llvm/prebuilt/linux-x86_64/bin/aarch64-linux-android35-clang supports -Werror=trigraphs
configure:8501: /opt/android-ndk/toolchains/llvm/prebuilt/linux-x86_64/bin/aarch64-linux-android35-clang -o conftest -O2 -Werror=unknown-warning-option -Werror=unused-command-line-argument -Werror=trigraphs -I/work/androidsysroot/usr/include -L/work/androidsysroot/usr/lib conftest.c  >&5
configure:8501: $? = 0
configure:8517: result: yes
configure:8613: checking if /opt/android-ndk/toolchains/llvm/prebuilt/linux-x86_64/bin/aarch64-linux-android35-clang supports -Werror=array-bounds
configure:8631: /opt/android-ndk/toolchains/llvm/prebuilt/linux-x86_64/bin/aarch64-linux-android35-clang -o conftest -O2 -Werror=unknown-warning-option -Werror=unused-command-line-argument -Werror=array-bounds -I/work/androidsysroot/usr/include -L/work/androidsysroot/usr/lib conftest.c  >&5
configure:8631: $? = 0
configure:8647: result: yes
configure:8743: checking if /opt/android-ndk/toolchains/llvm/prebuilt/linux-x86_64/bin/aarch64-linux-android35-clang supports -Werror=write-strings
configure:8761: /opt/android-ndk/toolchains/llvm/prebuilt/linux-x86_64/bin/aarch64-linux-android35-clang -o conftest -O2 -Werror=unknown-warning-option -Werror=unused-command-line-argument -Werror=write-strings -I/work/androidsysroot/usr/include -L/work/androidsysroot/usr/lib conftest.c  >&5
configure:8761: $? = 0
configure:8777: result: yes
configure:8873: checking if /opt/android-ndk/toolchains/llvm/prebuilt/linux-x86_64/bin/aarch64-linux-android35-clang supports -Werror=address
configure:8891: /opt/android-ndk/toolchains/llvm/prebuilt/linux-x86_64/bin/aarch64-linux-android35-clang -o conftest -O2 -Werror=unknown-warning-option -Werror=unused-command-line-argument -Werror=address -I/work/androidsysroot/usr/include -L/work/androidsysroot/usr/lib conftest.c  >&5
configure:8891: $? = 0
configure:8907: result: yes
configure:9003: checking if /opt/android-ndk/toolchains/llvm/prebuilt/linux-x86_64/bin/aarch64-linux-android35-clang supports -Werror=int-to-pointer-cast
configure:9021: /opt/android-ndk/toolchains/llvm/prebuilt/linux-x86_64/bin/aarch64-linux-android35-clang -o conftest -O2 -Werror=unknown-warning-option -Werror=unused-command-line-argument -Werror=int-to-pointer-cast -I/work/androidsysroot/usr/include -L/work/androidsysroot/usr/lib conftest.c  >&5
configure:9021: $? = 0
configure:9037: result: yes
configure:9186: checking if /opt/android-ndk/toolchains/llvm/prebuilt/linux-x86_64/bin/aarch64-linux-android35-clang supports -Werror=pointer-to-int-cast
configure:9204: /opt/android-ndk/toolchains/llvm/prebuilt/linux-x86_64/bin/aarch64-linux-android35-clang -o conftest -O2 -Werror=unknown-warning-option -Werror=unused-command-line-argument -Werror=pointer-to-int-cast -I/work/androidsysroot/usr/include -L/work/androidsysroot/usr/lib conftest.c  >&5
configure:9204: $? = 0
configure:9220: result: yes
configure:11044: checking if /opt/android-ndk/toolchains/llvm/prebuilt/linux-x86_64/bin/aarch64-linux-android35-clang supports -pedantic
configure:11062: /opt/android-ndk/toolchains/llvm/prebuilt/linux-x86_64/bin/aarch64-linux-android35-clang -o conftest -O2 -Werror=unknown-warning-option -Werror=unused-command-line-argument -pedantic -I/work/androidsysroot/usr/include -L/work/androidsysroot/usr/lib conftest.c  >&5
configure:11062: $? = 0
configure:11078: result: yes
configure:11174: checking if /opt/android-ndk/toolchains/llvm/prebuilt/linux-x86_64/bin/aarch64-linux-android35-clang supports -Werror
configure:11192: /opt/android-ndk/toolchains/llvm/prebuilt/linux-x86_64/bin/aarch64-linux-android35-clang -o conftest -O2 -Werror=unknown-warning-option -Werror=unused-command-line-argument -Werror -I/work/androidsysroot/usr/include -L/work/androidsysroot/usr/lib conftest.c  >&5
configure:11192: $? = 0
configure:11208: result: yes
configure:11360: checking if /opt/android-ndk/toolchains/llvm/prebuilt/linux-x86_64/bin/aarch64-linux-android35-clang supports -Werror=attributes
configure:11378: /opt/android-ndk/toolchains/llvm/prebuilt/linux-x86_64/bin/aarch64-linux-android35-clang -o conftest -O2 -Werror=unknown-warning-option -Werror=unused-command-line-argument -Werror=attributes -I/work/androidsysroot/usr/include -L/work/androidsysroot/usr/lib conftest.c  >&5
configure:11378: $? = 0
configure:11394: result: yes
configure:11601: checking whether to build documentation
configure:11603: result: yes
configure:11624: checking for xmlto
configure:11663: result: no
configure:11669: WARNING: xmlto not found - documentation targets will be skipped
configure:11831: checking for fop
configure:11870: result: no
configure:11876: WARNING: fop not found - documentation targets will be skipped
configure:11974: checking for xsltproc
configure:12013: result: no
configure:12019: WARNING: xsltproc not found - cannot transform XML documents
configure:12096: checking for X.Org SGML entities >= 1.8
configure:12100: $PKG_CONFIG --exists --print-errors "xorg-sgml-doctools >= 1.8"
Package xorg-sgml-doctools was not found in the pkg-config search path.
Perhaps you should add the directory containing `xorg-sgml-doctools.pc'
to the PKG_CONFIG_PATH environment variable
Package 'xorg-sgml-doctools', required by 'virtual:world', not found
configure:12103: $? = 1
configure:12119: result: no
configure:12141: checking for fchown
configure:12141: /opt/android-ndk/toolchains/llvm/prebuilt/linux-x86_64/bin/aarch64-linux-android35-clang -o conftest -O2 -I/work/androidsysroot/usr/include -L/work/androidsysroot/usr/lib conftest.c  >&5
configure:12141: $? = 0
configure:12141: result: yes
configure:12299: checking that generated files are newer than configure
configure:12305: result: done
configure:12364: creating ./config.status

## ---------------------- ##
## Running config.status. ##
## ---------------------- ##

This file was extended by xtrans config.status 1.6.0, which was
generated by GNU Autoconf 2.72.  Invocation command line was

  CONFIG_FILES    = 
  CONFIG_HEADERS  = 
  CONFIG_LINKS    = 
  CONFIG_COMMANDS = 
  $ ./config.status 

on 3c622a1b0904

config.status:842: creating Makefile
config.status:842: creating doc/Makefile
config.status:842: creating xtrans.pc
config.status:1014: executing depfiles commands
configure:13492: WARNING: unrecognized options: --disable-static, --enable-shared, --disable-malloc0returnsnull

## ---------------- ##
## Cache variables. ##
## ---------------- ##

ac_cv_build=x86_64-pc-linux-android
ac_cv_c_compiler_gnu=yes
ac_cv_c_undeclared_builtin_options='none needed'
ac_cv_env_CC_set=set
ac_cv_env_CC_value=/opt/android-ndk/toolchains/llvm/prebuilt/linux-x86_64/bin/aarch64-linux-android35-clang
ac_cv_env_CFLAGS_set=set
ac_cv_env_CFLAGS_value=-O2
ac_cv_env_CPPFLAGS_set=set
ac_cv_env_CPPFLAGS_value=-I/work/androidsysroot/usr/include
ac_cv_env_FOP_set=
ac_cv_env_FOP_value=
ac_cv_env_LDFLAGS_set=set
ac_cv_env_LDFLAGS_value=-L/work/androidsysroot/usr/lib
ac_cv_env_LIBS_set=
ac_cv_env_LIBS_value=
ac_cv_env_PKG_CONFIG_LIBDIR_set=set
ac_cv_env_PKG_CONFIG_LIBDIR_value=/work/androidsysroot/usr/lib/pkgconfig:/work/androidsysroot/usr/share/pkgconfig
ac_cv_env_PKG_CONFIG_PATH_set=
ac_cv_env_PKG_CONFIG_PATH_value=
ac_cv_env_PKG_CONFIG_set=
ac_cv_env_PKG_CONFIG_value=
ac_cv_env_XMLTO_set=
ac_cv_env_XMLTO_value=
ac_cv_env_XSLTPROC_set=
ac_cv_env_XSLTPROC_value=
ac_cv_env_build_alias_set=
ac_cv_env_build_alias_value=
ac_cv_env_host_alias_set=set
ac_cv_env_host_alias_value=aarch64-linux-android35
ac_cv_env_target_alias_set=
ac_cv_env_target_alias_value=
ac_cv_func_fchown=yes
ac_cv_have_decl___INTEL_COMPILER=no
ac_cv_have_decl___SUNPRO_C=no
ac_cv_have_decl___clang__=yes
ac_cv_header_inttypes_h=yes
ac_cv_header_stdint_h=yes
ac_cv_header_stdio_h=yes
ac_cv_header_stdlib_h=yes
ac_cv_header_string_h=yes
ac_cv_header_strings_h=yes
ac_cv_header_sys_stat_h=yes
ac_cv_header_sys_types_h=yes
ac_cv_header_unistd_h=yes
ac_cv_host=aarch64-unknown-linux-android35
ac_cv_objext=o
ac_cv_path_SED=/usr/bin/sed
ac_cv_path_ac_pt_PKG_CONFIG=/usr/bin/pkg-config
ac_cv_path_install='/usr/bin/install -c'
ac_cv_path_mkdir=/usr/bin/mkdir
ac_cv_prog_AWK=mawk
ac_cv_prog_CC=/opt/android-ndk/toolchains/llvm/prebuilt/linux-x86_64/bin/aarch64-linux-android35-clang
ac_cv_prog_STRIP=/opt/android-ndk/toolchains/llvm/prebuilt/linux-x86_64/bin/llvm-strip
ac_cv_prog_cc_c11=
ac_cv_prog_cc_g=yes
ac_cv_prog_cc_stdc=
ac_cv_prog_make_make_set=yes
am_cv_CC_dependencies_compiler_type=none
am_cv_filesystem_timestamp_resolution=0.01
am_cv_make_support_nested_variables=yes
am_cv_prog_cc_c_o=yes
am_cv_sleep_fractional_seconds=yes
am_cv_xargs_n_works=yes
xorg_cv_cc_flag__Wall=yes
xorg_cv_cc_flag__Wbad_function_cast=yes
xorg_cv_cc_flag__Werror=yes
xorg_cv_cc_flag__Werror_address=yes
xorg_cv_cc_flag__Werror_array_bounds=yes
xorg_cv_cc_flag__Werror_attributes=yes
xorg_cv_cc_flag__Werror_implicit=yes
xorg_cv_cc_flag__Werror_init_self=yes
xorg_cv_cc_flag__Werror_int_to_pointer_cast=yes
xorg_cv_cc_flag__Werror_main=yes
xorg_cv_cc_flag__Werror_missing_braces=yes
xorg_cv_cc_flag__Werror_nonnull=yes
xorg_cv_cc_flag__Werror_pointer_to_int_cast=yes
xorg_cv_cc_flag__Werror_return_type=yes
xorg_cv_cc_flag__Werror_sequence_point=yes
xorg_cv_cc_flag__Werror_trigraphs=yes
xorg_cv_cc_flag__Werror_write_strings=yes
xorg_cv_cc_flag__Wformat_2=yes
xorg_cv_cc_flag__Wlogical_op=no
xorg_cv_cc_flag__Wmissing_declarations=yes
xorg_cv_cc_flag__Wmissing_format_attribute=yes
xorg_cv_cc_flag__Wmissing_noreturn=yes
xorg_cv_cc_flag__Wmissing_prototypes=yes
xorg_cv_cc_flag__Wnested_externs=yes
xorg_cv_cc_flag__Wold_style_definition=yes
xorg_cv_cc_flag__Wpointer_arith=yes
xorg_cv_cc_flag__Wredundant_decls=yes
xorg_cv_cc_flag__Wshadow=yes
xorg_cv_cc_flag__Wstrict_prototypes=yes
xorg_cv_cc_flag__Wuninitialized=yes
xorg_cv_cc_flag__Wunused=yes
xorg_cv_cc_flag__pedantic=yes
xorg_cv_cc_flag_unknown_warning_option=yes
xorg_cv_cc_flag_unused_command_line_argument=yes

## ----------------- ##
## Output variables. ##
## ----------------- ##

ACLOCAL='${SHELL} '\''/work/x11-build/xtrans-1.6.0/missing'\'' aclocal-1.17'
ADMIN_MAN_DIR='$(mandir)/man$(ADMIN_MAN_SUFFIX)'
ADMIN_MAN_SUFFIX='8'
AMDEPBACKSLASH=''
AMDEP_FALSE=''
AMDEP_TRUE='#'
AMTAR='$${TAR-tar}'
AM_BACKSLASH='\'
AM_DEFAULT_V='$(AM_DEFAULT_VERBOSITY)'
AM_DEFAULT_VERBOSITY='0'
AM_V='$(V)'
APP_MAN_DIR='$(mandir)/man$(APP_MAN_SUFFIX)'
APP_MAN_SUFFIX='1'
AUTOCONF='${SHELL} '\''/work/x11-build/xtrans-1.6.0/missing'\'' autoconf'
AUTOHEADER='${SHELL} '\''/work/x11-build/xtrans-1.6.0/missing'\'' autoheader'
AUTOMAKE='${SHELL} '\''/work/x11-build/xtrans-1.6.0/missing'\'' automake-1.17'
AWK='mawk'
BASE_CFLAGS=' -Wall -Wpointer-arith -Wmissing-declarations -Wformat=2 -Wstrict-prototypes -Wmissing-prototypes -Wnested-externs -Wbad-function-cast -Wold-style-definition -Wunused -Wuninitialized -Wshadow -Wmissing-noreturn -Wmissing-format-attribute -Wredundant-decls -Werror=implicit -Werror=nonnull -Werror=init-self -Werror=main -Werror=missing-braces -Werror=sequence-point -Werror=return-type -Werror=trigraphs -Werror=array-bounds -Werror=write-strings -Werror=address -Werror=int-to-pointer-cast -Werror=pointer-to-int-cast'
CC='/opt/android-ndk/toolchains/llvm/prebuilt/linux-x86_64/bin/aarch64-linux-android35-clang'
CCDEPMODE='depmode=none'
CFLAGS='-O2'
CHANGELOG_CMD='((GIT_DIR=$(top_srcdir)/.git git log > $(top_srcdir)/.changelog.tmp) 2>/dev/null && mv $(top_srcdir)/.changelog.tmp $(top_srcdir)/ChangeLog) || (rm -f $(top_srcdir)/.changelog.tmp; test -e $(top_srcdir)/ChangeLog || ( touch $(top_srcdir)/ChangeLog; echo '\''git failed to create ChangeLog: installing empty ChangeLog.'\'' >&2))'
CPPFLAGS='-I/work/androidsysroot/usr/include'
CSCOPE='cscope'
CTAGS='ctags'
CWARNFLAGS=' -Wall -Wpointer-arith -Wmissing-declarations -Wformat=2 -Wstrict-prototypes -Wmissing-prototypes -Wnested-externs -Wbad-function-cast -Wold-style-definition -Wunused -Wuninitialized -Wshadow -Wmissing-noreturn -Wmissing-format-attribute -Wredundant-decls -Werror=implicit -Werror=nonnull -Werror=init-self -Werror=main -Werror=missing-braces -Werror=sequence-point -Werror=return-type -Werror=trigraphs -Werror=array-bounds -Werror=write-strings -Werror=address -Werror=int-to-pointer-cast -Werror=pointer-to-int-cast -fno-strict-aliasing'
CYGPATH_W='echo'
DEFS='-DPACKAGE_NAME=\"xtrans\" -DPACKAGE_TARNAME=\"xtrans\" -DPACKAGE_VERSION=\"1.6.0\" -DPACKAGE_STRING=\"xtrans\ 1.6.0\" -DPACKAGE_BUGREPORT=\"https://gitlab.freedesktop.org/xorg/lib/libxtrans/-/issues\" -DPACKAGE_URL=\"\" -DPACKAGE=\"xtrans\" -DVERSION=\"1.6.0\" -DHAVE_STDIO_H=1 -DHAVE_STDLIB_H=1 -DHAVE_STRING_H=1 -DHAVE_INTTYPES_H=1 -DHAVE_STDINT_H=1 -DHAVE_STRINGS_H=1 -DHAVE_SYS_STAT_H=1 -DHAVE_SYS_TYPES_H=1 -DHAVE_UNISTD_H=1 -DSTDC_HEADERS=1 -DPACKAGE_VERSION_MAJOR=1 -DPACKAGE_VERSION_MINOR=6 -DPACKAGE_VERSION_PATCHLEVEL=0'
DEPDIR='.deps'
DRIVER_MAN_DIR='$(mandir)/man$(DRIVER_MAN_SUFFIX)'
DRIVER_MAN_SUFFIX='4'
ECHO_C=''
ECHO_N='-n'
ECHO_T=''
ENABLE_DOCS_FALSE='#'
ENABLE_DOCS_TRUE=''
ETAGS='etags'
EXEEXT=''
FILE_MAN_DIR='$(mandir)/man$(FILE_MAN_SUFFIX)'
FILE_MAN_SUFFIX='5'
FOP=''
HAVE_FOP_FALSE=''
HAVE_FOP_TRUE='#'
HAVE_STYLESHEETS_FALSE=''
HAVE_STYLESHEETS_TRUE='#'
HAVE_XMLTO_FALSE=''
HAVE_XMLTO_TEXT_FALSE=''
HAVE_XMLTO_TEXT_TRUE='#'
HAVE_XMLTO_TRUE='#'
HAVE_XSLTPROC_FALSE=''
HAVE_XSLTPROC_TRUE='#'
INSTALL_CMD='(cp -f /work/androidsysroot/usr/share/util-macros/INSTALL $(top_srcdir)/.INSTALL.tmp && mv $(top_srcdir)/.INSTALL.tmp $(top_srcdir)/INSTALL) || (rm -f $(top_srcdir)/.INSTALL.tmp; test -e $(top_srcdir)/INSTALL || ( touch $(top_srcdir)/INSTALL; echo '\''failed to copy INSTALL from util-macros: installing empty INSTALL.'\'' >&2))'
INSTALL_DATA='${INSTALL} -m 644'
INSTALL_PROGRAM='${INSTALL}'
INSTALL_SCRIPT='${INSTALL}'
INSTALL_STRIP_PROGRAM='$(install_sh) -c -s'
LDFLAGS='-L/work/androidsysroot/usr/lib'
LIBOBJS=''
LIBS=''
LIB_MAN_DIR='$(mandir)/man$(LIB_MAN_SUFFIX)'
LIB_MAN_SUFFIX='3'
LTLIBOBJS=''
MAKEINFO='${SHELL} '\''/work/x11-build/xtrans-1.6.0/missing'\'' makeinfo'
MAN_SUBSTS='	-e '\''s|__vendorversion__|"$(PACKAGE_STRING)" "$(XORG_MAN_PAGE)"|'\'' 	-e '\''s|__xorgversion__|"$(PACKAGE_STRING)" "$(XORG_MAN_PAGE)"|'\'' 	-e '\''s|__xservername__|Xorg|g'\'' 	-e '\''s|__xconfigfile__|xorg.conf|g'\'' 	-e '\''s|__projectroot__|$(prefix)|g'\'' 	-e '\''s|__apploaddir__|$(appdefaultdir)|g'\'' 	-e '\''s|__appmansuffix__|$(APP_MAN_SUFFIX)|g'\'' 	-e '\''s|__drivermansuffix__|$(DRIVER_MAN_SUFFIX)|g'\'' 	-e '\''s|__adminmansuffix__|$(ADMIN_MAN_SUFFIX)|g'\'' 	-e '\''s|__libmansuffix__|$(LIB_MAN_SUFFIX)|g'\'' 	-e '\''s|__miscmansuffix__|$(MISC_MAN_SUFFIX)|g'\'' 	-e '\''s|__filemansuffix__|$(FILE_MAN_SUFFIX)|g'\'''
MISC_MAN_DIR='$(mandir)/man$(MISC_MAN_SUFFIX)'
MISC_MAN_SUFFIX='7'
MKDIR_P='/usr/bin/mkdir -p'
OBJEXT='o'
PACKAGE='xtrans'
PACKAGE_BUGREPORT='https://gitlab.freedesktop.org/xorg/lib/libxtrans/-/issues'
PACKAGE_NAME='xtrans'
PACKAGE_STRING='xtrans 1.6.0'
PACKAGE_TARNAME='xtrans'
PACKAGE_URL=''
PACKAGE_VERSION='1.6.0'
PATH_SEPARATOR=':'
PKG_CONFIG='/usr/bin/pkg-config'
PKG_CONFIG_LIBDIR='/work/androidsysroot/usr/lib/pkgconfig:/work/androidsysroot/usr/share/pkgconfig'
PKG_CONFIG_PATH=''
SED='/usr/bin/sed'
SET_MAKE=''
SHELL='/bin/bash'
STRICT_CFLAGS=' -pedantic -Werror -Werror=attributes'
STRIP='/opt/android-ndk/toolchains/llvm/prebuilt/linux-x86_64/bin/llvm-strip'
STYLESHEET_SRCDIR=''
VERSION='1.6.0'
XMLTO=''
XORG_MAN_PAGE='X Version 11'
XORG_SGML_PATH=''
XSLTPROC=''
XSL_STYLESHEET=''
ac_ct_CC=''
am__EXEEXT_FALSE=''
am__EXEEXT_TRUE='#'
am__fastdepCC_FALSE=''
am__fastdepCC_TRUE='#'
am__include='include'
am__isrc=''
am__leading_dot='.'
am__nodep=''
am__quote=''
am__rm_f_notfound=''
am__tar='$${TAR-tar} chof - "$$tardir"'
am__untar='$${TAR-tar} xf -'
am__xargs_n='xargs -n'
bindir='${exec_prefix}/bin'
build='x86_64-pc-linux-android'
build_alias=''
build_cpu='x86_64'
build_os='linux-android'
build_vendor='pc'
datadir='${datarootdir}'
datarootdir='${prefix}/share'
docdir='${datarootdir}/doc/${PACKAGE_TARNAME}'
dvidir='${docdir}'
exec_prefix='${prefix}'
fchown_define='-DHAS_FCHOWN'
host='aarch64-unknown-linux-android35'
host_alias='aarch64-linux-android35'
host_cpu='aarch64'
host_os='linux-android35'
host_vendor='unknown'
htmldir='${docdir}'
includedir='${prefix}/include'
infodir='${datarootdir}/info'
install_sh='${SHELL} /work/x11-build/xtrans-1.6.0/install-sh'
libdir='${exec_prefix}/lib'
libexecdir='${exec_prefix}/libexec'
localedir='${datarootdir}/locale'
localstatedir='${prefix}/var'
mandir='${datarootdir}/man'
mkdir_p='$(MKDIR_P)'
oldincludedir='/usr/include'
pdfdir='${docdir}'
prefix='/usr'
program_transform_name='s,x,x,'
psdir='${docdir}'
runstatedir='${localstatedir}/run'
sbindir='${exec_prefix}/sbin'
sharedstatedir='${prefix}/com'
sticky_bit_define='-DHAS_STICKY_DIR_BIT'
sysconfdir='${prefix}/etc'
target_alias=''

## ----------- ##
## confdefs.h. ##
## ----------- ##

/* confdefs.h */
#define PACKAGE_NAME "xtrans"
#define PACKAGE_TARNAME "xtrans"
#define PACKAGE_VERSION "1.6.0"
#define PACKAGE_STRING "xtrans 1.6.0"
#define PACKAGE_BUGREPORT "https://gitlab.freedesktop.org/xorg/lib/libxtrans/-/issues"
#define PACKAGE_URL ""
#define PACKAGE "xtrans"
#define VERSION "1.6.0"
#define HAVE_STDIO_H 1
#define HAVE_STDLIB_H 1
#define HAVE_STRING_H 1
#define HAVE_INTTYPES_H 1
#define HAVE_STDINT_H 1
#define HAVE_STRINGS_H 1
#define HAVE_SYS_STAT_H 1
#define HAVE_SYS_TYPES_H 1
#define HAVE_UNISTD_H 1
#define STDC_HEADERS 1
#define PACKAGE_VERSION_MAJOR 1
#define PACKAGE_VERSION_MINOR 6
#define PACKAGE_VERSION_PATCHLEVEL 0

configure: exit 0
