This file contains any messages produced by compilers while
running configure, to aid debugging if configure makes a mistake.

It was created by libpthread-stubs configure 0.5, which was
generated by GNU Autoconf 2.71.  Invocation command line was

  $ ./configure --host=aarch64-linux-android35 --prefix=/usr --disable-static --enable-shared --disable-malloc0returnsnull --disable-dependency-tracking

## --------- ##
## Platform. ##
## --------- ##

hostname = 3c622a1b0904
uname -m = x86_64
uname -r = 6.6.87.2-microsoft-standard-WSL2
uname -s = Linux
uname -v = #1 SMP PREEMPT_DYNAMIC Thu Jun  5 18:30:46 UTC 2025

/usr/bin/uname -p = x86_64
/bin/uname -X     = unknown

/bin/arch              = x86_64
/usr/bin/arch -k       = unknown
/usr/convex/getsysinfo = unknown
/usr/bin/hostinfo      = unknown
/bin/machine           = unknown
/usr/bin/oslevel       = unknown
/bin/universe          = unknown

PATH: /opt/llvm-mingw/bin/
PATH: /usr/local/sbin/
PATH: /usr/local/bin/
PATH: /usr/sbin/
PATH: /usr/bin/
PATH: /sbin/
PATH: /bin/


## ----------- ##
## Core tests. ##
## ----------- ##

configure:2210: looking for aux files: compile missing install-sh
configure:2223:  trying ./
configure:2252:   ./compile found
configure:2252:   ./missing found
configure:2234:   ./install-sh found
configure:2382: checking for a BSD-compatible install
configure:2455: result: /usr/bin/install -c
configure:2466: checking whether build environment is sane
configure:2521: result: yes
configure:2577: checking for aarch64-linux-android35-strip
configure:2609: result: /opt/android-ndk/toolchains/llvm/prebuilt/linux-x86_64/bin/llvm-strip
configure:2680: checking for a race-free mkdir -p
configure:2724: result: /usr/bin/mkdir -p
configure:2731: checking for gawk
configure:2766: result: no
configure:2731: checking for mawk
configure:2752: found /usr/bin/mawk
configure:2763: result: mawk
configure:2774: checking whether make sets $(MAKE)
configure:2797: result: yes
configure:2827: checking whether make supports nested variables
configure:2845: result: yes
configure:3012: checking whether make supports the include directive
configure:3027: make -f confmf.GNU && cat confinc.out
this is the am__doit target
configure:3030: $? = 0
configure:3049: result: yes (GNU style)
configure:3080: checking for aarch64-linux-android35-gcc
configure:3112: result: /opt/android-ndk/toolchains/llvm/prebuilt/linux-x86_64/bin/aarch64-linux-android35-clang
configure:3510: checking for C compiler version
configure:3519: /opt/android-ndk/toolchains/llvm/prebuilt/linux-x86_64/bin/aarch64-linux-android35-clang --version >&5
Android (13989888, +pgo, +bolt, +lto, +mlgo, based on r563880c) clang version 21.0.0 (https://android.googlesource.com/toolchain/llvm-project 5e96669f06077099aa41290cdb4c5e6fa0f59349)
Target: aarch64-unknown-linux-android35
Thread model: posix
InstalledDir: /opt/android-ndk/toolchains/llvm/prebuilt/linux-x86_64/bin
configure:3530: $? = 0
configure:3519: /opt/android-ndk/toolchains/llvm/prebuilt/linux-x86_64/bin/aarch64-linux-android35-clang -v >&5
Android (13989888, +pgo, +bolt, +lto, +mlgo, based on r563880c) clang version 21.0.0 (https://android.googlesource.com/toolchain/llvm-project 5e96669f06077099aa41290cdb4c5e6fa0f59349)
Target: aarch64-unknown-linux-android35
Thread model: posix
InstalledDir: /opt/android-ndk/toolchains/llvm/prebuilt/linux-x86_64/bin
configure:3530: $? = 0
configure:3519: /opt/android-ndk/toolchains/llvm/prebuilt/linux-x86_64/bin/aarch64-linux-android35-clang -V >&5
clang: error: argument to '-V' is missing (expected 1 value)
clang: error: no input files
configure:3530: $? = 1
configure:3519: /opt/android-ndk/toolchains/llvm/prebuilt/linux-x86_64/bin/aarch64-linux-android35-clang -qversion >&5
clang: error: unknown argument '-qversion'; did you mean '--version'?
clang: error: no input files
configure:3530: $? = 1
configure:3519: /opt/android-ndk/toolchains/llvm/prebuilt/linux-x86_64/bin/aarch64-linux-android35-clang -version >&5
clang: error: unknown argument '-version'; did you mean '--version'?
clang: error: no input files
configure:3530: $? = 1
configure:3550: checking whether the C compiler works
configure:3572: /opt/android-ndk/toolchains/llvm/prebuilt/linux-x86_64/bin/aarch64-linux-android35-clang -O2 -I/work/androidsysroot/usr/include -L/work/androidsysroot/usr/lib conftest.c  >&5
configure:3576: $? = 0
configure:3626: result: yes
configure:3629: checking for C compiler default output file name
configure:3631: result: a.out
configure:3637: checking for suffix of executables
configure:3644: /opt/android-ndk/toolchains/llvm/prebuilt/linux-x86_64/bin/aarch64-linux-android35-clang -o conftest -O2 -I/work/androidsysroot/usr/include -L/work/androidsysroot/usr/lib conftest.c  >&5
configure:3648: $? = 0
configure:3671: result: 
configure:3693: checking whether we are cross compiling
configure:3701: /opt/android-ndk/toolchains/llvm/prebuilt/linux-x86_64/bin/aarch64-linux-android35-clang -o conftest -O2 -I/work/androidsysroot/usr/include -L/work/androidsysroot/usr/lib conftest.c  >&5
configure:3705: $? = 0
configure:3712: ./conftest
qemu-aarch64: Could not open '/system/bin/linker64': No such file or directory
configure:3716: $? = 255
configure:3731: result: yes
configure:3736: checking for suffix of object files
configure:3759: /opt/android-ndk/toolchains/llvm/prebuilt/linux-x86_64/bin/aarch64-linux-android35-clang -c -O2 -I/work/androidsysroot/usr/include conftest.c >&5
configure:3763: $? = 0
configure:3785: result: o
configure:3789: checking whether the compiler supports GNU C
configure:3809: /opt/android-ndk/toolchains/llvm/prebuilt/linux-x86_64/bin/aarch64-linux-android35-clang -c -O2 -I/work/androidsysroot/usr/include conftest.c >&5
configure:3809: $? = 0
configure:3819: result: yes
configure:3830: checking whether /opt/android-ndk/toolchains/llvm/prebuilt/linux-x86_64/bin/aarch64-linux-android35-clang accepts -g
configure:3851: /opt/android-ndk/toolchains/llvm/prebuilt/linux-x86_64/bin/aarch64-linux-android35-clang -c -g -I/work/androidsysroot/usr/include conftest.c >&5
configure:3851: $? = 0
configure:3895: result: yes
configure:3915: checking for /opt/android-ndk/toolchains/llvm/prebuilt/linux-x86_64/bin/aarch64-linux-android35-clang option to enable C11 features
configure:3930: /opt/android-ndk/toolchains/llvm/prebuilt/linux-x86_64/bin/aarch64-linux-android35-clang  -c -O2 -I/work/androidsysroot/usr/include conftest.c >&5
conftest.c:25:14: warning: a function definition without a prototype is deprecated in all versions of C and is not supported in C23 [-Wdeprecated-non-prototype]
   25 | static char *e (p, i)
      |              ^
1 warning generated.
configure:3930: $? = 0
configure:3948: result: none needed
configure:4064: checking whether /opt/android-ndk/toolchains/llvm/prebuilt/linux-x86_64/bin/aarch64-linux-android35-clang understands -c and -o together
configure:4087: /opt/android-ndk/toolchains/llvm/prebuilt/linux-x86_64/bin/aarch64-linux-android35-clang -c conftest.c -o conftest2.o
configure:4090: $? = 0
configure:4087: /opt/android-ndk/toolchains/llvm/prebuilt/linux-x86_64/bin/aarch64-linux-android35-clang -c conftest.c -o conftest2.o
configure:4090: $? = 0
configure:4102: result: yes
configure:4121: checking dependency style of /opt/android-ndk/toolchains/llvm/prebuilt/linux-x86_64/bin/aarch64-linux-android35-clang
configure:4233: result: none
configure:4253: checking for pthread_condattr_destroy
configure:4253: /opt/android-ndk/toolchains/llvm/prebuilt/linux-x86_64/bin/aarch64-linux-android35-clang -o conftest -O2 -I/work/androidsysroot/usr/include -L/work/androidsysroot/usr/lib conftest.c  >&5
configure:4253: $? = 0
configure:4253: result: yes
configure:4253: checking for pthread_condattr_init
configure:4253: /opt/android-ndk/toolchains/llvm/prebuilt/linux-x86_64/bin/aarch64-linux-android35-clang -o conftest -O2 -I/work/androidsysroot/usr/include -L/work/androidsysroot/usr/lib conftest.c  >&5
configure:4253: $? = 0
configure:4253: result: yes
configure:4253: checking for pthread_cond_broadcast
configure:4253: /opt/android-ndk/toolchains/llvm/prebuilt/linux-x86_64/bin/aarch64-linux-android35-clang -o conftest -O2 -I/work/androidsysroot/usr/include -L/work/androidsysroot/usr/lib conftest.c  >&5
configure:4253: $? = 0
configure:4253: result: yes
configure:4253: checking for pthread_cond_destroy
configure:4253: /opt/android-ndk/toolchains/llvm/prebuilt/linux-x86_64/bin/aarch64-linux-android35-clang -o conftest -O2 -I/work/androidsysroot/usr/include -L/work/androidsysroot/usr/lib conftest.c  >&5
configure:4253: $? = 0
configure:4253: result: yes
configure:4253: checking for pthread_cond_init
configure:4253: /opt/android-ndk/toolchains/llvm/prebuilt/linux-x86_64/bin/aarch64-linux-android35-clang -o conftest -O2 -I/work/androidsysroot/usr/include -L/work/androidsysroot/usr/lib conftest.c  >&5
configure:4253: $? = 0
configure:4253: result: yes
configure:4253: checking for pthread_cond_signal
configure:4253: /opt/android-ndk/toolchains/llvm/prebuilt/linux-x86_64/bin/aarch64-linux-android35-clang -o conftest -O2 -I/work/androidsysroot/usr/include -L/work/androidsysroot/usr/lib conftest.c  >&5
configure:4253: $? = 0
configure:4253: result: yes
configure:4253: checking for pthread_cond_timedwait
configure:4253: /opt/android-ndk/toolchains/llvm/prebuilt/linux-x86_64/bin/aarch64-linux-android35-clang -o conftest -O2 -I/work/androidsysroot/usr/include -L/work/androidsysroot/usr/lib conftest.c  >&5
configure:4253: $? = 0
configure:4253: result: yes
configure:4253: checking for pthread_cond_wait
configure:4253: /opt/android-ndk/toolchains/llvm/prebuilt/linux-x86_64/bin/aarch64-linux-android35-clang -o conftest -O2 -I/work/androidsysroot/usr/include -L/work/androidsysroot/usr/lib conftest.c  >&5
configure:4253: $? = 0
configure:4253: result: yes
configure:4253: checking for pthread_equal
configure:4253: /opt/android-ndk/toolchains/llvm/prebuilt/linux-x86_64/bin/aarch64-linux-android35-clang -o conftest -O2 -I/work/androidsysroot/usr/include -L/work/androidsysroot/usr/lib conftest.c  >&5
configure:4253: $? = 0
configure:4253: result: yes
configure:4253: checking for pthread_exit
configure:4253: /opt/android-ndk/toolchains/llvm/prebuilt/linux-x86_64/bin/aarch64-linux-android35-clang -o conftest -O2 -I/work/androidsysroot/usr/include -L/work/androidsysroot/usr/lib conftest.c  >&5
configure:4253: $? = 0
configure:4253: result: yes
configure:4253: checking for pthread_mutex_destroy
configure:4253: /opt/android-ndk/toolchains/llvm/prebuilt/linux-x86_64/bin/aarch64-linux-android35-clang -o conftest -O2 -I/work/androidsysroot/usr/include -L/work/androidsysroot/usr/lib conftest.c  >&5
configure:4253: $? = 0
configure:4253: result: yes
configure:4253: checking for pthread_mutex_init
configure:4253: /opt/android-ndk/toolchains/llvm/prebuilt/linux-x86_64/bin/aarch64-linux-android35-clang -o conftest -O2 -I/work/androidsysroot/usr/include -L/work/androidsysroot/usr/lib conftest.c  >&5
configure:4253: $? = 0
configure:4253: result: yes
configure:4253: checking for pthread_mutex_lock
configure:4253: /opt/android-ndk/toolchains/llvm/prebuilt/linux-x86_64/bin/aarch64-linux-android35-clang -o conftest -O2 -I/work/androidsysroot/usr/include -L/work/androidsysroot/usr/lib conftest.c  >&5
configure:4253: $? = 0
configure:4253: result: yes
configure:4253: checking for pthread_mutex_unlock
configure:4253: /opt/android-ndk/toolchains/llvm/prebuilt/linux-x86_64/bin/aarch64-linux-android35-clang -o conftest -O2 -I/work/androidsysroot/usr/include -L/work/androidsysroot/usr/lib conftest.c  >&5
configure:4253: $? = 0
configure:4253: result: yes
configure:4253: checking for pthread_self
configure:4253: /opt/android-ndk/toolchains/llvm/prebuilt/linux-x86_64/bin/aarch64-linux-android35-clang -o conftest -O2 -I/work/androidsysroot/usr/include -L/work/androidsysroot/usr/lib conftest.c  >&5
configure:4253: $? = 0
configure:4253: result: yes
configure:4417: checking that generated files are newer than configure
configure:4423: result: done
configure:4446: creating ./config.status

## ---------------------- ##
## Running config.status. ##
## ---------------------- ##

This file was extended by libpthread-stubs config.status 0.5, which was
generated by GNU Autoconf 2.71.  Invocation command line was

  CONFIG_FILES    = 
  CONFIG_HEADERS  = 
  CONFIG_LINKS    = 
  CONFIG_COMMANDS = 
  $ ./config.status 

on 3c622a1b0904

config.status:775: creating Makefile
config.status:775: creating pthread-stubs.pc
config.status:947: executing depfiles commands
configure:5570: WARNING: unrecognized options: --disable-static, --enable-shared, --disable-malloc0returnsnull

## ---------------- ##
## Cache variables. ##
## ---------------- ##

ac_cv_c_compiler_gnu=yes
ac_cv_env_CC_set=set
ac_cv_env_CC_value=/opt/android-ndk/toolchains/llvm/prebuilt/linux-x86_64/bin/aarch64-linux-android35-clang
ac_cv_env_CFLAGS_set=set
ac_cv_env_CFLAGS_value=-O2
ac_cv_env_CPPFLAGS_set=set
ac_cv_env_CPPFLAGS_value=-I/work/androidsysroot/usr/include
ac_cv_env_LDFLAGS_set=set
ac_cv_env_LDFLAGS_value=-L/work/androidsysroot/usr/lib
ac_cv_env_LIBS_set=
ac_cv_env_LIBS_value=
ac_cv_env_build_alias_set=
ac_cv_env_build_alias_value=
ac_cv_env_host_alias_set=set
ac_cv_env_host_alias_value=aarch64-linux-android35
ac_cv_env_target_alias_set=
ac_cv_env_target_alias_value=
ac_cv_func_pthread_cond_broadcast=yes
ac_cv_func_pthread_cond_destroy=yes
ac_cv_func_pthread_cond_init=yes
ac_cv_func_pthread_cond_signal=yes
ac_cv_func_pthread_cond_timedwait=yes
ac_cv_func_pthread_cond_wait=yes
ac_cv_func_pthread_condattr_destroy=yes
ac_cv_func_pthread_condattr_init=yes
ac_cv_func_pthread_equal=yes
ac_cv_func_pthread_exit=yes
ac_cv_func_pthread_mutex_destroy=yes
ac_cv_func_pthread_mutex_init=yes
ac_cv_func_pthread_mutex_lock=yes
ac_cv_func_pthread_mutex_unlock=yes
ac_cv_func_pthread_self=yes
ac_cv_objext=o
ac_cv_path_install='/usr/bin/install -c'
ac_cv_path_mkdir=/usr/bin/mkdir
ac_cv_prog_AWK=mawk
ac_cv_prog_CC=/opt/android-ndk/toolchains/llvm/prebuilt/linux-x86_64/bin/aarch64-linux-android35-clang
ac_cv_prog_STRIP=/opt/android-ndk/toolchains/llvm/prebuilt/linux-x86_64/bin/llvm-strip
ac_cv_prog_cc_c11=
ac_cv_prog_cc_g=yes
ac_cv_prog_cc_stdc=
ac_cv_prog_make_make_set=yes
am_cv_CC_dependencies_compiler_type=none
am_cv_make_support_nested_variables=yes
am_cv_prog_cc_c_o=yes

## ----------------- ##
## Output variables. ##
## ----------------- ##

ACLOCAL='${SHELL} '\''/work/x11-build/libpthread-stubs-0.5/missing'\'' aclocal-1.16'
AMDEPBACKSLASH=''
AMDEP_FALSE=''
AMDEP_TRUE='#'
AMTAR='$${TAR-tar}'
AM_BACKSLASH='\'
AM_DEFAULT_V='$(AM_DEFAULT_VERBOSITY)'
AM_DEFAULT_VERBOSITY='1'
AM_V='$(V)'
AUTOCONF='${SHELL} '\''/work/x11-build/libpthread-stubs-0.5/missing'\'' autoconf'
AUTOHEADER='${SHELL} '\''/work/x11-build/libpthread-stubs-0.5/missing'\'' autoheader'
AUTOMAKE='${SHELL} '\''/work/x11-build/libpthread-stubs-0.5/missing'\'' automake-1.16'
AWK='mawk'
CC='/opt/android-ndk/toolchains/llvm/prebuilt/linux-x86_64/bin/aarch64-linux-android35-clang'
CCDEPMODE='depmode=none'
CFLAGS='-O2'
CPPFLAGS='-I/work/androidsysroot/usr/include'
CSCOPE='cscope'
CTAGS='ctags'
CYGPATH_W='echo'
DEFS='-DPACKAGE_NAME=\"libpthread-stubs\" -DPACKAGE_TARNAME=\"libpthread-stubs\" -DPACKAGE_VERSION=\"0.5\" -DPACKAGE_STRING=\"libpthread-stubs\ 0.5\" -DPACKAGE_BUGREPORT=\"xcb@lists.freedesktop.org\" -DPACKAGE_URL=\"\" -DPACKAGE=\"libpthread-stubs\" -DVERSION=\"0.5\" -DHAVE_PTHREAD_CONDATTR_DESTROY=1 -DHAVE_PTHREAD_CONDATTR_INIT=1 -DHAVE_PTHREAD_COND_BROADCAST=1 -DHAVE_PTHREAD_COND_DESTROY=1 -DHAVE_PTHREAD_COND_INIT=1 -DHAVE_PTHREAD_COND_SIGNAL=1 -DHAVE_PTHREAD_COND_TIMEDWAIT=1 -DHAVE_PTHREAD_COND_WAIT=1 -DHAVE_PTHREAD_EQUAL=1 -DHAVE_PTHREAD_EXIT=1 -DHAVE_PTHREAD_MUTEX_DESTROY=1 -DHAVE_PTHREAD_MUTEX_INIT=1 -DHAVE_PTHREAD_MUTEX_LOCK=1 -DHAVE_PTHREAD_MUTEX_UNLOCK=1 -DHAVE_PTHREAD_SELF=1'
DEPDIR='.deps'
ECHO_C=''
ECHO_N='-n'
ECHO_T=''
ETAGS='etags'
EXEEXT=''
INSTALL_DATA='${INSTALL} -m 644'
INSTALL_PROGRAM='${INSTALL}'
INSTALL_SCRIPT='${INSTALL}'
INSTALL_STRIP_PROGRAM='$(install_sh) -c -s'
LDFLAGS='-L/work/androidsysroot/usr/lib'
LIBOBJS=''
LIBS=''
LTLIBOBJS=''
MAKEINFO='${SHELL} '\''/work/x11-build/libpthread-stubs-0.5/missing'\'' makeinfo'
MKDIR_P='/usr/bin/mkdir -p'
OBJEXT='o'
PACKAGE='libpthread-stubs'
PACKAGE_BUGREPORT='xcb@lists.freedesktop.org'
PACKAGE_NAME='libpthread-stubs'
PACKAGE_STRING='libpthread-stubs 0.5'
PACKAGE_TARNAME='libpthread-stubs'
PACKAGE_URL=''
PACKAGE_VERSION='0.5'
PATH_SEPARATOR=':'
PKG_CONFIG_CFLAGS=''
PKG_CONFIG_LIBS=''
SET_MAKE=''
SHELL='/bin/bash'
STRIP='/opt/android-ndk/toolchains/llvm/prebuilt/linux-x86_64/bin/llvm-strip'
VERSION='0.5'
ac_ct_CC=''
am__EXEEXT_FALSE=''
am__EXEEXT_TRUE='#'
am__fastdepCC_FALSE=''
am__fastdepCC_TRUE='#'
am__include='include'
am__isrc=''
am__leading_dot='.'
am__nodep=''
am__quote=''
am__tar='$${TAR-tar} chof - "$$tardir"'
am__untar='$${TAR-tar} xf -'
bindir='${exec_prefix}/bin'
build_alias=''
datadir='${datarootdir}'
datarootdir='${prefix}/share'
docdir='${datarootdir}/doc/${PACKAGE_TARNAME}'
dvidir='${docdir}'
exec_prefix='${prefix}'
host_alias='aarch64-linux-android35'
htmldir='${docdir}'
includedir='${prefix}/include'
infodir='${datarootdir}/info'
install_sh='${SHELL} /work/x11-build/libpthread-stubs-0.5/install-sh'
libdir='${exec_prefix}/lib'
libexecdir='${exec_prefix}/libexec'
localedir='${datarootdir}/locale'
localstatedir='${prefix}/var'
mandir='${datarootdir}/man'
mkdir_p='$(MKDIR_P)'
oldincludedir='/usr/include'
pdfdir='${docdir}'
prefix='/usr'
program_transform_name='s,x,x,'
psdir='${docdir}'
runstatedir='${localstatedir}/run'
sbindir='${exec_prefix}/sbin'
sharedstatedir='${prefix}/com'
sysconfdir='${prefix}/etc'
target_alias=''

## ----------- ##
## confdefs.h. ##
## ----------- ##

/* confdefs.h */
#define PACKAGE_NAME "libpthread-stubs"
#define PACKAGE_TARNAME "libpthread-stubs"
#define PACKAGE_VERSION "0.5"
#define PACKAGE_STRING "libpthread-stubs 0.5"
#define PACKAGE_BUGREPORT "xcb@lists.freedesktop.org"
#define PACKAGE_URL ""
#define PACKAGE "libpthread-stubs"
#define VERSION "0.5"
#define HAVE_PTHREAD_CONDATTR_DESTROY 1
#define HAVE_PTHREAD_CONDATTR_INIT 1
#define HAVE_PTHREAD_COND_BROADCAST 1
#define HAVE_PTHREAD_COND_DESTROY 1
#define HAVE_PTHREAD_COND_INIT 1
#define HAVE_PTHREAD_COND_SIGNAL 1
#define HAVE_PTHREAD_COND_TIMEDWAIT 1
#define HAVE_PTHREAD_COND_WAIT 1
#define HAVE_PTHREAD_EQUAL 1
#define HAVE_PTHREAD_EXIT 1
#define HAVE_PTHREAD_MUTEX_DESTROY 1
#define HAVE_PTHREAD_MUTEX_INIT 1
#define HAVE_PTHREAD_MUTEX_LOCK 1
#define HAVE_PTHREAD_MUTEX_UNLOCK 1
#define HAVE_PTHREAD_SELF 1

configure: exit 0
