This file contains any messages produced by compilers while
running configure, to aid debugging if configure makes a mistake.

It was created by libXau configure 1.0.12, which was
generated by GNU Autoconf 2.72.  Invocation command line was

  $ ./configure --host=aarch64-linux-android35 --prefix=/usr --disable-static --enable-shared --disable-malloc0returnsnull --disable-dependency-tracking

## --------- ##
## Platform. ##
## --------- ##

hostname = 3c622a1b0904
uname -m = x86_64
uname -r = 6.6.87.2-microsoft-standard-WSL2
uname -s = Linux
uname -v = #1 SMP PREEMPT_DYNAMIC Thu Jun  5 18:30:46 UTC 2025

/usr/bin/uname -p = x86_64
/bin/uname -X     = unknown

/bin/arch              = x86_64
/usr/bin/arch -k       = unknown
/usr/convex/getsysinfo = unknown
/usr/bin/hostinfo      = unknown
/bin/machine           = unknown
/usr/bin/oslevel       = unknown
/bin/universe          = unknown

PATH: /opt/llvm-mingw/bin/
PATH: /usr/local/sbin/
PATH: /usr/local/bin/
PATH: /usr/sbin/
PATH: /usr/bin/
PATH: /sbin/
PATH: /bin/


## ----------- ##
## Core tests. ##
## ----------- ##

configure:2500: looking for aux files: config.guess config.sub ltmain.sh missing install-sh compile
configure:2513:  trying ./
configure:2542:   ./config.guess found
configure:2542:   ./config.sub found
configure:2542:   ./ltmain.sh found
configure:2542:   ./missing found
configure:2524:   ./install-sh found
configure:2542:   ./compile found
configure:2680: checking for aarch64-linux-android35-gcc
configure:2713: result: /opt/android-ndk/toolchains/llvm/prebuilt/linux-x86_64/bin/aarch64-linux-android35-clang
configure:3118: checking for C compiler version
configure:3127: /opt/android-ndk/toolchains/llvm/prebuilt/linux-x86_64/bin/aarch64-linux-android35-clang --version >&5
Android (13989888, +pgo, +bolt, +lto, +mlgo, based on r563880c) clang version 21.0.0 (https://android.googlesource.com/toolchain/llvm-project 5e96669f06077099aa41290cdb4c5e6fa0f59349)
Target: aarch64-unknown-linux-android35
Thread model: posix
InstalledDir: /opt/android-ndk/toolchains/llvm/prebuilt/linux-x86_64/bin
configure:3138: $? = 0
configure:3127: /opt/android-ndk/toolchains/llvm/prebuilt/linux-x86_64/bin/aarch64-linux-android35-clang -v >&5
Android (13989888, +pgo, +bolt, +lto, +mlgo, based on r563880c) clang version 21.0.0 (https://android.googlesource.com/toolchain/llvm-project 5e96669f06077099aa41290cdb4c5e6fa0f59349)
Target: aarch64-unknown-linux-android35
Thread model: posix
InstalledDir: /opt/android-ndk/toolchains/llvm/prebuilt/linux-x86_64/bin
configure:3138: $? = 0
configure:3127: /opt/android-ndk/toolchains/llvm/prebuilt/linux-x86_64/bin/aarch64-linux-android35-clang -V >&5
clang: error: argument to '-V' is missing (expected 1 value)
clang: error: no input files
configure:3138: $? = 1
configure:3127: /opt/android-ndk/toolchains/llvm/prebuilt/linux-x86_64/bin/aarch64-linux-android35-clang -qversion >&5
clang: error: unknown argument '-qversion'; did you mean '--version'?
clang: error: no input files
configure:3138: $? = 1
configure:3127: /opt/android-ndk/toolchains/llvm/prebuilt/linux-x86_64/bin/aarch64-linux-android35-clang -version >&5
clang: error: unknown argument '-version'; did you mean '--version'?
clang: error: no input files
configure:3138: $? = 1
configure:3158: checking whether the C compiler works
configure:3180: /opt/android-ndk/toolchains/llvm/prebuilt/linux-x86_64/bin/aarch64-linux-android35-clang -O2 -I/work/androidsysroot/usr/include -L/work/androidsysroot/usr/lib conftest.c  >&5
configure:3184: $? = 0
configure:3235: result: yes
configure:3239: checking for C compiler default output file name
configure:3241: result: a.out
configure:3247: checking for suffix of executables
configure:3254: /opt/android-ndk/toolchains/llvm/prebuilt/linux-x86_64/bin/aarch64-linux-android35-clang -o conftest -O2 -I/work/androidsysroot/usr/include -L/work/androidsysroot/usr/lib conftest.c  >&5
configure:3258: $? = 0
configure:3282: result: 
configure:3306: checking whether we are cross compiling
configure:3314: /opt/android-ndk/toolchains/llvm/prebuilt/linux-x86_64/bin/aarch64-linux-android35-clang -o conftest -O2 -I/work/androidsysroot/usr/include -L/work/androidsysroot/usr/lib conftest.c  >&5
configure:3318: $? = 0
configure:3325: ./conftest
qemu-aarch64: Could not open '/system/bin/linker64': No such file or directory
configure:3329: $? = 255
configure:3344: result: yes
configure:3350: checking for suffix of object files
configure:3373: /opt/android-ndk/toolchains/llvm/prebuilt/linux-x86_64/bin/aarch64-linux-android35-clang -c -O2 -I/work/androidsysroot/usr/include conftest.c >&5
configure:3377: $? = 0
configure:3401: result: o
configure:3405: checking whether the compiler supports GNU C
configure:3425: /opt/android-ndk/toolchains/llvm/prebuilt/linux-x86_64/bin/aarch64-linux-android35-clang -c -O2 -I/work/androidsysroot/usr/include conftest.c >&5
configure:3425: $? = 0
configure:3437: result: yes
configure:3448: checking whether /opt/android-ndk/toolchains/llvm/prebuilt/linux-x86_64/bin/aarch64-linux-android35-clang accepts -g
configure:3469: /opt/android-ndk/toolchains/llvm/prebuilt/linux-x86_64/bin/aarch64-linux-android35-clang -c -g -I/work/androidsysroot/usr/include conftest.c >&5
configure:3469: $? = 0
configure:3516: result: yes
configure:3536: checking for /opt/android-ndk/toolchains/llvm/prebuilt/linux-x86_64/bin/aarch64-linux-android35-clang option to enable C11 features
configure:3551: /opt/android-ndk/toolchains/llvm/prebuilt/linux-x86_64/bin/aarch64-linux-android35-clang  -c -O2 -I/work/androidsysroot/usr/include conftest.c >&5
configure:3551: $? = 0
configure:3570: result: none needed
configure:3694: checking whether /opt/android-ndk/toolchains/llvm/prebuilt/linux-x86_64/bin/aarch64-linux-android35-clang understands -c and -o together
configure:3717: /opt/android-ndk/toolchains/llvm/prebuilt/linux-x86_64/bin/aarch64-linux-android35-clang -c conftest.c -o conftest2.o
configure:3720: $? = 0
configure:3717: /opt/android-ndk/toolchains/llvm/prebuilt/linux-x86_64/bin/aarch64-linux-android35-clang -c conftest.c -o conftest2.o
configure:3720: $? = 0
configure:3733: result: yes
configure:3755: checking for stdio.h
configure:3755: /opt/android-ndk/toolchains/llvm/prebuilt/linux-x86_64/bin/aarch64-linux-android35-clang -c -O2 -I/work/androidsysroot/usr/include conftest.c >&5
configure:3755: $? = 0
configure:3755: result: yes
configure:3755: checking for stdlib.h
configure:3755: /opt/android-ndk/toolchains/llvm/prebuilt/linux-x86_64/bin/aarch64-linux-android35-clang -c -O2 -I/work/androidsysroot/usr/include conftest.c >&5
configure:3755: $? = 0
configure:3755: result: yes
configure:3755: checking for string.h
configure:3755: /opt/android-ndk/toolchains/llvm/prebuilt/linux-x86_64/bin/aarch64-linux-android35-clang -c -O2 -I/work/androidsysroot/usr/include conftest.c >&5
configure:3755: $? = 0
configure:3755: result: yes
configure:3755: checking for inttypes.h
configure:3755: /opt/android-ndk/toolchains/llvm/prebuilt/linux-x86_64/bin/aarch64-linux-android35-clang -c -O2 -I/work/androidsysroot/usr/include conftest.c >&5
configure:3755: $? = 0
configure:3755: result: yes
configure:3755: checking for stdint.h
configure:3755: /opt/android-ndk/toolchains/llvm/prebuilt/linux-x86_64/bin/aarch64-linux-android35-clang -c -O2 -I/work/androidsysroot/usr/include conftest.c >&5
configure:3755: $? = 0
configure:3755: result: yes
configure:3755: checking for strings.h
configure:3755: /opt/android-ndk/toolchains/llvm/prebuilt/linux-x86_64/bin/aarch64-linux-android35-clang -c -O2 -I/work/androidsysroot/usr/include conftest.c >&5
configure:3755: $? = 0
configure:3755: result: yes
configure:3755: checking for sys/stat.h
configure:3755: /opt/android-ndk/toolchains/llvm/prebuilt/linux-x86_64/bin/aarch64-linux-android35-clang -c -O2 -I/work/androidsysroot/usr/include conftest.c >&5
configure:3755: $? = 0
configure:3755: result: yes
configure:3755: checking for sys/types.h
configure:3755: /opt/android-ndk/toolchains/llvm/prebuilt/linux-x86_64/bin/aarch64-linux-android35-clang -c -O2 -I/work/androidsysroot/usr/include conftest.c >&5
configure:3755: $? = 0
configure:3755: result: yes
configure:3755: checking for unistd.h
configure:3755: /opt/android-ndk/toolchains/llvm/prebuilt/linux-x86_64/bin/aarch64-linux-android35-clang -c -O2 -I/work/androidsysroot/usr/include conftest.c >&5
configure:3755: $? = 0
configure:3755: result: yes
configure:3755: checking for wchar.h
configure:3755: /opt/android-ndk/toolchains/llvm/prebuilt/linux-x86_64/bin/aarch64-linux-android35-clang -c -O2 -I/work/androidsysroot/usr/include conftest.c >&5
configure:3755: $? = 0
configure:3755: result: yes
configure:3755: checking for minix/config.h
configure:3755: /opt/android-ndk/toolchains/llvm/prebuilt/linux-x86_64/bin/aarch64-linux-android35-clang -c -O2 -I/work/androidsysroot/usr/include conftest.c >&5
conftest.c:47:10: fatal error: 'minix/config.h' file not found
   47 | #include <minix/config.h>
      |          ^~~~~~~~~~~~~~~~
1 error generated.
configure:3755: $? = 1
configure: failed program was:
| /* confdefs.h */
| #define PACKAGE_NAME "libXau"
| #define PACKAGE_TARNAME "libXau"
| #define PACKAGE_VERSION "1.0.12"
| #define PACKAGE_STRING "libXau 1.0.12"
| #define PACKAGE_BUGREPORT "https://gitlab.freedesktop.org/xorg/lib/libxau/-/issues"
| #define PACKAGE_URL ""
| #define HAVE_STDIO_H 1
| #define HAVE_STDLIB_H 1
| #define HAVE_STRING_H 1
| #define HAVE_INTTYPES_H 1
| #define HAVE_STDINT_H 1
| #define HAVE_STRINGS_H 1
| #define HAVE_SYS_STAT_H 1
| #define HAVE_SYS_TYPES_H 1
| #define HAVE_UNISTD_H 1
| #define HAVE_WCHAR_H 1
| /* end confdefs.h.  */
| #include <stddef.h>
| #ifdef HAVE_STDIO_H
| # include <stdio.h>
| #endif
| #ifdef HAVE_STDLIB_H
| # include <stdlib.h>
| #endif
| #ifdef HAVE_STRING_H
| # include <string.h>
| #endif
| #ifdef HAVE_INTTYPES_H
| # include <inttypes.h>
| #endif
| #ifdef HAVE_STDINT_H
| # include <stdint.h>
| #endif
| #ifdef HAVE_STRINGS_H
| # include <strings.h>
| #endif
| #ifdef HAVE_SYS_TYPES_H
| # include <sys/types.h>
| #endif
| #ifdef HAVE_SYS_STAT_H
| # include <sys/stat.h>
| #endif
| #ifdef HAVE_UNISTD_H
| # include <unistd.h>
| #endif
| #include <minix/config.h>
configure:3755: result: no
configure:3786: checking whether it is safe to define __EXTENSIONS__
configure:3805: /opt/android-ndk/toolchains/llvm/prebuilt/linux-x86_64/bin/aarch64-linux-android35-clang -c -O2 -I/work/androidsysroot/usr/include conftest.c >&5
configure:3805: $? = 0
configure:3815: result: yes
configure:3818: checking whether _XOPEN_SOURCE should be defined
configure:3840: /opt/android-ndk/toolchains/llvm/prebuilt/linux-x86_64/bin/aarch64-linux-android35-clang -c -O2 -I/work/androidsysroot/usr/include conftest.c >&5
configure:3840: $? = 0
configure:3869: result: no
configure:3947: checking for a BSD-compatible install
configure:4021: result: /usr/bin/install -c
configure:4032: checking whether sleep supports fractional seconds
configure:4048: result: yes
configure:4051: checking filesystem timestamp resolution
configure:4186: result: 0.01
configure:4191: checking whether build environment is sane
configure:4232: result: yes
configure:4294: checking for aarch64-linux-android35-strip
configure:4327: result: /opt/android-ndk/toolchains/llvm/prebuilt/linux-x86_64/bin/llvm-strip
configure:4399: checking for a race-free mkdir -p
configure:4442: result: /usr/bin/mkdir -p
configure:4449: checking for gawk
configure:4485: result: no
configure:4449: checking for mawk
configure:4470: found /usr/bin/mawk
configure:4482: result: mawk
configure:4493: checking whether make sets $(MAKE)
configure:4517: result: yes
configure:4539: checking whether make supports the include directive
configure:4554: make -f confmf.GNU && cat confinc.out
this is the am__doit target
configure:4557: $? = 0
configure:4576: result: yes (GNU style)
configure:4607: checking whether make supports nested variables
configure:4626: result: yes
configure:4640: checking xargs -n works
configure:4656: result: yes
configure:4737: checking dependency style of /opt/android-ndk/toolchains/llvm/prebuilt/linux-x86_64/bin/aarch64-linux-android35-clang
configure:4850: result: none
configure:4918: checking build system type
configure:4934: result: x86_64-pc-linux-android
configure:4954: checking host system type
configure:4969: result: aarch64-unknown-linux-android35
configure:5010: checking how to print strings
configure:5037: result: printf
configure:5058: checking for a sed that does not truncate output
configure:5130: result: /usr/bin/sed
configure:5148: checking for grep that handles long lines and -e
configure:5214: result: /usr/bin/grep
configure:5219: checking for egrep
configure:5289: result: /usr/bin/grep -E
configure:5296: checking for fgrep
configure:5366: result: /usr/bin/grep -F
configure:5403: checking for ld used by /opt/android-ndk/toolchains/llvm/prebuilt/linux-x86_64/bin/aarch64-linux-android35-clang
configure:5472: result: /opt/android-ndk/toolchains/llvm/prebuilt/linux-x86_64/bin/ld
configure:5479: checking if the linker (/opt/android-ndk/toolchains/llvm/prebuilt/linux-x86_64/bin/ld) is GNU ld
configure:5496: result: yes
configure:5508: checking for BSD- or MS-compatible name lister (nm)
configure:5564: result: /opt/android-ndk/toolchains/llvm/prebuilt/linux-x86_64/bin/llvm-nm
configure:5706: checking the name lister (/opt/android-ndk/toolchains/llvm/prebuilt/linux-x86_64/bin/llvm-nm) interface
configure:5714: /opt/android-ndk/toolchains/llvm/prebuilt/linux-x86_64/bin/aarch64-linux-android35-clang -c -O2 -I/work/androidsysroot/usr/include conftest.c >&5
configure:5717: /opt/android-ndk/toolchains/llvm/prebuilt/linux-x86_64/bin/llvm-nm "conftest.o"
configure:5720: output
0000000000000000 B some_variable
configure:5728: result: BSD nm
configure:5731: checking whether ln -s works
configure:5735: result: yes
configure:5743: checking the maximum length of command line arguments
configure:5876: result: 1572864
configure:5924: checking how to convert x86_64-pc-linux-android file names to aarch64-unknown-linux-android35 format
configure:5966: result: func_convert_file_noop
configure:5973: checking how to convert x86_64-pc-linux-android file names to toolchain format
configure:5995: result: func_convert_file_noop
configure:6002: checking for /opt/android-ndk/toolchains/llvm/prebuilt/linux-x86_64/bin/ld option to reload object files
configure:6011: result: -r
configure:6044: checking for file
configure:6065: found /usr/bin/file
configure:6078: result: file
configure:6095: checking for aarch64-linux-android35-objdump
configure:6128: result: /opt/android-ndk/toolchains/llvm/prebuilt/linux-x86_64/bin/llvm-objdump
configure:6203: checking how to recognize dependent libraries
configure:6412: result: pass_all
configure:6457: checking for aarch64-linux-android35-dlltool
configure:6493: result: no
configure:6503: checking for dlltool
configure:6539: result: no
configure:6566: checking how to associate runtime and link libraries
configure:6595: result: printf %s\n
configure:6609: checking for aarch64-linux-android35-ranlib
configure:6642: result: /opt/android-ndk/toolchains/llvm/prebuilt/linux-x86_64/bin/llvm-ranlib
configure:6715: checking for aarch64-linux-android35-ar
configure:6748: result: /opt/android-ndk/toolchains/llvm/prebuilt/linux-x86_64/bin/llvm-ar
configure:6851: checking for archiver @FILE support
configure:6869: /opt/android-ndk/toolchains/llvm/prebuilt/linux-x86_64/bin/aarch64-linux-android35-clang -c -O2 -I/work/androidsysroot/usr/include conftest.c >&5
configure:6869: $? = 0
configure:6873: /opt/android-ndk/toolchains/llvm/prebuilt/linux-x86_64/bin/llvm-ar cr libconftest.a @conftest.lst >&5
configure:6876: $? = 0
configure:6881: /opt/android-ndk/toolchains/llvm/prebuilt/linux-x86_64/bin/llvm-ar cr libconftest.a @conftest.lst >&5
/opt/android-ndk/toolchains/llvm/prebuilt/linux-x86_64/bin/llvm-ar: error: conftest.o: No such file or directory
configure:6884: $? = 1
configure:6897: result: @
configure:6915: checking for aarch64-linux-android35-strip
configure:6948: result: /opt/android-ndk/toolchains/llvm/prebuilt/linux-x86_64/bin/llvm-strip
configure:7097: checking command to parse /opt/android-ndk/toolchains/llvm/prebuilt/linux-x86_64/bin/llvm-nm output from /opt/android-ndk/toolchains/llvm/prebuilt/linux-x86_64/bin/aarch64-linux-android35-clang object
configure:7251: /opt/android-ndk/toolchains/llvm/prebuilt/linux-x86_64/bin/aarch64-linux-android35-clang -c -O2 -I/work/androidsysroot/usr/include conftest.c >&5
configure:7254: $? = 0
configure:7258: /opt/android-ndk/toolchains/llvm/prebuilt/linux-x86_64/bin/llvm-nm conftest.o | /usr/bin/sed -n -e 's/^.*[	 ]\([ABCDGIRSTW][ABCDGIRSTW]*\)[	 ][	 ]*\([_A-Za-z][_A-Za-z0-9]*\)$/\1 \2 \2/p' | /usr/bin/sed '/ __gnu_lto/d' > conftest.nm
configure:7324: /opt/android-ndk/toolchains/llvm/prebuilt/linux-x86_64/bin/aarch64-linux-android35-clang -o conftest -O2 -I/work/androidsysroot/usr/include -L/work/androidsysroot/usr/lib conftest.c conftstm.o >&5
configure:7327: $? = 0
configure:7366: result: ok
configure:7413: checking for sysroot
configure:7447: result: no
configure:7454: checking for a working dd
configure:7499: result: /usr/bin/dd
configure:7503: checking how to truncate binary pipes
configure:7520: result: /usr/bin/dd bs=4096 count=1
configure:7814: checking for aarch64-linux-android35-mt
configure:7850: result: no
configure:7860: checking for mt
configure:7896: result: no
configure:7916: checking if : is a manifest tool
configure:7923: : '-?'
configure:7932: result: no
configure:8725: checking for dlfcn.h
configure:8725: /opt/android-ndk/toolchains/llvm/prebuilt/linux-x86_64/bin/aarch64-linux-android35-clang -c -O2 -I/work/androidsysroot/usr/include conftest.c >&5
configure:8725: $? = 0
configure:8725: result: yes
configure:9362: checking for objdir
configure:9379: result: .libs
configure:9645: checking if /opt/android-ndk/toolchains/llvm/prebuilt/linux-x86_64/bin/aarch64-linux-android35-clang supports -fno-rtti -fno-exceptions
configure:9664: /opt/android-ndk/toolchains/llvm/prebuilt/linux-x86_64/bin/aarch64-linux-android35-clang -c -O2 -I/work/androidsysroot/usr/include -fno-rtti -fno-exceptions conftest.c >&5
configure:9668: $? = 0
configure:9682: result: yes
configure:10055: checking for /opt/android-ndk/toolchains/llvm/prebuilt/linux-x86_64/bin/aarch64-linux-android35-clang option to produce PIC
configure:10064: result: -fPIC -DPIC
configure:10072: checking if /opt/android-ndk/toolchains/llvm/prebuilt/linux-x86_64/bin/aarch64-linux-android35-clang PIC flag -fPIC -DPIC works
configure:10091: /opt/android-ndk/toolchains/llvm/prebuilt/linux-x86_64/bin/aarch64-linux-android35-clang -c -O2 -I/work/androidsysroot/usr/include -fPIC -DPIC -DPIC conftest.c >&5
configure:10095: $? = 0
configure:10109: result: yes
configure:10138: checking if /opt/android-ndk/toolchains/llvm/prebuilt/linux-x86_64/bin/aarch64-linux-android35-clang static flag -static works
configure:10168: result: yes
configure:10183: checking if /opt/android-ndk/toolchains/llvm/prebuilt/linux-x86_64/bin/aarch64-linux-android35-clang supports -c -o file.o
configure:10205: /opt/android-ndk/toolchains/llvm/prebuilt/linux-x86_64/bin/aarch64-linux-android35-clang -c -O2 -I/work/androidsysroot/usr/include -o out/conftest2.o conftest.c >&5
configure:10209: $? = 0
configure:10232: result: yes
configure:10240: checking if /opt/android-ndk/toolchains/llvm/prebuilt/linux-x86_64/bin/aarch64-linux-android35-clang supports -c -o file.o
configure:10289: result: yes
configure:10322: checking whether the /opt/android-ndk/toolchains/llvm/prebuilt/linux-x86_64/bin/aarch64-linux-android35-clang linker (/opt/android-ndk/toolchains/llvm/prebuilt/linux-x86_64/bin/ld) supports shared libraries
configure:11606: result: yes
configure:11643: checking whether -lc should be explicitly linked in
configure:11652: /opt/android-ndk/toolchains/llvm/prebuilt/linux-x86_64/bin/aarch64-linux-android35-clang -c -O2 -I/work/androidsysroot/usr/include conftest.c >&5
configure:11655: $? = 0
configure:11670: /opt/android-ndk/toolchains/llvm/prebuilt/linux-x86_64/bin/aarch64-linux-android35-clang -shared  -fPIC -DPIC conftest.o  -v -Wl,-soname -Wl,conftest -o conftest 2\>\&1 \| /usr/bin/grep  -lc  \>/dev/null 2\>\&1
configure:11673: $? = 0
configure:11688: result: no
configure:11848: checking dynamic linker characteristics
configure:13232: result: Android linker
configure:13354: checking how to hardcode library paths into programs
configure:13379: result: immediate
configure:13979: checking whether stripping libraries is possible
configure:13988: result: yes
configure:14030: checking if libtool supports shared libraries
configure:14032: result: yes
configure:14035: checking whether to build shared libraries
configure:14060: result: yes
configure:14063: checking whether to build static libraries
configure:14067: result: no
configure:14117: checking for /opt/android-ndk/toolchains/llvm/prebuilt/linux-x86_64/bin/aarch64-linux-android35-clang options needed to detect all undeclared functions
configure:14139: /opt/android-ndk/toolchains/llvm/prebuilt/linux-x86_64/bin/aarch64-linux-android35-clang -c -O2  -I/work/androidsysroot/usr/include conftest.c >&5
conftest.c:45:8: error: call to undeclared library function 'strchr' with type 'char *(const char *, int)'; ISO C99 and later do not support implicit function declarations [-Wimplicit-function-declaration]
   45 | (void) strchr;
      |        ^
conftest.c:45:8: note: include the header <string.h> or explicitly provide a declaration for 'strchr'
1 error generated.
configure:14139: $? = 1
configure: failed program was:
| /* confdefs.h */
| #define PACKAGE_NAME "libXau"
| #define PACKAGE_TARNAME "libXau"
| #define PACKAGE_VERSION "1.0.12"
| #define PACKAGE_STRING "libXau 1.0.12"
| #define PACKAGE_BUGREPORT "https://gitlab.freedesktop.org/xorg/lib/libxau/-/issues"
| #define PACKAGE_URL ""
| #define HAVE_STDIO_H 1
| #define HAVE_STDLIB_H 1
| #define HAVE_STRING_H 1
| #define HAVE_INTTYPES_H 1
| #define HAVE_STDINT_H 1
| #define HAVE_STRINGS_H 1
| #define HAVE_SYS_STAT_H 1
| #define HAVE_SYS_TYPES_H 1
| #define HAVE_UNISTD_H 1
| #define HAVE_WCHAR_H 1
| #define STDC_HEADERS 1
| #define _ALL_SOURCE 1
| #define _DARWIN_C_SOURCE 1
| #define _GNU_SOURCE 1
| #define _HPUX_ALT_XOPEN_SOCKET_API 1
| #define _NETBSD_SOURCE 1
| #define _OPENBSD_SOURCE 1
| #define _POSIX_PTHREAD_SEMANTICS 1
| #define __STDC_WANT_IEC_60559_ATTRIBS_EXT__ 1
| #define __STDC_WANT_IEC_60559_BFP_EXT__ 1
| #define __STDC_WANT_IEC_60559_DFP_EXT__ 1
| #define __STDC_WANT_IEC_60559_EXT__ 1
| #define __STDC_WANT_IEC_60559_FUNCS_EXT__ 1
| #define __STDC_WANT_IEC_60559_TYPES_EXT__ 1
| #define __STDC_WANT_LIB_EXT2__ 1
| #define __STDC_WANT_MATH_SPEC_FUNCS__ 1
| #define _TANDEM_SOURCE 1
| #define __EXTENSIONS__ 1
| #define PACKAGE "libXau"
| #define VERSION "1.0.12"
| #define HAVE_DLFCN_H 1
| #define LT_OBJDIR ".libs/"
| /* end confdefs.h.  */
| 
| int
| main (void)
| {
| (void) strchr;
|   ;
|   return 0;
| }
configure:14166: /opt/android-ndk/toolchains/llvm/prebuilt/linux-x86_64/bin/aarch64-linux-android35-clang -c -O2  -I/work/androidsysroot/usr/include conftest.c >&5
configure:14166: $? = 0
configure:14186: result: none needed
configure:14204: checking whether __clang__ is declared
configure:14204: /opt/android-ndk/toolchains/llvm/prebuilt/linux-x86_64/bin/aarch64-linux-android35-clang -c -O2  -I/work/androidsysroot/usr/include conftest.c >&5
configure:14204: $? = 0
configure:14204: result: yes
configure:14212: checking whether __INTEL_COMPILER is declared
configure:14212: /opt/android-ndk/toolchains/llvm/prebuilt/linux-x86_64/bin/aarch64-linux-android35-clang -c -O2  -I/work/androidsysroot/usr/include conftest.c >&5
conftest.c:76:10: error: use of undeclared identifier '__INTEL_COMPILER'
   76 |   (void) __INTEL_COMPILER;
      |          ^
1 error generated.
configure:14212: $? = 1
configure: failed program was:
| /* confdefs.h */
| #define PACKAGE_NAME "libXau"
| #define PACKAGE_TARNAME "libXau"
| #define PACKAGE_VERSION "1.0.12"
| #define PACKAGE_STRING "libXau 1.0.12"
| #define PACKAGE_BUGREPORT "https://gitlab.freedesktop.org/xorg/lib/libxau/-/issues"
| #define PACKAGE_URL ""
| #define HAVE_STDIO_H 1
| #define HAVE_STDLIB_H 1
| #define HAVE_STRING_H 1
| #define HAVE_INTTYPES_H 1
| #define HAVE_STDINT_H 1
| #define HAVE_STRINGS_H 1
| #define HAVE_SYS_STAT_H 1
| #define HAVE_SYS_TYPES_H 1
| #define HAVE_UNISTD_H 1
| #define HAVE_WCHAR_H 1
| #define STDC_HEADERS 1
| #define _ALL_SOURCE 1
| #define _DARWIN_C_SOURCE 1
| #define _GNU_SOURCE 1
| #define _HPUX_ALT_XOPEN_SOCKET_API 1
| #define _NETBSD_SOURCE 1
| #define _OPENBSD_SOURCE 1
| #define _POSIX_PTHREAD_SEMANTICS 1
| #define __STDC_WANT_IEC_60559_ATTRIBS_EXT__ 1
| #define __STDC_WANT_IEC_60559_BFP_EXT__ 1
| #define __STDC_WANT_IEC_60559_DFP_EXT__ 1
| #define __STDC_WANT_IEC_60559_EXT__ 1
| #define __STDC_WANT_IEC_60559_FUNCS_EXT__ 1
| #define __STDC_WANT_IEC_60559_TYPES_EXT__ 1
| #define __STDC_WANT_LIB_EXT2__ 1
| #define __STDC_WANT_MATH_SPEC_FUNCS__ 1
| #define _TANDEM_SOURCE 1
| #define __EXTENSIONS__ 1
| #define PACKAGE "libXau"
| #define VERSION "1.0.12"
| #define HAVE_DLFCN_H 1
| #define LT_OBJDIR ".libs/"
| /* end confdefs.h.  */
| #include <stddef.h>
| #ifdef HAVE_STDIO_H
| # include <stdio.h>
| #endif
| #ifdef HAVE_STDLIB_H
| # include <stdlib.h>
| #endif
| #ifdef HAVE_STRING_H
| # include <string.h>
| #endif
| #ifdef HAVE_INTTYPES_H
| # include <inttypes.h>
| #endif
| #ifdef HAVE_STDINT_H
| # include <stdint.h>
| #endif
| #ifdef HAVE_STRINGS_H
| # include <strings.h>
| #endif
| #ifdef HAVE_SYS_TYPES_H
| # include <sys/types.h>
| #endif
| #ifdef HAVE_SYS_STAT_H
| # include <sys/stat.h>
| #endif
| #ifdef HAVE_UNISTD_H
| # include <unistd.h>
| #endif
| int
| main (void)
| {
| #ifndef __INTEL_COMPILER
| #ifdef __cplusplus
|   (void) __INTEL_COMPILER;
| #else
|   (void) __INTEL_COMPILER;
| #endif
| #endif
| 
|   ;
|   return 0;
| }
configure:14212: result: no
configure:14220: checking whether __SUNPRO_C is declared
configure:14220: /opt/android-ndk/toolchains/llvm/prebuilt/linux-x86_64/bin/aarch64-linux-android35-clang -c -O2  -I/work/androidsysroot/usr/include conftest.c >&5
conftest.c:76:10: error: use of undeclared identifier '__SUNPRO_C'
   76 |   (void) __SUNPRO_C;
      |          ^
1 error generated.
configure:14220: $? = 1
configure: failed program was:
| /* confdefs.h */
| #define PACKAGE_NAME "libXau"
| #define PACKAGE_TARNAME "libXau"
| #define PACKAGE_VERSION "1.0.12"
| #define PACKAGE_STRING "libXau 1.0.12"
| #define PACKAGE_BUGREPORT "https://gitlab.freedesktop.org/xorg/lib/libxau/-/issues"
| #define PACKAGE_URL ""
| #define HAVE_STDIO_H 1
| #define HAVE_STDLIB_H 1
| #define HAVE_STRING_H 1
| #define HAVE_INTTYPES_H 1
| #define HAVE_STDINT_H 1
| #define HAVE_STRINGS_H 1
| #define HAVE_SYS_STAT_H 1
| #define HAVE_SYS_TYPES_H 1
| #define HAVE_UNISTD_H 1
| #define HAVE_WCHAR_H 1
| #define STDC_HEADERS 1
| #define _ALL_SOURCE 1
| #define _DARWIN_C_SOURCE 1
| #define _GNU_SOURCE 1
| #define _HPUX_ALT_XOPEN_SOCKET_API 1
| #define _NETBSD_SOURCE 1
| #define _OPENBSD_SOURCE 1
| #define _POSIX_PTHREAD_SEMANTICS 1
| #define __STDC_WANT_IEC_60559_ATTRIBS_EXT__ 1
| #define __STDC_WANT_IEC_60559_BFP_EXT__ 1
| #define __STDC_WANT_IEC_60559_DFP_EXT__ 1
| #define __STDC_WANT_IEC_60559_EXT__ 1
| #define __STDC_WANT_IEC_60559_FUNCS_EXT__ 1
| #define __STDC_WANT_IEC_60559_TYPES_EXT__ 1
| #define __STDC_WANT_LIB_EXT2__ 1
| #define __STDC_WANT_MATH_SPEC_FUNCS__ 1
| #define _TANDEM_SOURCE 1
| #define __EXTENSIONS__ 1
| #define PACKAGE "libXau"
| #define VERSION "1.0.12"
| #define HAVE_DLFCN_H 1
| #define LT_OBJDIR ".libs/"
| /* end confdefs.h.  */
| #include <stddef.h>
| #ifdef HAVE_STDIO_H
| # include <stdio.h>
| #endif
| #ifdef HAVE_STDLIB_H
| # include <stdlib.h>
| #endif
| #ifdef HAVE_STRING_H
| # include <string.h>
| #endif
| #ifdef HAVE_INTTYPES_H
| # include <inttypes.h>
| #endif
| #ifdef HAVE_STDINT_H
| # include <stdint.h>
| #endif
| #ifdef HAVE_STRINGS_H
| # include <strings.h>
| #endif
| #ifdef HAVE_SYS_TYPES_H
| # include <sys/types.h>
| #endif
| #ifdef HAVE_SYS_STAT_H
| # include <sys/stat.h>
| #endif
| #ifdef HAVE_UNISTD_H
| # include <unistd.h>
| #endif
| int
| main (void)
| {
| #ifndef __SUNPRO_C
| #ifdef __cplusplus
|   (void) __SUNPRO_C;
| #else
|   (void) __SUNPRO_C;
| #endif
| #endif
| 
|   ;
|   return 0;
| }
configure:14220: result: no
configure:14240: checking for aarch64-linux-android35-pkg-config
configure:14279: result: no
configure:14289: checking for pkg-config
configure:14312: found /usr/bin/pkg-config
configure:14325: result: /usr/bin/pkg-config
configure:14337: WARNING: using cross tools not prefixed with host triplet
configure:14350: checking pkg-config is at least version 0.9.0
configure:14353: result: yes
configure:14404: checking if /opt/android-ndk/toolchains/llvm/prebuilt/linux-x86_64/bin/aarch64-linux-android35-clang supports -Werror=unknown-warning-option
configure:14414: /opt/android-ndk/toolchains/llvm/prebuilt/linux-x86_64/bin/aarch64-linux-android35-clang -c -O2 -Werror=unknown-warning-option -I/work/androidsysroot/usr/include conftest.c >&5
configure:14414: $? = 0
configure:14424: result: yes
configure:14435: checking if /opt/android-ndk/toolchains/llvm/prebuilt/linux-x86_64/bin/aarch64-linux-android35-clang supports -Werror=unused-command-line-argument
configure:14445: /opt/android-ndk/toolchains/llvm/prebuilt/linux-x86_64/bin/aarch64-linux-android35-clang -c -O2 -Werror=unknown-warning-option -Werror=unused-command-line-argument -I/work/androidsysroot/usr/include conftest.c >&5
configure:14445: $? = 0
configure:14455: result: yes
configure:14474: checking if /opt/android-ndk/toolchains/llvm/prebuilt/linux-x86_64/bin/aarch64-linux-android35-clang supports -Wall
configure:14492: /opt/android-ndk/toolchains/llvm/prebuilt/linux-x86_64/bin/aarch64-linux-android35-clang -o conftest -O2 -Werror=unknown-warning-option -Werror=unused-command-line-argument -Wall -I/work/androidsysroot/usr/include -L/work/androidsysroot/usr/lib conftest.c  >&5
configure:14492: $? = 0
configure:14508: result: yes
configure:14604: checking if /opt/android-ndk/toolchains/llvm/prebuilt/linux-x86_64/bin/aarch64-linux-android35-clang supports -Wpointer-arith
configure:14622: /opt/android-ndk/toolchains/llvm/prebuilt/linux-x86_64/bin/aarch64-linux-android35-clang -o conftest -O2 -Werror=unknown-warning-option -Werror=unused-command-line-argument -Wpointer-arith -I/work/androidsysroot/usr/include -L/work/androidsysroot/usr/lib conftest.c  >&5
configure:14622: $? = 0
configure:14638: result: yes
configure:14734: checking if /opt/android-ndk/toolchains/llvm/prebuilt/linux-x86_64/bin/aarch64-linux-android35-clang supports -Wmissing-declarations
configure:14752: /opt/android-ndk/toolchains/llvm/prebuilt/linux-x86_64/bin/aarch64-linux-android35-clang -o conftest -O2 -Werror=unknown-warning-option -Werror=unused-command-line-argument -Wmissing-declarations -I/work/androidsysroot/usr/include -L/work/androidsysroot/usr/lib conftest.c  >&5
configure:14752: $? = 0
configure:14768: result: yes
configure:14864: checking if /opt/android-ndk/toolchains/llvm/prebuilt/linux-x86_64/bin/aarch64-linux-android35-clang supports -Wformat=2
configure:14882: /opt/android-ndk/toolchains/llvm/prebuilt/linux-x86_64/bin/aarch64-linux-android35-clang -o conftest -O2 -Werror=unknown-warning-option -Werror=unused-command-line-argument -Wformat=2 -I/work/androidsysroot/usr/include -L/work/androidsysroot/usr/lib conftest.c  >&5
configure:14882: $? = 0
configure:14898: result: yes
configure:15049: checking if /opt/android-ndk/toolchains/llvm/prebuilt/linux-x86_64/bin/aarch64-linux-android35-clang supports -Wstrict-prototypes
configure:15067: /opt/android-ndk/toolchains/llvm/prebuilt/linux-x86_64/bin/aarch64-linux-android35-clang -o conftest -O2 -Werror=unknown-warning-option -Werror=unused-command-line-argument -Wstrict-prototypes -I/work/androidsysroot/usr/include -L/work/androidsysroot/usr/lib conftest.c  >&5
configure:15067: $? = 0
configure:15083: result: yes
configure:15179: checking if /opt/android-ndk/toolchains/llvm/prebuilt/linux-x86_64/bin/aarch64-linux-android35-clang supports -Wmissing-prototypes
configure:15197: /opt/android-ndk/toolchains/llvm/prebuilt/linux-x86_64/bin/aarch64-linux-android35-clang -o conftest -O2 -Werror=unknown-warning-option -Werror=unused-command-line-argument -Wmissing-prototypes -I/work/androidsysroot/usr/include -L/work/androidsysroot/usr/lib conftest.c  >&5
configure:15197: $? = 0
configure:15213: result: yes
configure:15309: checking if /opt/android-ndk/toolchains/llvm/prebuilt/linux-x86_64/bin/aarch64-linux-android35-clang supports -Wnested-externs
configure:15327: /opt/android-ndk/toolchains/llvm/prebuilt/linux-x86_64/bin/aarch64-linux-android35-clang -o conftest -O2 -Werror=unknown-warning-option -Werror=unused-command-line-argument -Wnested-externs -I/work/androidsysroot/usr/include -L/work/androidsysroot/usr/lib conftest.c  >&5
configure:15327: $? = 0
configure:15343: result: yes
configure:15439: checking if /opt/android-ndk/toolchains/llvm/prebuilt/linux-x86_64/bin/aarch64-linux-android35-clang supports -Wbad-function-cast
configure:15457: /opt/android-ndk/toolchains/llvm/prebuilt/linux-x86_64/bin/aarch64-linux-android35-clang -o conftest -O2 -Werror=unknown-warning-option -Werror=unused-command-line-argument -Wbad-function-cast -I/work/androidsysroot/usr/include -L/work/androidsysroot/usr/lib conftest.c  >&5
configure:15457: $? = 0
configure:15473: result: yes
configure:15569: checking if /opt/android-ndk/toolchains/llvm/prebuilt/linux-x86_64/bin/aarch64-linux-android35-clang supports -Wold-style-definition
configure:15587: /opt/android-ndk/toolchains/llvm/prebuilt/linux-x86_64/bin/aarch64-linux-android35-clang -o conftest -O2 -Werror=unknown-warning-option -Werror=unused-command-line-argument -Wold-style-definition -I/work/androidsysroot/usr/include -L/work/androidsysroot/usr/lib conftest.c  >&5
configure:15587: $? = 0
configure:15603: result: yes
configure:15756: checking if /opt/android-ndk/toolchains/llvm/prebuilt/linux-x86_64/bin/aarch64-linux-android35-clang supports -Wunused
configure:15774: /opt/android-ndk/toolchains/llvm/prebuilt/linux-x86_64/bin/aarch64-linux-android35-clang -o conftest -O2 -Werror=unknown-warning-option -Werror=unused-command-line-argument -Wunused -I/work/androidsysroot/usr/include -L/work/androidsysroot/usr/lib conftest.c  >&5
configure:15774: $? = 0
configure:15790: result: yes
configure:15886: checking if /opt/android-ndk/toolchains/llvm/prebuilt/linux-x86_64/bin/aarch64-linux-android35-clang supports -Wuninitialized
configure:15904: /opt/android-ndk/toolchains/llvm/prebuilt/linux-x86_64/bin/aarch64-linux-android35-clang -o conftest -O2 -Werror=unknown-warning-option -Werror=unused-command-line-argument -Wuninitialized -I/work/androidsysroot/usr/include -L/work/androidsysroot/usr/lib conftest.c  >&5
configure:15904: $? = 0
configure:15920: result: yes
configure:16016: checking if /opt/android-ndk/toolchains/llvm/prebuilt/linux-x86_64/bin/aarch64-linux-android35-clang supports -Wshadow
configure:16034: /opt/android-ndk/toolchains/llvm/prebuilt/linux-x86_64/bin/aarch64-linux-android35-clang -o conftest -O2 -Werror=unknown-warning-option -Werror=unused-command-line-argument -Wshadow -I/work/androidsysroot/usr/include -L/work/androidsysroot/usr/lib conftest.c  >&5
configure:16034: $? = 0
configure:16050: result: yes
configure:16146: checking if /opt/android-ndk/toolchains/llvm/prebuilt/linux-x86_64/bin/aarch64-linux-android35-clang supports -Wmissing-noreturn
configure:16164: /opt/android-ndk/toolchains/llvm/prebuilt/linux-x86_64/bin/aarch64-linux-android35-clang -o conftest -O2 -Werror=unknown-warning-option -Werror=unused-command-line-argument -Wmissing-noreturn -I/work/androidsysroot/usr/include -L/work/androidsysroot/usr/lib conftest.c  >&5
configure:16164: $? = 0
configure:16180: result: yes
configure:16276: checking if /opt/android-ndk/toolchains/llvm/prebuilt/linux-x86_64/bin/aarch64-linux-android35-clang supports -Wmissing-format-attribute
configure:16294: /opt/android-ndk/toolchains/llvm/prebuilt/linux-x86_64/bin/aarch64-linux-android35-clang -o conftest -O2 -Werror=unknown-warning-option -Werror=unused-command-line-argument -Wmissing-format-attribute -I/work/androidsysroot/usr/include -L/work/androidsysroot/usr/lib conftest.c  >&5
configure:16294: $? = 0
configure:16310: result: yes
configure:16406: checking if /opt/android-ndk/toolchains/llvm/prebuilt/linux-x86_64/bin/aarch64-linux-android35-clang supports -Wredundant-decls
configure:16424: /opt/android-ndk/toolchains/llvm/prebuilt/linux-x86_64/bin/aarch64-linux-android35-clang -o conftest -O2 -Werror=unknown-warning-option -Werror=unused-command-line-argument -Wredundant-decls -I/work/androidsysroot/usr/include -L/work/androidsysroot/usr/lib conftest.c  >&5
configure:16424: $? = 0
configure:16440: result: yes
configure:16536: checking if /opt/android-ndk/toolchains/llvm/prebuilt/linux-x86_64/bin/aarch64-linux-android35-clang supports -Wlogical-op
configure:16554: /opt/android-ndk/toolchains/llvm/prebuilt/linux-x86_64/bin/aarch64-linux-android35-clang -o conftest -O2 -Werror=unknown-warning-option -Werror=unused-command-line-argument -Wlogical-op -I/work/androidsysroot/usr/include -L/work/androidsysroot/usr/lib conftest.c  >&5
error: unknown warning option '-Wlogical-op'; did you mean '-Wlong-long'? [-Werror,-Wunknown-warning-option]
configure:16554: $? = 1
configure: failed program was:
| /* confdefs.h */
| #define PACKAGE_NAME "libXau"
| #define PACKAGE_TARNAME "libXau"
| #define PACKAGE_VERSION "1.0.12"
| #define PACKAGE_STRING "libXau 1.0.12"
| #define PACKAGE_BUGREPORT "https://gitlab.freedesktop.org/xorg/lib/libxau/-/issues"
| #define PACKAGE_URL ""
| #define HAVE_STDIO_H 1
| #define HAVE_STDLIB_H 1
| #define HAVE_STRING_H 1
| #define HAVE_INTTYPES_H 1
| #define HAVE_STDINT_H 1
| #define HAVE_STRINGS_H 1
| #define HAVE_SYS_STAT_H 1
| #define HAVE_SYS_TYPES_H 1
| #define HAVE_UNISTD_H 1
| #define HAVE_WCHAR_H 1
| #define STDC_HEADERS 1
| #define _ALL_SOURCE 1
| #define _DARWIN_C_SOURCE 1
| #define _GNU_SOURCE 1
| #define _HPUX_ALT_XOPEN_SOCKET_API 1
| #define _NETBSD_SOURCE 1
| #define _OPENBSD_SOURCE 1
| #define _POSIX_PTHREAD_SEMANTICS 1
| #define __STDC_WANT_IEC_60559_ATTRIBS_EXT__ 1
| #define __STDC_WANT_IEC_60559_BFP_EXT__ 1
| #define __STDC_WANT_IEC_60559_DFP_EXT__ 1
| #define __STDC_WANT_IEC_60559_EXT__ 1
| #define __STDC_WANT_IEC_60559_FUNCS_EXT__ 1
| #define __STDC_WANT_IEC_60559_TYPES_EXT__ 1
| #define __STDC_WANT_LIB_EXT2__ 1
| #define __STDC_WANT_MATH_SPEC_FUNCS__ 1
| #define _TANDEM_SOURCE 1
| #define __EXTENSIONS__ 1
| #define PACKAGE "libXau"
| #define VERSION "1.0.12"
| #define HAVE_DLFCN_H 1
| #define LT_OBJDIR ".libs/"
| /* end confdefs.h.  */
| int i;
| int
| main (void)
| {
| 
|   ;
|   return 0;
| }
configure:16570: result: no
configure:16678: checking if /opt/android-ndk/toolchains/llvm/prebuilt/linux-x86_64/bin/aarch64-linux-android35-clang supports -Werror=implicit
configure:16696: /opt/android-ndk/toolchains/llvm/prebuilt/linux-x86_64/bin/aarch64-linux-android35-clang -o conftest -O2 -Werror=unknown-warning-option -Werror=unused-command-line-argument -Werror=implicit -I/work/androidsysroot/usr/include -L/work/androidsysroot/usr/lib conftest.c  >&5
configure:16696: $? = 0
configure:16712: result: yes
configure:16861: checking if /opt/android-ndk/toolchains/llvm/prebuilt/linux-x86_64/bin/aarch64-linux-android35-clang supports -Werror=nonnull
configure:16879: /opt/android-ndk/toolchains/llvm/prebuilt/linux-x86_64/bin/aarch64-linux-android35-clang -o conftest -O2 -Werror=unknown-warning-option -Werror=unused-command-line-argument -Werror=nonnull -I/work/androidsysroot/usr/include -L/work/androidsysroot/usr/lib conftest.c  >&5
configure:16879: $? = 0
configure:16895: result: yes
configure:16991: checking if /opt/android-ndk/toolchains/llvm/prebuilt/linux-x86_64/bin/aarch64-linux-android35-clang supports -Werror=init-self
configure:17009: /opt/android-ndk/toolchains/llvm/prebuilt/linux-x86_64/bin/aarch64-linux-android35-clang -o conftest -O2 -Werror=unknown-warning-option -Werror=unused-command-line-argument -Werror=init-self -I/work/androidsysroot/usr/include -L/work/androidsysroot/usr/lib conftest.c  >&5
configure:17009: $? = 0
configure:17025: result: yes
configure:17121: checking if /opt/android-ndk/toolchains/llvm/prebuilt/linux-x86_64/bin/aarch64-linux-android35-clang supports -Werror=main
configure:17139: /opt/android-ndk/toolchains/llvm/prebuilt/linux-x86_64/bin/aarch64-linux-android35-clang -o conftest -O2 -Werror=unknown-warning-option -Werror=unused-command-line-argument -Werror=main -I/work/androidsysroot/usr/include -L/work/androidsysroot/usr/lib conftest.c  >&5
configure:17139: $? = 0
configure:17155: result: yes
configure:17251: checking if /opt/android-ndk/toolchains/llvm/prebuilt/linux-x86_64/bin/aarch64-linux-android35-clang supports -Werror=missing-braces
configure:17269: /opt/android-ndk/toolchains/llvm/prebuilt/linux-x86_64/bin/aarch64-linux-android35-clang -o conftest -O2 -Werror=unknown-warning-option -Werror=unused-command-line-argument -Werror=missing-braces -I/work/androidsysroot/usr/include -L/work/androidsysroot/usr/lib conftest.c  >&5
configure:17269: $? = 0
configure:17285: result: yes
configure:17381: checking if /opt/android-ndk/toolchains/llvm/prebuilt/linux-x86_64/bin/aarch64-linux-android35-clang supports -Werror=sequence-point
configure:17399: /opt/android-ndk/toolchains/llvm/prebuilt/linux-x86_64/bin/aarch64-linux-android35-clang -o conftest -O2 -Werror=unknown-warning-option -Werror=unused-command-line-argument -Werror=sequence-point -I/work/androidsysroot/usr/include -L/work/androidsysroot/usr/lib conftest.c  >&5
configure:17399: $? = 0
configure:17415: result: yes
configure:17511: checking if /opt/android-ndk/toolchains/llvm/prebuilt/linux-x86_64/bin/aarch64-linux-android35-clang supports -Werror=return-type
configure:17529: /opt/android-ndk/toolchains/llvm/prebuilt/linux-x86_64/bin/aarch64-linux-android35-clang -o conftest -O2 -Werror=unknown-warning-option -Werror=unused-command-line-argument -Werror=return-type -I/work/androidsysroot/usr/include -L/work/androidsysroot/usr/lib conftest.c  >&5
configure:17529: $? = 0
configure:17545: result: yes
configure:17694: checking if /opt/android-ndk/toolchains/llvm/prebuilt/linux-x86_64/bin/aarch64-linux-android35-clang supports -Werror=trigraphs
configure:17712: /opt/android-ndk/toolchains/llvm/prebuilt/linux-x86_64/bin/aarch64-linux-android35-clang -o conftest -O2 -Werror=unknown-warning-option -Werror=unused-command-line-argument -Werror=trigraphs -I/work/androidsysroot/usr/include -L/work/androidsysroot/usr/lib conftest.c  >&5
configure:17712: $? = 0
configure:17728: result: yes
configure:17824: checking if /opt/android-ndk/toolchains/llvm/prebuilt/linux-x86_64/bin/aarch64-linux-android35-clang supports -Werror=array-bounds
configure:17842: /opt/android-ndk/toolchains/llvm/prebuilt/linux-x86_64/bin/aarch64-linux-android35-clang -o conftest -O2 -Werror=unknown-warning-option -Werror=unused-command-line-argument -Werror=array-bounds -I/work/androidsysroot/usr/include -L/work/androidsysroot/usr/lib conftest.c  >&5
configure:17842: $? = 0
configure:17858: result: yes
configure:17954: checking if /opt/android-ndk/toolchains/llvm/prebuilt/linux-x86_64/bin/aarch64-linux-android35-clang supports -Werror=write-strings
configure:17972: /opt/android-ndk/toolchains/llvm/prebuilt/linux-x86_64/bin/aarch64-linux-android35-clang -o conftest -O2 -Werror=unknown-warning-option -Werror=unused-command-line-argument -Werror=write-strings -I/work/androidsysroot/usr/include -L/work/androidsysroot/usr/lib conftest.c  >&5
configure:17972: $? = 0
configure:17988: result: yes
configure:18084: checking if /opt/android-ndk/toolchains/llvm/prebuilt/linux-x86_64/bin/aarch64-linux-android35-clang supports -Werror=address
configure:18102: /opt/android-ndk/toolchains/llvm/prebuilt/linux-x86_64/bin/aarch64-linux-android35-clang -o conftest -O2 -Werror=unknown-warning-option -Werror=unused-command-line-argument -Werror=address -I/work/androidsysroot/usr/include -L/work/androidsysroot/usr/lib conftest.c  >&5
configure:18102: $? = 0
configure:18118: result: yes
configure:18214: checking if /opt/android-ndk/toolchains/llvm/prebuilt/linux-x86_64/bin/aarch64-linux-android35-clang supports -Werror=int-to-pointer-cast
configure:18232: /opt/android-ndk/toolchains/llvm/prebuilt/linux-x86_64/bin/aarch64-linux-android35-clang -o conftest -O2 -Werror=unknown-warning-option -Werror=unused-command-line-argument -Werror=int-to-pointer-cast -I/work/androidsysroot/usr/include -L/work/androidsysroot/usr/lib conftest.c  >&5
configure:18232: $? = 0
configure:18248: result: yes
configure:18397: checking if /opt/android-ndk/toolchains/llvm/prebuilt/linux-x86_64/bin/aarch64-linux-android35-clang supports -Werror=pointer-to-int-cast
configure:18415: /opt/android-ndk/toolchains/llvm/prebuilt/linux-x86_64/bin/aarch64-linux-android35-clang -o conftest -O2 -Werror=unknown-warning-option -Werror=unused-command-line-argument -Werror=pointer-to-int-cast -I/work/androidsysroot/usr/include -L/work/androidsysroot/usr/lib conftest.c  >&5
configure:18415: $? = 0
configure:18431: result: yes
configure:20255: checking if /opt/android-ndk/toolchains/llvm/prebuilt/linux-x86_64/bin/aarch64-linux-android35-clang supports -pedantic
configure:20273: /opt/android-ndk/toolchains/llvm/prebuilt/linux-x86_64/bin/aarch64-linux-android35-clang -o conftest -O2 -Werror=unknown-warning-option -Werror=unused-command-line-argument -pedantic -I/work/androidsysroot/usr/include -L/work/androidsysroot/usr/lib conftest.c  >&5
configure:20273: $? = 0
configure:20289: result: yes
configure:20385: checking if /opt/android-ndk/toolchains/llvm/prebuilt/linux-x86_64/bin/aarch64-linux-android35-clang supports -Werror
configure:20403: /opt/android-ndk/toolchains/llvm/prebuilt/linux-x86_64/bin/aarch64-linux-android35-clang -o conftest -O2 -Werror=unknown-warning-option -Werror=unused-command-line-argument -Werror -I/work/androidsysroot/usr/include -L/work/androidsysroot/usr/lib conftest.c  >&5
configure:20403: $? = 0
configure:20419: result: yes
configure:20571: checking if /opt/android-ndk/toolchains/llvm/prebuilt/linux-x86_64/bin/aarch64-linux-android35-clang supports -Werror=attributes
configure:20589: /opt/android-ndk/toolchains/llvm/prebuilt/linux-x86_64/bin/aarch64-linux-android35-clang -o conftest -O2 -Werror=unknown-warning-option -Werror=unused-command-line-argument -Werror=attributes -I/work/androidsysroot/usr/include -L/work/androidsysroot/usr/lib conftest.c  >&5
configure:20589: $? = 0
configure:20605: result: yes
configure:20794: checking whether ln -s works
configure:20798: result: yes
configure:20807: checking for explicit_bzero
configure:20807: /opt/android-ndk/toolchains/llvm/prebuilt/linux-x86_64/bin/aarch64-linux-android35-clang -o conftest -O2 -I/work/androidsysroot/usr/include -L/work/androidsysroot/usr/lib conftest.c  >&5
ld.lld: error: undefined symbol: explicit_bzero
>>> referenced by conftest.c
>>>               /tmp/conftest-bc19ed.o:(main)
clang: error: linker command failed with exit code 1 (use -v to see invocation)
configure:20807: $? = 1
configure: failed program was:
| /* confdefs.h */
| #define PACKAGE_NAME "libXau"
| #define PACKAGE_TARNAME "libXau"
| #define PACKAGE_VERSION "1.0.12"
| #define PACKAGE_STRING "libXau 1.0.12"
| #define PACKAGE_BUGREPORT "https://gitlab.freedesktop.org/xorg/lib/libxau/-/issues"
| #define PACKAGE_URL ""
| #define HAVE_STDIO_H 1
| #define HAVE_STDLIB_H 1
| #define HAVE_STRING_H 1
| #define HAVE_INTTYPES_H 1
| #define HAVE_STDINT_H 1
| #define HAVE_STRINGS_H 1
| #define HAVE_SYS_STAT_H 1
| #define HAVE_SYS_TYPES_H 1
| #define HAVE_UNISTD_H 1
| #define HAVE_WCHAR_H 1
| #define STDC_HEADERS 1
| #define _ALL_SOURCE 1
| #define _DARWIN_C_SOURCE 1
| #define _GNU_SOURCE 1
| #define _HPUX_ALT_XOPEN_SOCKET_API 1
| #define _NETBSD_SOURCE 1
| #define _OPENBSD_SOURCE 1
| #define _POSIX_PTHREAD_SEMANTICS 1
| #define __STDC_WANT_IEC_60559_ATTRIBS_EXT__ 1
| #define __STDC_WANT_IEC_60559_BFP_EXT__ 1
| #define __STDC_WANT_IEC_60559_DFP_EXT__ 1
| #define __STDC_WANT_IEC_60559_EXT__ 1
| #define __STDC_WANT_IEC_60559_FUNCS_EXT__ 1
| #define __STDC_WANT_IEC_60559_TYPES_EXT__ 1
| #define __STDC_WANT_LIB_EXT2__ 1
| #define __STDC_WANT_MATH_SPEC_FUNCS__ 1
| #define _TANDEM_SOURCE 1
| #define __EXTENSIONS__ 1
| #define PACKAGE "libXau"
| #define VERSION "1.0.12"
| #define HAVE_DLFCN_H 1
| #define LT_OBJDIR ".libs/"
| #define PACKAGE_VERSION_MAJOR 1
| #define PACKAGE_VERSION_MINOR 0
| #define PACKAGE_VERSION_PATCHLEVEL 12
| /* end confdefs.h.  */
| /* Define explicit_bzero to an innocuous variant, in case <limits.h> declares explicit_bzero.
|    For example, HP-UX 11i <limits.h> declares gettimeofday.  */
| #define explicit_bzero innocuous_explicit_bzero
| 
| /* System header to define __stub macros and hopefully few prototypes,
|    which can conflict with char explicit_bzero (void); below.  */
| 
| #include <limits.h>
| #undef explicit_bzero
| 
| /* Override any GCC internal prototype to avoid an error.
|    Use char because int might match the return type of a GCC
|    builtin and then its argument prototype would still apply.  */
| #ifdef __cplusplus
| extern "C"
| #endif
| char explicit_bzero (void);
| /* The GNU C library defines this for functions which it implements
|     to always fail with ENOSYS.  Some functions are actually named
|     something starting with __ and the normal name is an alias.  */
| #if defined __stub_explicit_bzero || defined __stub___explicit_bzero
| choke me
| #endif
| 
| int
| main (void)
| {
| return explicit_bzero ();
|   ;
|   return 0;
| }
configure:20807: result: no
configure:20813: checking for explicit_memset
configure:20813: /opt/android-ndk/toolchains/llvm/prebuilt/linux-x86_64/bin/aarch64-linux-android35-clang -o conftest -O2 -I/work/androidsysroot/usr/include -L/work/androidsysroot/usr/lib conftest.c  >&5
ld.lld: error: undefined symbol: explicit_memset
>>> referenced by conftest.c
>>>               /tmp/conftest-176ae9.o:(main)
clang: error: linker command failed with exit code 1 (use -v to see invocation)
configure:20813: $? = 1
configure: failed program was:
| /* confdefs.h */
| #define PACKAGE_NAME "libXau"
| #define PACKAGE_TARNAME "libXau"
| #define PACKAGE_VERSION "1.0.12"
| #define PACKAGE_STRING "libXau 1.0.12"
| #define PACKAGE_BUGREPORT "https://gitlab.freedesktop.org/xorg/lib/libxau/-/issues"
| #define PACKAGE_URL ""
| #define HAVE_STDIO_H 1
| #define HAVE_STDLIB_H 1
| #define HAVE_STRING_H 1
| #define HAVE_INTTYPES_H 1
| #define HAVE_STDINT_H 1
| #define HAVE_STRINGS_H 1
| #define HAVE_SYS_STAT_H 1
| #define HAVE_SYS_TYPES_H 1
| #define HAVE_UNISTD_H 1
| #define HAVE_WCHAR_H 1
| #define STDC_HEADERS 1
| #define _ALL_SOURCE 1
| #define _DARWIN_C_SOURCE 1
| #define _GNU_SOURCE 1
| #define _HPUX_ALT_XOPEN_SOCKET_API 1
| #define _NETBSD_SOURCE 1
| #define _OPENBSD_SOURCE 1
| #define _POSIX_PTHREAD_SEMANTICS 1
| #define __STDC_WANT_IEC_60559_ATTRIBS_EXT__ 1
| #define __STDC_WANT_IEC_60559_BFP_EXT__ 1
| #define __STDC_WANT_IEC_60559_DFP_EXT__ 1
| #define __STDC_WANT_IEC_60559_EXT__ 1
| #define __STDC_WANT_IEC_60559_FUNCS_EXT__ 1
| #define __STDC_WANT_IEC_60559_TYPES_EXT__ 1
| #define __STDC_WANT_LIB_EXT2__ 1
| #define __STDC_WANT_MATH_SPEC_FUNCS__ 1
| #define _TANDEM_SOURCE 1
| #define __EXTENSIONS__ 1
| #define PACKAGE "libXau"
| #define VERSION "1.0.12"
| #define HAVE_DLFCN_H 1
| #define LT_OBJDIR ".libs/"
| #define PACKAGE_VERSION_MAJOR 1
| #define PACKAGE_VERSION_MINOR 0
| #define PACKAGE_VERSION_PATCHLEVEL 12
| /* end confdefs.h.  */
| /* Define explicit_memset to an innocuous variant, in case <limits.h> declares explicit_memset.
|    For example, HP-UX 11i <limits.h> declares gettimeofday.  */
| #define explicit_memset innocuous_explicit_memset
| 
| /* System header to define __stub macros and hopefully few prototypes,
|    which can conflict with char explicit_memset (void); below.  */
| 
| #include <limits.h>
| #undef explicit_memset
| 
| /* Override any GCC internal prototype to avoid an error.
|    Use char because int might match the return type of a GCC
|    builtin and then its argument prototype would still apply.  */
| #ifdef __cplusplus
| extern "C"
| #endif
| char explicit_memset (void);
| /* The GNU C library defines this for functions which it implements
|     to always fail with ENOSYS.  Some functions are actually named
|     something starting with __ and the normal name is an alias.  */
| #if defined __stub_explicit_memset || defined __stub___explicit_memset
| choke me
| #endif
| 
| int
| main (void)
| {
| return explicit_memset ();
|   ;
|   return 0;
| }
configure:20813: result: no
configure:20819: checking for pathconf
configure:20819: /opt/android-ndk/toolchains/llvm/prebuilt/linux-x86_64/bin/aarch64-linux-android35-clang -o conftest -O2 -I/work/androidsysroot/usr/include -L/work/androidsysroot/usr/lib conftest.c  >&5
configure:20819: $? = 0
configure:20819: result: yes
configure:20830: checking for XAU
configure:20837: $PKG_CONFIG --exists --print-errors "xproto"
configure:20840: $? = 0
configure:20854: $PKG_CONFIG --exists --print-errors "xproto"
configure:20857: $? = 0
configure:20915: result: yes
configure:20928: checking for /opt/android-ndk/toolchains/llvm/prebuilt/linux-x86_64/bin/aarch64-linux-android35-clang option to enable large file support
configure:20963: /opt/android-ndk/toolchains/llvm/prebuilt/linux-x86_64/bin/aarch64-linux-android35-clang -c -O2 -I/work/androidsysroot/usr/include conftest.c >&5
configure:20963: $? = 0
configure:20969: /opt/android-ndk/toolchains/llvm/prebuilt/linux-x86_64/bin/aarch64-linux-android35-clang -DFTYPE=ino_t -c -O2 -I/work/androidsysroot/usr/include conftest.c >&5
configure:20969: $? = 0
configure:20994: result: none needed
configure:21111: checking for gethostbyname_r in -lc
configure:21140: /opt/android-ndk/toolchains/llvm/prebuilt/linux-x86_64/bin/aarch64-linux-android35-clang -o conftest -O2 -I/work/androidsysroot/usr/include -L/work/androidsysroot/usr/lib conftest.c -lc   >&5
configure:21140: $? = 0
configure:21152: result: yes
configure:21470: checking that generated files are newer than configure
configure:21476: result: done
configure:21525: creating ./config.status

## ---------------------- ##
## Running config.status. ##
## ---------------------- ##

This file was extended by libXau config.status 1.0.12, which was
generated by GNU Autoconf 2.72.  Invocation command line was

  CONFIG_FILES    = 
  CONFIG_HEADERS  = 
  CONFIG_LINKS    = 
  CONFIG_COMMANDS = 
  $ ./config.status 

on 3c622a1b0904

config.status:1159: creating Makefile
config.status:1159: creating man/Makefile
config.status:1159: creating xau.pc
config.status:1159: creating config.h
config.status:1388: executing depfiles commands
config.status:1388: executing libtool commands
configure:23680: WARNING: unrecognized options: --disable-malloc0returnsnull

## ---------------- ##
## Cache variables. ##
## ---------------- ##

ac_cv_build=x86_64-pc-linux-android
ac_cv_c_compiler_gnu=yes
ac_cv_c_undeclared_builtin_options='none needed'
ac_cv_env_CC_set=set
ac_cv_env_CC_value=/opt/android-ndk/toolchains/llvm/prebuilt/linux-x86_64/bin/aarch64-linux-android35-clang
ac_cv_env_CFLAGS_set=set
ac_cv_env_CFLAGS_value=-O2
ac_cv_env_CPPFLAGS_set=set
ac_cv_env_CPPFLAGS_value=-I/work/androidsysroot/usr/include
ac_cv_env_LDFLAGS_set=set
ac_cv_env_LDFLAGS_value=-L/work/androidsysroot/usr/lib
ac_cv_env_LIBS_set=
ac_cv_env_LIBS_value=
ac_cv_env_LINT_FLAGS_set=
ac_cv_env_LINT_FLAGS_value=
ac_cv_env_LINT_set=
ac_cv_env_LINT_value=
ac_cv_env_LT_SYS_LIBRARY_PATH_set=
ac_cv_env_LT_SYS_LIBRARY_PATH_value=
ac_cv_env_PKG_CONFIG_LIBDIR_set=set
ac_cv_env_PKG_CONFIG_LIBDIR_value=/work/androidsysroot/usr/lib/pkgconfig:/work/androidsysroot/usr/share/pkgconfig
ac_cv_env_PKG_CONFIG_PATH_set=
ac_cv_env_PKG_CONFIG_PATH_value=
ac_cv_env_PKG_CONFIG_set=
ac_cv_env_PKG_CONFIG_value=
ac_cv_env_XAU_CFLAGS_set=
ac_cv_env_XAU_CFLAGS_value=
ac_cv_env_XAU_LIBS_set=
ac_cv_env_XAU_LIBS_value=
ac_cv_env_build_alias_set=
ac_cv_env_build_alias_value=
ac_cv_env_host_alias_set=set
ac_cv_env_host_alias_value=aarch64-linux-android35
ac_cv_env_target_alias_set=
ac_cv_env_target_alias_value=
ac_cv_func_explicit_bzero=no
ac_cv_func_explicit_memset=no
ac_cv_func_pathconf=yes
ac_cv_have_decl___INTEL_COMPILER=no
ac_cv_have_decl___SUNPRO_C=no
ac_cv_have_decl___clang__=yes
ac_cv_header_dlfcn_h=yes
ac_cv_header_inttypes_h=yes
ac_cv_header_minix_config_h=no
ac_cv_header_stdint_h=yes
ac_cv_header_stdio_h=yes
ac_cv_header_stdlib_h=yes
ac_cv_header_string_h=yes
ac_cv_header_strings_h=yes
ac_cv_header_sys_stat_h=yes
ac_cv_header_sys_types_h=yes
ac_cv_header_unistd_h=yes
ac_cv_header_wchar_h=yes
ac_cv_host=aarch64-unknown-linux-android35
ac_cv_lib_c_gethostbyname_r=yes
ac_cv_objext=o
ac_cv_path_EGREP='/usr/bin/grep -E'
ac_cv_path_EGREP_TRADITIONAL='/usr/bin/grep -E'
ac_cv_path_FGREP='/usr/bin/grep -F'
ac_cv_path_GREP=/usr/bin/grep
ac_cv_path_SED=/usr/bin/sed
ac_cv_path_ac_pt_PKG_CONFIG=/usr/bin/pkg-config
ac_cv_path_install='/usr/bin/install -c'
ac_cv_path_lt_DD=/usr/bin/dd
ac_cv_path_mkdir=/usr/bin/mkdir
ac_cv_prog_AR=/opt/android-ndk/toolchains/llvm/prebuilt/linux-x86_64/bin/llvm-ar
ac_cv_prog_AWK=mawk
ac_cv_prog_CC=/opt/android-ndk/toolchains/llvm/prebuilt/linux-x86_64/bin/aarch64-linux-android35-clang
ac_cv_prog_FILECMD=file
ac_cv_prog_OBJDUMP=/opt/android-ndk/toolchains/llvm/prebuilt/linux-x86_64/bin/llvm-objdump
ac_cv_prog_RANLIB=/opt/android-ndk/toolchains/llvm/prebuilt/linux-x86_64/bin/llvm-ranlib
ac_cv_prog_STRIP=/opt/android-ndk/toolchains/llvm/prebuilt/linux-x86_64/bin/llvm-strip
ac_cv_prog_cc_c11=
ac_cv_prog_cc_g=yes
ac_cv_prog_cc_stdc=
ac_cv_prog_make_make_set=yes
ac_cv_safe_to_define___extensions__=yes
ac_cv_should_define__xopen_source=no
ac_cv_sys_largefile_opts='none needed'
am_cv_CC_dependencies_compiler_type=none
am_cv_filesystem_timestamp_resolution=0.01
am_cv_make_support_nested_variables=yes
am_cv_prog_cc_c_o=yes
am_cv_sleep_fractional_seconds=yes
am_cv_xargs_n_works=yes
lt_cv_ar_at_file=@
lt_cv_archive_cmds_need_lc=no
lt_cv_deplibs_check_method=pass_all
lt_cv_file_magic_cmd='$MAGIC_CMD'
lt_cv_file_magic_test_file=
lt_cv_ld_reload_flag=-r
lt_cv_nm_interface='BSD nm'
lt_cv_objdir=.libs
lt_cv_path_LD=/opt/android-ndk/toolchains/llvm/prebuilt/linux-x86_64/bin/ld
lt_cv_path_NM=/opt/android-ndk/toolchains/llvm/prebuilt/linux-x86_64/bin/llvm-nm
lt_cv_path_manifest_tool=no
lt_cv_prog_compiler_c_o=yes
lt_cv_prog_compiler_pic='-fPIC -DPIC'
lt_cv_prog_compiler_pic_works=yes
lt_cv_prog_compiler_rtti_exceptions=yes
lt_cv_prog_compiler_static_works=yes
lt_cv_prog_gnu_ld=yes
lt_cv_sharedlib_from_linklib_cmd='printf %s\n'
lt_cv_sys_global_symbol_pipe='/usr/bin/sed -n -e '\''s/^.*[	 ]\([ABCDGIRSTW][ABCDGIRSTW]*\)[	 ][	 ]*\([_A-Za-z][_A-Za-z0-9]*\)$/\1 \2 \2/p'\'' | /usr/bin/sed '\''/ __gnu_lto/d'\'''
lt_cv_sys_global_symbol_to_c_name_address='/usr/bin/sed -n -e '\''s/^: \(.*\) .*$/  {"\1", (void *) 0},/p'\'' -e '\''s/^[ABCDGIRSTW][ABCDGIRSTW]* .* \(.*\)$/  {"\1", (void *) \&\1},/p'\'''
lt_cv_sys_global_symbol_to_c_name_address_lib_prefix='/usr/bin/sed -n -e '\''s/^: \(.*\) .*$/  {"\1", (void *) 0},/p'\'' -e '\''s/^[ABCDGIRSTW][ABCDGIRSTW]* .* \(lib.*\)$/  {"\1", (void *) \&\1},/p'\'' -e '\''s/^[ABCDGIRSTW][ABCDGIRSTW]* .* \(.*\)$/  {"lib\1", (void *) \&\1},/p'\'''
lt_cv_sys_global_symbol_to_cdecl='/usr/bin/sed -n -e '\''s/^T .* \(.*\)$/extern int \1();/p'\'' -e '\''s/^[ABCDGIRSTW][ABCDGIRSTW]* .* \(.*\)$/extern char \1;/p'\'''
lt_cv_sys_global_symbol_to_import=
lt_cv_sys_max_cmd_len=1572864
lt_cv_to_host_file_cmd=func_convert_file_noop
lt_cv_to_tool_file_cmd=func_convert_file_noop
lt_cv_truncate_bin='/usr/bin/dd bs=4096 count=1'
pkg_cv_XAU_CFLAGS='-I/work/androidsysroot/usr/include '
pkg_cv_XAU_LIBS=
xorg_cv_cc_flag__Wall=yes
xorg_cv_cc_flag__Wbad_function_cast=yes
xorg_cv_cc_flag__Werror=yes
xorg_cv_cc_flag__Werror_address=yes
xorg_cv_cc_flag__Werror_array_bounds=yes
xorg_cv_cc_flag__Werror_attributes=yes
xorg_cv_cc_flag__Werror_implicit=yes
xorg_cv_cc_flag__Werror_init_self=yes
xorg_cv_cc_flag__Werror_int_to_pointer_cast=yes
xorg_cv_cc_flag__Werror_main=yes
xorg_cv_cc_flag__Werror_missing_braces=yes
xorg_cv_cc_flag__Werror_nonnull=yes
xorg_cv_cc_flag__Werror_pointer_to_int_cast=yes
xorg_cv_cc_flag__Werror_return_type=yes
xorg_cv_cc_flag__Werror_sequence_point=yes
xorg_cv_cc_flag__Werror_trigraphs=yes
xorg_cv_cc_flag__Werror_write_strings=yes
xorg_cv_cc_flag__Wformat_2=yes
xorg_cv_cc_flag__Wlogical_op=no
xorg_cv_cc_flag__Wmissing_declarations=yes
xorg_cv_cc_flag__Wmissing_format_attribute=yes
xorg_cv_cc_flag__Wmissing_noreturn=yes
xorg_cv_cc_flag__Wmissing_prototypes=yes
xorg_cv_cc_flag__Wnested_externs=yes
xorg_cv_cc_flag__Wold_style_definition=yes
xorg_cv_cc_flag__Wpointer_arith=yes
xorg_cv_cc_flag__Wredundant_decls=yes
xorg_cv_cc_flag__Wshadow=yes
xorg_cv_cc_flag__Wstrict_prototypes=yes
xorg_cv_cc_flag__Wuninitialized=yes
xorg_cv_cc_flag__Wunused=yes
xorg_cv_cc_flag__pedantic=yes
xorg_cv_cc_flag_unknown_warning_option=yes
xorg_cv_cc_flag_unused_command_line_argument=yes

## ----------------- ##
## Output variables. ##
## ----------------- ##

ACLOCAL='${SHELL} '\''/work/x11-build/libXau-1.0.12/missing'\'' aclocal-1.17'
ADMIN_MAN_DIR='$(mandir)/man$(ADMIN_MAN_SUFFIX)'
ADMIN_MAN_SUFFIX='8'
AMDEPBACKSLASH=''
AMDEP_FALSE=''
AMDEP_TRUE='#'
AMTAR='$${TAR-tar}'
AM_BACKSLASH='\'
AM_DEFAULT_V='$(AM_DEFAULT_VERBOSITY)'
AM_DEFAULT_VERBOSITY='0'
AM_V='$(V)'
APP_MAN_DIR='$(mandir)/man$(APP_MAN_SUFFIX)'
APP_MAN_SUFFIX='1'
AR='/opt/android-ndk/toolchains/llvm/prebuilt/linux-x86_64/bin/llvm-ar'
AS='as'
AUTOCONF='${SHELL} '\''/work/x11-build/libXau-1.0.12/missing'\'' autoconf'
AUTOHEADER='${SHELL} '\''/work/x11-build/libXau-1.0.12/missing'\'' autoheader'
AUTOMAKE='${SHELL} '\''/work/x11-build/libXau-1.0.12/missing'\'' automake-1.17'
AWK='mawk'
BASE_CFLAGS=' -Wall -Wpointer-arith -Wmissing-declarations -Wformat=2 -Wstrict-prototypes -Wmissing-prototypes -Wnested-externs -Wbad-function-cast -Wold-style-definition -Wunused -Wuninitialized -Wshadow -Wmissing-noreturn -Wmissing-format-attribute -Wredundant-decls -Werror=implicit -Werror=nonnull -Werror=init-self -Werror=main -Werror=missing-braces -Werror=sequence-point -Werror=return-type -Werror=trigraphs -Werror=array-bounds -Werror=write-strings -Werror=address -Werror=int-to-pointer-cast -Werror=pointer-to-int-cast'
CC='/opt/android-ndk/toolchains/llvm/prebuilt/linux-x86_64/bin/aarch64-linux-android35-clang'
CCDEPMODE='depmode=none'
CFLAGS='-O2'
CHANGELOG_CMD='((GIT_DIR=$(top_srcdir)/.git git log > $(top_srcdir)/.changelog.tmp) 2>/dev/null && mv $(top_srcdir)/.changelog.tmp $(top_srcdir)/ChangeLog) || (rm -f $(top_srcdir)/.changelog.tmp; test -e $(top_srcdir)/ChangeLog || ( touch $(top_srcdir)/ChangeLog; echo '\''git failed to create ChangeLog: installing empty ChangeLog.'\'' >&2))'
CPPFLAGS='-I/work/androidsysroot/usr/include'
CSCOPE='cscope'
CTAGS='ctags'
CWARNFLAGS=' -Wall -Wpointer-arith -Wmissing-declarations -Wformat=2 -Wstrict-prototypes -Wmissing-prototypes -Wnested-externs -Wbad-function-cast -Wold-style-definition -Wunused -Wuninitialized -Wshadow -Wmissing-noreturn -Wmissing-format-attribute -Wredundant-decls -Werror=implicit -Werror=nonnull -Werror=init-self -Werror=main -Werror=missing-braces -Werror=sequence-point -Werror=return-type -Werror=trigraphs -Werror=array-bounds -Werror=write-strings -Werror=address -Werror=int-to-pointer-cast -Werror=pointer-to-int-cast -fno-strict-aliasing'
CYGPATH_W='echo'
DEFS='-DHAVE_CONFIG_H'
DEPDIR='.deps'
DLLTOOL='false'
DRIVER_MAN_DIR='$(mandir)/man$(DRIVER_MAN_SUFFIX)'
DRIVER_MAN_SUFFIX='4'
DSYMUTIL=''
DUMPBIN=''
ECHO_C=''
ECHO_N='-n'
ECHO_T=''
EGREP='/usr/bin/grep -E'
ETAGS='etags'
EXEEXT=''
FGREP='/usr/bin/grep -F'
FILECMD='file'
FILE_MAN_DIR='$(mandir)/man$(FILE_MAN_SUFFIX)'
FILE_MAN_SUFFIX='5'
GREP='/usr/bin/grep'
INSTALL_CMD='(cp -f /work/androidsysroot/usr/share/util-macros/INSTALL $(top_srcdir)/.INSTALL.tmp && mv $(top_srcdir)/.INSTALL.tmp $(top_srcdir)/INSTALL) || (rm -f $(top_srcdir)/.INSTALL.tmp; test -e $(top_srcdir)/INSTALL || ( touch $(top_srcdir)/INSTALL; echo '\''failed to copy INSTALL from util-macros: installing empty INSTALL.'\'' >&2))'
INSTALL_DATA='${INSTALL} -m 644'
INSTALL_PROGRAM='${INSTALL}'
INSTALL_SCRIPT='${INSTALL}'
INSTALL_STRIP_PROGRAM='$(install_sh) -c -s'
LD='/opt/android-ndk/toolchains/llvm/prebuilt/linux-x86_64/bin/ld'
LDFLAGS='-L/work/androidsysroot/usr/lib'
LIBOBJS=''
LIBS=''
LIBTOOL='$(SHELL) $(top_builddir)/libtool'
LIB_MAN_DIR='$(mandir)/man$(LIB_MAN_SUFFIX)'
LIB_MAN_SUFFIX='3'
LINT=''
LINTLIB=''
LINT_FALSE=''
LINT_FLAGS='-badflag -I/work/androidsysroot/usr/include  '
LINT_TRUE='#'
LIPO=''
LN_S='ln -s'
LTLIBOBJS=''
LT_SYS_LIBRARY_PATH=''
MAKEINFO='${SHELL} '\''/work/x11-build/libXau-1.0.12/missing'\'' makeinfo'
MAKE_LINT_LIB_FALSE=''
MAKE_LINT_LIB_TRUE='#'
MANIFEST_TOOL=':'
MAN_SUBSTS='	-e '\''s|__vendorversion__|"$(PACKAGE_STRING)" "$(XORG_MAN_PAGE)"|'\'' 	-e '\''s|__xorgversion__|"$(PACKAGE_STRING)" "$(XORG_MAN_PAGE)"|'\'' 	-e '\''s|__xservername__|Xorg|g'\'' 	-e '\''s|__xconfigfile__|xorg.conf|g'\'' 	-e '\''s|__projectroot__|$(prefix)|g'\'' 	-e '\''s|__apploaddir__|$(appdefaultdir)|g'\'' 	-e '\''s|__appmansuffix__|$(APP_MAN_SUFFIX)|g'\'' 	-e '\''s|__drivermansuffix__|$(DRIVER_MAN_SUFFIX)|g'\'' 	-e '\''s|__adminmansuffix__|$(ADMIN_MAN_SUFFIX)|g'\'' 	-e '\''s|__libmansuffix__|$(LIB_MAN_SUFFIX)|g'\'' 	-e '\''s|__miscmansuffix__|$(MISC_MAN_SUFFIX)|g'\'' 	-e '\''s|__filemansuffix__|$(FILE_MAN_SUFFIX)|g'\'''
MISC_MAN_DIR='$(mandir)/man$(MISC_MAN_SUFFIX)'
MISC_MAN_SUFFIX='7'
MKDIR_P='/usr/bin/mkdir -p'
NM='/opt/android-ndk/toolchains/llvm/prebuilt/linux-x86_64/bin/llvm-nm'
NMEDIT=''
OBJDUMP='/opt/android-ndk/toolchains/llvm/prebuilt/linux-x86_64/bin/llvm-objdump'
OBJEXT='o'
OTOOL64=''
OTOOL=''
PACKAGE='libXau'
PACKAGE_BUGREPORT='https://gitlab.freedesktop.org/xorg/lib/libxau/-/issues'
PACKAGE_NAME='libXau'
PACKAGE_STRING='libXau 1.0.12'
PACKAGE_TARNAME='libXau'
PACKAGE_URL=''
PACKAGE_VERSION='1.0.12'
PATH_SEPARATOR=':'
PKG_CONFIG='/usr/bin/pkg-config'
PKG_CONFIG_LIBDIR='/work/androidsysroot/usr/lib/pkgconfig:/work/androidsysroot/usr/share/pkgconfig'
PKG_CONFIG_PATH=''
RANLIB='/opt/android-ndk/toolchains/llvm/prebuilt/linux-x86_64/bin/llvm-ranlib'
SED='/usr/bin/sed'
SET_MAKE=''
SHELL='/bin/bash'
STRICT_CFLAGS=' -pedantic -Werror -Werror=attributes'
STRIP='/opt/android-ndk/toolchains/llvm/prebuilt/linux-x86_64/bin/llvm-strip'
VERSION='1.0.12'
XAU_CFLAGS='-I/work/androidsysroot/usr/include  '
XAU_LIBS=''
XORG_MAN_PAGE='X Version 11'
ac_ct_AR=''
ac_ct_CC=''
ac_ct_DUMPBIN=''
am__EXEEXT_FALSE=''
am__EXEEXT_TRUE='#'
am__fastdepCC_FALSE=''
am__fastdepCC_TRUE='#'
am__include='include'
am__isrc=''
am__leading_dot='.'
am__nodep=''
am__quote=''
am__rm_f_notfound=''
am__tar='$${TAR-tar} chof - "$$tardir"'
am__untar='$${TAR-tar} xf -'
am__xargs_n='xargs -n'
bindir='${exec_prefix}/bin'
build='x86_64-pc-linux-android'
build_alias=''
build_cpu='x86_64'
build_os='linux-android'
build_vendor='pc'
datadir='${datarootdir}'
datarootdir='${prefix}/share'
docdir='${datarootdir}/doc/${PACKAGE_TARNAME}'
dvidir='${docdir}'
exec_prefix='${prefix}'
host='aarch64-unknown-linux-android35'
host_alias='aarch64-linux-android35'
host_cpu='aarch64'
host_os='linux-android35'
host_vendor='unknown'
htmldir='${docdir}'
includedir='${prefix}/include'
infodir='${datarootdir}/info'
install_sh='${SHELL} /work/x11-build/libXau-1.0.12/install-sh'
libdir='${exec_prefix}/lib'
libexecdir='${exec_prefix}/libexec'
localedir='${datarootdir}/locale'
localstatedir='${prefix}/var'
mandir='${datarootdir}/man'
mkdir_p='$(MKDIR_P)'
oldincludedir='/usr/include'
pdfdir='${docdir}'
prefix='/usr'
program_transform_name='s,x,x,'
psdir='${docdir}'
runstatedir='${localstatedir}/run'
sbindir='${exec_prefix}/sbin'
sharedstatedir='${prefix}/com'
sysconfdir='${prefix}/etc'
target_alias=''

## ----------- ##
## confdefs.h. ##
## ----------- ##

/* confdefs.h */
#define PACKAGE_NAME "libXau"
#define PACKAGE_TARNAME "libXau"
#define PACKAGE_VERSION "1.0.12"
#define PACKAGE_STRING "libXau 1.0.12"
#define PACKAGE_BUGREPORT "https://gitlab.freedesktop.org/xorg/lib/libxau/-/issues"
#define PACKAGE_URL ""
#define HAVE_STDIO_H 1
#define HAVE_STDLIB_H 1
#define HAVE_STRING_H 1
#define HAVE_INTTYPES_H 1
#define HAVE_STDINT_H 1
#define HAVE_STRINGS_H 1
#define HAVE_SYS_STAT_H 1
#define HAVE_SYS_TYPES_H 1
#define HAVE_UNISTD_H 1
#define HAVE_WCHAR_H 1
#define STDC_HEADERS 1
#define _ALL_SOURCE 1
#define _DARWIN_C_SOURCE 1
#define _GNU_SOURCE 1
#define _HPUX_ALT_XOPEN_SOCKET_API 1
#define _NETBSD_SOURCE 1
#define _OPENBSD_SOURCE 1
#define _POSIX_PTHREAD_SEMANTICS 1
#define __STDC_WANT_IEC_60559_ATTRIBS_EXT__ 1
#define __STDC_WANT_IEC_60559_BFP_EXT__ 1
#define __STDC_WANT_IEC_60559_DFP_EXT__ 1
#define __STDC_WANT_IEC_60559_EXT__ 1
#define __STDC_WANT_IEC_60559_FUNCS_EXT__ 1
#define __STDC_WANT_IEC_60559_TYPES_EXT__ 1
#define __STDC_WANT_LIB_EXT2__ 1
#define __STDC_WANT_MATH_SPEC_FUNCS__ 1
#define _TANDEM_SOURCE 1
#define __EXTENSIONS__ 1
#define PACKAGE "libXau"
#define VERSION "1.0.12"
#define HAVE_DLFCN_H 1
#define LT_OBJDIR ".libs/"
#define PACKAGE_VERSION_MAJOR 1
#define PACKAGE_VERSION_MINOR 0
#define PACKAGE_VERSION_PATCHLEVEL 12
#define HAVE_PATHCONF 1
#define XTHREADS 1
#define XUSE_MTSAFE_API 1

configure: exit 0
