This file contains any messages produced by compilers while
running configure, to aid debugging if configure makes a mistake.

It was created by util-macros configure 1.20.2, which was
generated by GNU Autoconf 2.71.  Invocation command line was

  $ ./configure --host=aarch64-linux-android35 --prefix=/usr --disable-static --enable-shared --disable-malloc0returnsnull --disable-dependency-tracking

## --------- ##
## Platform. ##
## --------- ##

hostname = 3c622a1b0904
uname -m = x86_64
uname -r = 6.6.87.2-microsoft-standard-WSL2
uname -s = Linux
uname -v = #1 SMP PREEMPT_DYNAMIC Thu Jun  5 18:30:46 UTC 2025

/usr/bin/uname -p = x86_64
/bin/uname -X     = unknown

/bin/arch              = x86_64
/usr/bin/arch -k       = unknown
/usr/convex/getsysinfo = unknown
/usr/bin/hostinfo      = unknown
/bin/machine           = unknown
/usr/bin/oslevel       = unknown
/bin/universe          = unknown

PATH: /opt/llvm-mingw/bin/
PATH: /usr/local/sbin/
PATH: /usr/local/bin/
PATH: /usr/sbin/
PATH: /usr/bin/
PATH: /sbin/
PATH: /bin/


## ----------- ##
## Core tests. ##
## ----------- ##

configure:1709: looking for aux files: missing install-sh
configure:1722:  trying ./
configure:1751:   ./missing found
configure:1733:   ./install-sh found
configure:1881: checking for a BSD-compatible install
configure:1954: result: /usr/bin/install -c
configure:1965: checking whether build environment is sane
configure:2020: result: yes
configure:2076: checking for aarch64-linux-android35-strip
configure:2108: result: /opt/android-ndk/toolchains/llvm/prebuilt/linux-x86_64/bin/llvm-strip
configure:2179: checking for a race-free mkdir -p
configure:2223: result: /usr/bin/mkdir -p
configure:2230: checking for gawk
configure:2265: result: no
configure:2230: checking for mawk
configure:2251: found /usr/bin/mawk
configure:2262: result: mawk
configure:2273: checking whether make sets $(MAKE)
configure:2296: result: yes
configure:2326: checking whether make supports nested variables
configure:2344: result: yes
configure:2659: checking that generated files are newer than configure
configure:2665: result: done
configure:2673: creating ./config.status

## ---------------------- ##
## Running config.status. ##
## ---------------------- ##

This file was extended by util-macros config.status 1.20.2, which was
generated by GNU Autoconf 2.71.  Invocation command line was

  CONFIG_FILES    = 
  CONFIG_HEADERS  = 
  CONFIG_LINKS    = 
  CONFIG_COMMANDS = 
  $ ./config.status 

on 3c622a1b0904

config.status:742: creating xorg-macros.pc
config.status:742: creating Makefile
config.status:742: creating xorg-macros.m4
configure:3685: WARNING: unrecognized options: --disable-static, --enable-shared, --disable-malloc0returnsnull, --disable-dependency-tracking

## ---------------- ##
## Cache variables. ##
## ---------------- ##

ac_cv_env_build_alias_set=
ac_cv_env_build_alias_value=
ac_cv_env_host_alias_set=set
ac_cv_env_host_alias_value=aarch64-linux-android35
ac_cv_env_target_alias_set=
ac_cv_env_target_alias_value=
ac_cv_path_install='/usr/bin/install -c'
ac_cv_path_mkdir=/usr/bin/mkdir
ac_cv_prog_AWK=mawk
ac_cv_prog_STRIP=/opt/android-ndk/toolchains/llvm/prebuilt/linux-x86_64/bin/llvm-strip
ac_cv_prog_make_make_set=yes
am_cv_make_support_nested_variables=yes

## ----------------- ##
## Output variables. ##
## ----------------- ##

ACLOCAL='${SHELL} '\''/work/x11-build/util-macros-1.20.2/missing'\'' aclocal-1.16'
AMTAR='$${TAR-tar}'
AM_BACKSLASH='\'
AM_DEFAULT_V='$(AM_DEFAULT_VERBOSITY)'
AM_DEFAULT_VERBOSITY='1'
AM_V='$(V)'
AUTOCONF='${SHELL} '\''/work/x11-build/util-macros-1.20.2/missing'\'' autoconf'
AUTOHEADER='${SHELL} '\''/work/x11-build/util-macros-1.20.2/missing'\'' autoheader'
AUTOMAKE='${SHELL} '\''/work/x11-build/util-macros-1.20.2/missing'\'' automake-1.16'
AWK='mawk'
CHANGELOG_CMD='((GIT_DIR=$(top_srcdir)/.git git log > $(top_srcdir)/.changelog.tmp) 2>/dev/null && mv $(top_srcdir)/.changelog.tmp $(top_srcdir)/ChangeLog) || (rm -f $(top_srcdir)/.changelog.tmp; test -e $(top_srcdir)/ChangeLog || ( touch $(top_srcdir)/ChangeLog; echo '\''git failed to create ChangeLog: installing empty ChangeLog.'\'' >&2))'
CYGPATH_W='echo'
DEFS='-DPACKAGE_NAME=\"util-macros\" -DPACKAGE_TARNAME=\"util-macros\" -DPACKAGE_VERSION=\"1.20.2\" -DPACKAGE_STRING=\"util-macros\ 1.20.2\" -DPACKAGE_BUGREPORT=\"https://gitlab.freedesktop.org/xorg/util/macros/-/issues\" -DPACKAGE_URL=\"\" -DPACKAGE=\"util-macros\" -DVERSION=\"1.20.2\" -DPACKAGE_VERSION_MAJOR=1 -DPACKAGE_VERSION_MINOR=20 -DPACKAGE_VERSION_PATCHLEVEL=2'
ECHO_C=''
ECHO_N='-n'
ECHO_T=''
INSTALL_DATA='${INSTALL} -m 644'
INSTALL_PROGRAM='${INSTALL}'
INSTALL_SCRIPT='${INSTALL}'
INSTALL_STRIP_PROGRAM='$(install_sh) -c -s'
LIBOBJS=''
LIBS=''
LTLIBOBJS=''
MAKEINFO='${SHELL} '\''/work/x11-build/util-macros-1.20.2/missing'\'' makeinfo'
MKDIR_P='/usr/bin/mkdir -p'
PACKAGE='util-macros'
PACKAGE_BUGREPORT='https://gitlab.freedesktop.org/xorg/util/macros/-/issues'
PACKAGE_NAME='util-macros'
PACKAGE_STRING='util-macros 1.20.2'
PACKAGE_TARNAME='util-macros'
PACKAGE_URL=''
PACKAGE_VERSION='1.20.2'
PATH_SEPARATOR=':'
SET_MAKE=''
SHELL='/bin/bash'
STRIP='/opt/android-ndk/toolchains/llvm/prebuilt/linux-x86_64/bin/llvm-strip'
VERSION='1.20.2'
am__isrc=''
am__leading_dot='.'
am__tar='$${TAR-tar} chof - "$$tardir"'
am__untar='$${TAR-tar} xf -'
bindir='${exec_prefix}/bin'
build_alias=''
datadir='${datarootdir}'
datarootdir='${prefix}/share'
docdir='${datarootdir}/doc/${PACKAGE_TARNAME}'
dvidir='${docdir}'
exec_prefix='${prefix}'
host_alias='aarch64-linux-android35'
htmldir='${docdir}'
includedir='${prefix}/include'
infodir='${datarootdir}/info'
install_sh='${SHELL} /work/x11-build/util-macros-1.20.2/install-sh'
libdir='${exec_prefix}/lib'
libexecdir='${exec_prefix}/libexec'
localedir='${datarootdir}/locale'
localstatedir='${prefix}/var'
mandir='${datarootdir}/man'
mkdir_p='$(MKDIR_P)'
oldincludedir='/usr/include'
pdfdir='${docdir}'
prefix='/usr'
program_transform_name='s,x,x,'
psdir='${docdir}'
runstatedir='${localstatedir}/run'
sbindir='${exec_prefix}/sbin'
sharedstatedir='${prefix}/com'
sysconfdir='${prefix}/etc'
target_alias=''

## ----------- ##
## confdefs.h. ##
## ----------- ##

/* confdefs.h */
#define PACKAGE_NAME "util-macros"
#define PACKAGE_TARNAME "util-macros"
#define PACKAGE_VERSION "1.20.2"
#define PACKAGE_STRING "util-macros 1.20.2"
#define PACKAGE_BUGREPORT "https://gitlab.freedesktop.org/xorg/util/macros/-/issues"
#define PACKAGE_URL ""
#define PACKAGE "util-macros"
#define VERSION "1.20.2"
#define PACKAGE_VERSION_MAJOR 1
#define PACKAGE_VERSION_MINOR 20
#define PACKAGE_VERSION_PATCHLEVEL 2

configure: exit 0
